Job chunking 749062 en nodei-4 · 2026-09-30 18:55:36
== 0/2 verificando data/md
documentos md: 476
== 1/2 chunking de todos los md
acto_legislativo_1_2003         18 artículos      23 chunks    0 forzados    0 sin fin de oración
acto_legislativo_1_2007          7 artículos       9 chunks    0 forzados    0 sin fin de oración
acto_legislativo_1_2009         15 artículos      23 chunks    0 forzados    0 sin fin de oración
acto_legislativo_1_2016          5 artículos       9 chunks    0 forzados    0 sin fin de oración
acto_legislativo_1_2017          5 artículos       8 chunks    0 forzados    0 sin fin de oración
acto_legislativo_1_2018          4 artículos       7 chunks    0 forzados    1 sin fin de oración
acto_legislativo_2_2002          8 artículos       9 chunks    0 forzados    0 sin fin de oración
acto_legislativo_2_2004          5 artículos       6 chunks    0 forzados    1 sin fin de oración
acto_legislativo_2_2011          4 artículos       5 chunks    0 forzados    0 sin fin de oración
acto_legislativo_2_2015         26 artículos      31 chunks    0 forzados    0 sin fin de oración
acto_legislativo_2_2017          2 artículos       4 chunks    0 forzados    0 sin fin de oración
acto_legislativo_3_2002          5 artículos       9 chunks    0 forzados    0 sin fin de oración
acto_legislativo_3_2011          4 artículos       6 chunks    0 forzados    0 sin fin de oración
acto_legislativo_3_2023          5 artículos       8 chunks    0 forzados    1 sin fin de oración
acto_legislativo_4_2017          3 artículos       9 chunks    0 forzados    1 sin fin de oración
acto_legislativo_4_2019          7 artículos      15 chunks    0 forzados    0 sin fin de oración
codigo_civil                  2684 artículos    2701 chunks    0 forzados    8 sin fin de oración
codigo_comercio               2038 artículos    2069 chunks    0 forzados    7 sin fin de oración
codigo_contencioso_administrativo   285 artículos     331 chunks    0 forzados    5 sin fin de oración
codigo_disciplinario           281 artículos     318 chunks    0 forzados    2 sin fin de oración
codigo_general_proceso         634 artículos     855 chunks    3 forzados    1 sin fin de oración
codigo_infancia                218 artículos     269 chunks    0 forzados    3 sin fin de oración
codigo_menor                   354 artículos     368 chunks    0 forzados    4 sin fin de oración
codigo_nacional_policia        249 artículos     360 chunks    2 forzados    7 sin fin de oración
codigo_penal                   605 artículos     655 chunks    2 forzados    4 sin fin de oración
codigo_procedimental_laboral   164 artículos     174 chunks    0 forzados    0 sin fin de oración
codigo_procedimiento_civil     702 artículos     905 chunks    0 forzados    3 sin fin de oración
codigo_procedimiento_penal     590 artículos     656 chunks    4 forzados    1 sin fin de oración
codigo_sustantivo_trabajo      495 artículos     549 chunks    0 forzados    3 sin fin de oración
consejo_estado_ce_suj_4_005_2020     0 artículos      27 chunks    0 forzados    5 sin fin de oración
constitucion                   495 artículos     606 chunks    0 forzados    5 sin fin de oración
corte_suprema_sin_radicado_sc_2017_07_18_2017     0 artículos      30 chunks    0 forzados   22 sin fin de oración
cpaca                          321 artículos     415 chunks    0 forzados    0 sin fin de oración
decision_andina_486            280 artículos     290 chunks    2 forzados    3 sin fin de oración
decreto_1088_1993               16 artículos      17 chunks    0 forzados    0 sin fin de oración
decreto_111_1996               128 artículos     135 chunks    0 forzados    3 sin fin de oración
decreto_1260_1970              124 artículos     126 chunks    0 forzados    2 sin fin de oración
decreto_1295_1994               98 artículos     110 chunks    0 forzados    3 sin fin de oración
decreto_1333_1986              386 artículos     399 chunks    0 forzados    1 sin fin de oración
decreto_1355_1970              256 artículos     261 chunks    0 forzados    1 sin fin de oración
decreto_1421_1993              173 artículos     187 chunks    0 forzados    2 sin fin de oración
decreto_1687_2010                8 artículos      26 chunks    0 forzados    0 sin fin de oración
decreto_1742_2020               84 artículos     177 chunks    2 forzados   10 sin fin de oración
decreto_175_2025                10 artículos      31 chunks    0 forzados    1 sin fin de oración
decreto_1818_1998              232 artículos     237 chunks    0 forzados    1 sin fin de oración
decreto_19_2012                238 artículos     287 chunks    0 forzados    5 sin fin de oración
decreto_2067_1991               56 artículos      57 chunks    0 forzados    0 sin fin de oración
decreto_2106_2019              158 artículos     201 chunks    0 forzados    1 sin fin de oración
decreto_2150_1995              152 artículos     156 chunks    0 forzados    2 sin fin de oración
decreto_2153_1992               59 artículos      70 chunks    0 forzados    0 sin fin de oración
decreto_240_2026                21 artículos      51 chunks    0 forzados    1 sin fin de oración
decreto_2591_1991               55 artículos      57 chunks    0 forzados    1 sin fin de oración
decreto_2651_1991               62 artículos      67 chunks    0 forzados    2 sin fin de oración
decreto_2811_1974              340 artículos     346 chunks    0 forzados    6 sin fin de oración
decreto_356_1994               118 artículos     129 chunks    0 forzados    2 sin fin de oración
decreto_4085_2011               29 artículos      54 chunks    0 forzados    0 sin fin de oración
decreto_4333_2008                3 artículos       6 chunks    0 forzados    0 sin fin de oración
decreto_4334_2008               16 artículos      22 chunks    0 forzados    0 sin fin de oración
decreto_4886_2011               30 artículos      76 chunks    0 forzados    4 sin fin de oración
decreto_555_2017                18 artículos      45 chunks    0 forzados    0 sin fin de oración
decreto_560_2020                16 artículos      46 chunks    2 forzados    2 sin fin de oración
decreto_578_2007                 6 artículos       7 chunks    0 forzados    0 sin fin de oración
decreto_691_2017                15 artículos      23 chunks    0 forzados    0 sin fin de oración
decreto_71_2020                150 artículos     162 chunks    0 forzados    1 sin fin de oración
decreto_772_2020                17 artículos      59 chunks    0 forzados    0 sin fin de oración
decreto_893_2017                15 artículos      34 chunks    0 forzados    0 sin fin de oración
decreto_902_2017                82 artículos     134 chunks    0 forzados    4 sin fin de oración
decreto_920_2023               155 artículos     351 chunks    0 forzados    5 sin fin de oración
decreto_92_2022                 10 artículos      33 chunks    0 forzados    0 sin fin de oración
decreto_960_1970               233 artículos     237 chunks    0 forzados    6 sin fin de oración
estatuto_consumidor             84 artículos     124 chunks    0 forzados    1 sin fin de oración
estatuto_organico_sistema_financiero   340 artículos     737 chunks    0 forzados   16 sin fin de oración
estatuto_tributario-2         1302 artículos    1801 chunks    7 forzados   30 sin fin de oración
estatuto_tributario           1302 artículos    1802 chunks    7 forzados   31 sin fin de oración
ley_1004_2005                   13 artículos      14 chunks    0 forzados    0 sin fin de oración
ley_100_1993                   296 artículos     389 chunks    0 forzados    3 sin fin de oración
ley_1010_2006                   19 artículos      26 chunks    0 forzados    0 sin fin de oración
ley_1014_2006                   24 artículos      29 chunks    0 forzados    0 sin fin de oración
ley_101_1993                   134 artículos     144 chunks    0 forzados    0 sin fin de oración
ley_1032_2006                    5 artículos       6 chunks    0 forzados    0 sin fin de oración
ley_1060_2006                   14 artículos      15 chunks    0 forzados    0 sin fin de oración
ley_1066_2006                   21 artículos      29 chunks    0 forzados    0 sin fin de oración
ley_1095_2006                   10 artículos      11 chunks    0 forzados    0 sin fin de oración
ley_1101_2006                   21 artículos      27 chunks    0 forzados    2 sin fin de oración
ley_1107_2006                    3 artículos       4 chunks    0 forzados    0 sin fin de oración
ley_1111_2006                   78 artículos     103 chunks    2 forzados    7 sin fin de oración
ley_1116_2006                  126 artículos     166 chunks    0 forzados    0 sin fin de oración
ley_1117_2006                    4 artículos       5 chunks    0 forzados    0 sin fin de oración
ley_1121_2006                   29 artículos      33 chunks    0 forzados    0 sin fin de oración
ley_1122_2007                   46 artículos      69 chunks    0 forzados    0 sin fin de oración
ley_1123_2007                  112 artículos     119 chunks    0 forzados    1 sin fin de oración
ley_1142_2007                   56 artículos      63 chunks    2 forzados    0 sin fin de oración
ley_1150_2007                   33 artículos      62 chunks    0 forzados    2 sin fin de oración
ley_1151_2007                  160 artículos     299 chunks    0 forzados   16 sin fin de oración
ley_115_1994                   222 artículos     241 chunks    0 forzados    1 sin fin de oración
ley_1175_2007                    5 artículos       7 chunks    0 forzados    0 sin fin de oración
ley_1185_2008                   26 artículos      44 chunks    0 forzados    1 sin fin de oración
ley_1210_2008                    6 artículos      10 chunks    0 forzados    0 sin fin de oración
ley_1220_2008                    9 artículos      10 chunks    0 forzados    0 sin fin de oración
ley_1221_2008                    9 artículos      15 chunks    0 forzados    0 sin fin de oración
ley_1231_2008                   10 artículos      14 chunks    0 forzados    0 sin fin de oración
ley_1236_2008                   14 artículos      15 chunks    0 forzados    0 sin fin de oración
ley_1257_2008                   39 artículos      48 chunks    0 forzados    1 sin fin de oración
ley_1258_2008                   46 artículos      48 chunks    0 forzados    0 sin fin de oración
ley_1259_2008                   26 artículos      27 chunks    0 forzados    0 sin fin de oración
ley_1266_2008                   24 artículos      44 chunks    0 forzados    0 sin fin de oración
ley_1273_2009                    4 artículos       5 chunks    0 forzados    0 sin fin de oración
ley_1285_2009                   30 artículos      36 chunks    0 forzados    1 sin fin de oración
ley_1286_2009                   35 artículos      41 chunks    0 forzados    0 sin fin de oración
ley_1306_2009                  120 artículos     128 chunks    0 forzados    0 sin fin de oración
ley_130_1994                    56 artículos      61 chunks    0 forzados    1 sin fin de oración
ley_1312_2009                    6 artículos      11 chunks    0 forzados    0 sin fin de oración
ley_1314_2009                   17 artículos      24 chunks    0 forzados    0 sin fin de oración
ley_1328_2009                  103 artículos     138 chunks    0 forzados    0 sin fin de oración
ley_1329_2009                    5 artículos       6 chunks    0 forzados    0 sin fin de oración
ley_1333_2009                   70 artículos      87 chunks    0 forzados    1 sin fin de oración
ley_1335_2009                   36 artículos      39 chunks    0 forzados    0 sin fin de oración
ley_1336_2009                   27 artículos      33 chunks    0 forzados    0 sin fin de oración
ley_1340_2009                   34 artículos      39 chunks    0 forzados    0 sin fin de oración
ley_1341_2009                   74 artículos     149 chunks    0 forzados    2 sin fin de oración
ley_1356_2009                   15 artículos      18 chunks    0 forzados    1 sin fin de oración
ley_1357_2009                    5 artículos       6 chunks    0 forzados    0 sin fin de oración
ley_1369_2009                   53 artículos      69 chunks    0 forzados    0 sin fin de oración
ley_136_1994                   203 artículos     244 chunks    0 forzados    2 sin fin de oración
ley_137_1994                    59 artículos      67 chunks    0 forzados    0 sin fin de oración
ley_1383_2010                   30 artículos      51 chunks    0 forzados    3 sin fin de oración
ley_1393_2010                   41 artículos      52 chunks    0 forzados    0 sin fin de oración
ley_1395_2010                  122 artículos     143 chunks    0 forzados    1 sin fin de oración
ley_141_1994                    70 artículos     100 chunks    0 forzados   17 sin fin de oración
ley_1429_2010                   65 artículos      83 chunks    0 forzados    0 sin fin de oración
ley_142_1994                   191 artículos     266 chunks    0 forzados    2 sin fin de oración
ley_1430_2010                   68 artículos      81 chunks    0 forzados    0 sin fin de oración
ley_1437_2011-2                321 artículos     405 chunks    0 forzados    1 sin fin de oración
ley_1437_2011                  321 artículos     405 chunks    0 forzados    0 sin fin de oración
ley_1438_2011                  149 artículos     184 chunks    0 forzados    0 sin fin de oración
ley_143_1994                    97 artículos     116 chunks    0 forzados    1 sin fin de oración
ley_1448_2011                  217 artículos     316 chunks    0 forzados    2 sin fin de oración
ley_1450_2011                  276 artículos     322 chunks    0 forzados    1 sin fin de oración
ley_1453_2011                  111 artículos     136 chunks    2 forzados    0 sin fin de oración
ley_1454_2011                   40 artículos      55 chunks    0 forzados    0 sin fin de oración
ley_1473_2011                   17 artículos      26 chunks    0 forzados    0 sin fin de oración
ley_1474_2011                  142 artículos     172 chunks    0 forzados    0 sin fin de oración
ley_1482_2011                    8 artículos       9 chunks    0 forzados    0 sin fin de oración
ley_1493_2011                   39 artículos      47 chunks    0 forzados    0 sin fin de oración
ley_1496_2011                   10 artículos      12 chunks    0 forzados    0 sin fin de oración
ley_1508_2012                   39 artículos      54 chunks    0 forzados    0 sin fin de oración
ley_1523_2012                   96 artículos     122 chunks    0 forzados    0 sin fin de oración
ley_152_1994                    52 artículos      60 chunks    0 forzados    0 sin fin de oración
ley_1537_2012                   66 artículos      85 chunks    2 forzados    0 sin fin de oración
ley_1551_2012                   51 artículos      78 chunks    0 forzados    1 sin fin de oración
ley_1562_2012                   33 artículos      53 chunks    0 forzados    1 sin fin de oración
ley_1563_2012                  119 artículos     134 chunks    0 forzados    3 sin fin de oración
ley_1564_2012                  634 artículos     862 chunks    3 forzados    1 sin fin de oración
ley_1580_2012                    7 artículos      13 chunks    0 forzados    0 sin fin de oración
ley_1581_2012                   34 artículos     392 chunks    0 forzados   54 sin fin de oración
ley_1607_2012                   24 artículos      52 chunks    4 forzados    3 sin fin de oración
ley_160_1994                   115 artículos     155 chunks    0 forzados    1 sin fin de oración
ley_1610_2013                   19 artículos      21 chunks    0 forzados    0 sin fin de oración
ley_1615_2013                   18 artículos      22 chunks    0 forzados    1 sin fin de oración
ley_1618_2013                   32 artículos      63 chunks    0 forzados    0 sin fin de oración
ley_1652_2013                    4 artículos       6 chunks    0 forzados    0 sin fin de oración
ley_1676_2013                   91 artículos     110 chunks    0 forzados    1 sin fin de oración
ley_1682_2013                   73 artículos     109 chunks    0 forzados    1 sin fin de oración
ley_1692_2013                   30 artículos      69 chunks    0 forzados    3 sin fin de oración
ley_1696_2013                   10 artículos      14 chunks    0 forzados    0 sin fin de oración
ley_1700_2013                   13 artículos      15 chunks    0 forzados    0 sin fin de oración
ley_1708_2014                  227 artículos     267 chunks    0 forzados    3 sin fin de oración
ley_1709_2014                  114 artículos     137 chunks    0 forzados    0 sin fin de oración
ley_1712_2014                   37 artículos     114 chunks    3 forzados    2 sin fin de oración
ley_1715_2014                   51 artículos      74 chunks    0 forzados    0 sin fin de oración
ley_1719_2014                   35 artículos      49 chunks    0 forzados    0 sin fin de oración
ley_1727_2014                   35 artículos      39 chunks    0 forzados    0 sin fin de oración
ley_1739_2014                   77 artículos     115 chunks    0 forzados    5 sin fin de oración
ley_1743_2014                   25 artículos      30 chunks    0 forzados    0 sin fin de oración
ley_1752_2015                    6 artículos       7 chunks    0 forzados    0 sin fin de oración
ley_1753_2015                  269 artículos     381 chunks    2 forzados    2 sin fin de oración
ley_1755_2015                    2 artículos       3 chunks    0 forzados    0 sin fin de oración
ley_1760_2015                    5 artículos       7 chunks    0 forzados    0 sin fin de oración
ley_1761_2015                   13 artículos      15 chunks    0 forzados    0 sin fin de oración
ley_1762_2015                   56 artículos      77 chunks    0 forzados    0 sin fin de oración
ley_1773_2016                    8 artículos      11 chunks    0 forzados    0 sin fin de oración
ley_1774_2016                   14 artículos      15 chunks    0 forzados    1 sin fin de oración
ley_1778_2016                   37 artículos      43 chunks    0 forzados    0 sin fin de oración
ley_1787_2016                   19 artículos      24 chunks    0 forzados    0 sin fin de oración
ley_178_1994                    45 artículos      70 chunks    0 forzados    2 sin fin de oración
ley_179_1994                    70 artículos      80 chunks    0 forzados    1 sin fin de oración
ley_1811_2016                   19 artículos      21 chunks    0 forzados    0 sin fin de oración
ley_1819_2016                  253 artículos     398 chunks    0 forzados    5 sin fin de oración
ley_181_1995                    92 artículos     103 chunks    0 forzados    0 sin fin de oración
ley_1826_2017                   44 artículos      54 chunks    2 forzados    0 sin fin de oración
ley_182_1995                    65 artículos      97 chunks    0 forzados    0 sin fin de oración
ley_1843_2017                   15 artículos      18 chunks    0 forzados    1 sin fin de oración
ley_1850_2017                   18 artículos      21 chunks    0 forzados    0 sin fin de oración
ley_1864_2017                   21 artículos      22 chunks    0 forzados    0 sin fin de oración
ley_1878_2018                   13 artículos      25 chunks    0 forzados    1 sin fin de oración
ley_1882_2018                   21 artículos      31 chunks    0 forzados    1 sin fin de oración
ley_1900_2018                   10 artículos      13 chunks    0 forzados    0 sin fin de oración
ley_1902_2018                   15 artículos      18 chunks    0 forzados    0 sin fin de oración
ley_1908_2018                   61 artículos      73 chunks    0 forzados    0 sin fin de oración
ley_1909_2018                   32 artículos      38 chunks    0 forzados    0 sin fin de oración
ley_190_1995                    32 artículos      34 chunks    0 forzados    2 sin fin de oración
ley_1915_2018                   37 artículos      46 chunks    0 forzados    1 sin fin de oración
ley_191_1995                    57 artículos      62 chunks    0 forzados    1 sin fin de oración
ley_1934_2018                   22 artículos      23 chunks    0 forzados    0 sin fin de oración
ley_1943_2018                  122 artículos     224 chunks    0 forzados    0 sin fin de oración
ley_1944_2018                    7 artículos       9 chunks    2 forzados    0 sin fin de oración
ley_1955_2019                  337 artículos     536 chunks    4 forzados    4 sin fin de oración
ley_1957_2019                  159 artículos     238 chunks    0 forzados    1 sin fin de oración
ley_1959_2019                    8 artículos      13 chunks    0 forzados    0 sin fin de oración
ley_1996_2019                   63 artículos      74 chunks    0 forzados    0 sin fin de oración
ley_2010_2019                  160 artículos     272 chunks    0 forzados    2 sin fin de oración
ley_2014_2019                   12 artículos      17 chunks    0 forzados    0 sin fin de oración
ley_2050_2020                   24 artículos      25 chunks    0 forzados    2 sin fin de oración
ley_2054_2020                   11 artículos      12 chunks    0 forzados    1 sin fin de oración
ley_2056_2020                  211 artículos     285 chunks    0 forzados    1 sin fin de oración
ley_2068_2020                   56 artículos      80 chunks    0 forzados    2 sin fin de oración
ley_2069_2020                   86 artículos     117 chunks    0 forzados    6 sin fin de oración
ley_2079_2021                   59 artículos      84 chunks    0 forzados    0 sin fin de oración
ley_2080_2021                   88 artículos     118 chunks    0 forzados    0 sin fin de oración
ley_2094_2021                   76 artículos      88 chunks    0 forzados    3 sin fin de oración
ley_2098_2021                   26 artículos      32 chunks    0 forzados    0 sin fin de oración
ley_2099_2021                   68 artículos      81 chunks    0 forzados    2 sin fin de oración
ley_2111_2021                   12 artículos      18 chunks    0 forzados    3 sin fin de oración
ley_2114_2021                    6 artículos      16 chunks    0 forzados    0 sin fin de oración
ley_2126_2021                   48 artículos      69 chunks    0 forzados    1 sin fin de oración
ley_2135_2021                   31 artículos      39 chunks    0 forzados    0 sin fin de oración
ley_2141_2021                    3 artículos       5 chunks    0 forzados    0 sin fin de oración
ley_2155_2021                   65 artículos     129 chunks    0 forzados    3 sin fin de oración
ley_2157_2021                   16 artículos      21 chunks    0 forzados    0 sin fin de oración
ley_2160_2021                    7 artículos      11 chunks    0 forzados    1 sin fin de oración
ley_2161_2021                   14 artículos      16 chunks    0 forzados    0 sin fin de oración
ley_2169_2021                   38 artículos      69 chunks    0 forzados    3 sin fin de oración
ley_2195_2022                   70 artículos      88 chunks    0 forzados    1 sin fin de oración
ley_2197_2022                   69 artículos     119 chunks    3 forzados    2 sin fin de oración
ley_2205_2022                    7 artículos      10 chunks    0 forzados    0 sin fin de oración
ley_2213_2022                   15 artículos      21 chunks    0 forzados    1 sin fin de oración
ley_2220_2022                  146 artículos     177 chunks    0 forzados    1 sin fin de oración
ley_222_1995                    10 artículos      16 chunks    0 forzados    1 sin fin de oración
ley_223_1995                   285 artículos     335 chunks    2 forzados   14 sin fin de oración
ley_2251_2022                   24 artículos      29 chunks    0 forzados    0 sin fin de oración
ley_2272_2022                   25 artículos      44 chunks    0 forzados    1 sin fin de oración
ley_2277_2022                   96 artículos     149 chunks    3 forzados    8 sin fin de oración
ley_2281_2023                   18 artículos      23 chunks    0 forzados    0 sin fin de oración
ley_2283_2023                    9 artículos      12 chunks    0 forzados    0 sin fin de oración
ley_2292_2023                   20 artículos      27 chunks    0 forzados    0 sin fin de oración
ley_2294_2023                  373 artículos     552 chunks    0 forzados    2 sin fin de oración
ley_2318_2023                    7 artículos      10 chunks    0 forzados    0 sin fin de oración
ley_2356_2024                    4 artículos      11 chunks    3 forzados    0 sin fin de oración
ley_2365_2024                   20 artículos      25 chunks    0 forzados    0 sin fin de oración
ley_2375_2024                    7 artículos      10 chunks    0 forzados    1 sin fin de oración
ley_2381_2024                   95 artículos     156 chunks    0 forzados    4 sin fin de oración
ley_2388_2024                   15 artículos      17 chunks    0 forzados    0 sin fin de oración
ley_2430_2024                   95 artículos     128 chunks    0 forzados    0 sin fin de oración
ley_2437_2024                   20 artículos      41 chunks    0 forzados    2 sin fin de oración
ley_2439_2024                    9 artículos      12 chunks    0 forzados    0 sin fin de oración
ley_2442_2024                    8 artículos      10 chunks    0 forzados    1 sin fin de oración
ley_2445_2025                   45 artículos      93 chunks    0 forzados    1 sin fin de oración
ley_2447_2025                   21 artículos      26 chunks    0 forzados    0 sin fin de oración
ley_2450_2025                   24 artículos      53 chunks    0 forzados    0 sin fin de oración
ley_2452_2025                  331 artículos     405 chunks    0 forzados    1 sin fin de oración
ley_2455_2025                   30 artículos      37 chunks    0 forzados    0 sin fin de oración
ley_2466_2025                   70 artículos      97 chunks    0 forzados    1 sin fin de oración
ley_2477_2025                   13 artículos      22 chunks    0 forzados    0 sin fin de oración
ley_2486_2025                   18 artículos      24 chunks    0 forzados    0 sin fin de oración
ley_2539_2025                   21 artículos      29 chunks    0 forzados    0 sin fin de oración
ley_2541_2025                    5 artículos       7 chunks    0 forzados    0 sin fin de oración
ley_256_1996                    33 artículos      34 chunks    0 forzados    0 sin fin de oración
ley_2570_2026                   10 artículos      13 chunks    0 forzados    0 sin fin de oración
ley_2590_2026                   14 artículos      19 chunks    0 forzados    0 sin fin de oración
ley_25_1992                     15 artículos      16 chunks    0 forzados    1 sin fin de oración
ley_2608_2026                   22 artículos      36 chunks    0 forzados    0 sin fin de oración
ley_2627_2026                    8 artículos       9 chunks    0 forzados    2 sin fin de oración
ley_270_1996                   233 artículos     287 chunks    0 forzados    4 sin fin de oración
ley_278_1996                    12 artículos      15 chunks    0 forzados    0 sin fin de oración
ley_300_1996                   113 artículos     129 chunks    0 forzados    0 sin fin de oración
ley_30_1992                    147 artículos     158 chunks    0 forzados    4 sin fin de oración
ley_344_1996                    44 artículos      48 chunks    0 forzados    0 sin fin de oración
ley_383_1997                    74 artículos      81 chunks    0 forzados    0 sin fin de oración
ley_387_1997                    35 artículos      40 chunks    0 forzados    1 sin fin de oración
ley_388_1997                   140 artículos     200 chunks    0 forzados    3 sin fin de oración
ley_397_1997                    89 artículos     122 chunks    0 forzados    1 sin fin de oración
ley_401_1997                    18 artículos      21 chunks    0 forzados    0 sin fin de oración
ley_418_1997                   141 artículos     169 chunks    0 forzados    2 sin fin de oración
ley_43_1993                     38 artículos      42 chunks    0 forzados    1 sin fin de oración
ley_446_1998                    72 artículos      92 chunks    0 forzados    1 sin fin de oración
ley_448_1998                     9 artículos      11 chunks    0 forzados    0 sin fin de oración
ley_472_1998                    87 artículos      95 chunks    0 forzados    3 sin fin de oración
ley_488_1998                    34 artículos      55 chunks    0 forzados    0 sin fin de oración
ley_489_1998                   121 artículos     130 chunks    0 forzados    2 sin fin de oración
ley_510_1999                   123 artículos     167 chunks    0 forzados    3 sin fin de oración
ley_527_1999                    47 artículos      50 chunks    0 forzados    1 sin fin de oración
ley_546_1999                    57 artículos      78 chunks    0 forzados    0 sin fin de oración
ley_550_1999                    79 artículos     165 chunks    0 forzados    0 sin fin de oración
ley_554_2000                    24 artículos      37 chunks    0 forzados    1 sin fin de oración
ley_584_2000                    21 artículos      22 chunks    0 forzados    0 sin fin de oración
ley_590_2000                    47 artículos      52 chunks    0 forzados    2 sin fin de oración
ley_599_2000                   605 artículos     655 chunks    2 forzados    4 sin fin de oración
ley_5_1992                     416 artículos     544 chunks    0 forzados   65 sin fin de oración
ley_600_2000                   537 artículos     563 chunks    2 forzados    3 sin fin de oración
ley_60_1993                     43 artículos      89 chunks    0 forzados    0 sin fin de oración
ley_617_2000                    97 artículos     121 chunks    0 forzados   10 sin fin de oración
ley_633_2000                    14 artículos      19 chunks    0 forzados    0 sin fin de oración
ley_640_2001                    50 artículos      55 chunks    0 forzados    0 sin fin de oración
ley_643_2001                    61 artículos      78 chunks    0 forzados    2 sin fin de oración
ley_65_1993                    198 artículos     227 chunks    0 forzados    0 sin fin de oración
ley_675_2001                    87 artículos      97 chunks    0 forzados    0 sin fin de oración
ley_678_2001                    32 artículos      37 chunks    0 forzados    0 sin fin de oración
ley_679_2001                    39 artículos      46 chunks    0 forzados    0 sin fin de oración
ley_681_2001                    15 artículos      18 chunks    0 forzados    1 sin fin de oración
ley_6_1992                     140 artículos     172 chunks    0 forzados    2 sin fin de oración
ley_70_1993                     68 artículos      71 chunks    0 forzados    0 sin fin de oración
ley_715_2001                   114 artículos     177 chunks    0 forzados    6 sin fin de oración
ley_721_2001                    13 artículos      14 chunks    0 forzados    0 sin fin de oración
ley_732_2002                     7 artículos      11 chunks    0 forzados    0 sin fin de oración
ley_733_2002                    15 artículos      18 chunks    0 forzados    0 sin fin de oración
ley_734_2002                   224 artículos     254 chunks    0 forzados    0 sin fin de oración
ley_747_2002                     9 artículos      10 chunks    0 forzados    1 sin fin de oración
ley_759_2002                    19 artículos      26 chunks    0 forzados    0 sin fin de oración
ley_769_2002                   181 artículos     244 chunks    0 forzados    4 sin fin de oración
ley_788_2002                   118 artículos     154 chunks    0 forzados    7 sin fin de oración
ley_789_2002                    52 artículos     107 chunks    0 forzados    0 sin fin de oración
ley_790_2002                    22 artículos      26 chunks    0 forzados    1 sin fin de oración
ley_791_2002                    13 artículos      14 chunks    0 forzados    0 sin fin de oración
ley_797_2003                    24 artículos      38 chunks    0 forzados    0 sin fin de oración
ley_809_2003                     3 artículos       4 chunks    0 forzados    0 sin fin de oración
ley_80_1993                     84 artículos     125 chunks    0 forzados    0 sin fin de oración
ley_810_2003                    14 artículos      23 chunks    0 forzados    0 sin fin de oración
ley_812_2003                   137 artículos     222 chunks    0 forzados   10 sin fin de oración
ley_813_2003                     5 artículos       6 chunks    0 forzados    0 sin fin de oración
ley_816_2003                     5 artículos       6 chunks    0 forzados    0 sin fin de oración
ley_819_2003                    28 artículos      34 chunks    0 forzados    1 sin fin de oración
ley_820_2003                    43 artículos      54 chunks    0 forzados    0 sin fin de oración
ley_863_2003                    69 artículos     102 chunks    0 forzados    7 sin fin de oración
ley_890_2004                    15 artículos      17 chunks    0 forzados    0 sin fin de oración
ley_905_2004                    32 artículos      41 chunks    0 forzados    0 sin fin de oración
ley_906_2004                   590 artículos     654 chunks    4 forzados    1 sin fin de oración
ley_954_2005                     7 artículos       9 chunks    0 forzados    0 sin fin de oración
ley_962_2005                    89 artículos      99 chunks    0 forzados    0 sin fin de oración
ley_963_2005                    12 artículos      15 chunks    0 forzados    0 sin fin de oración
ley_964_2005                    86 artículos     132 chunks    0 forzados    0 sin fin de oración
ley_975_2005                    88 artículos     118 chunks    0 forzados    2 sin fin de oración
ley_979_2005                     9 artículos      10 chunks    0 forzados    0 sin fin de oración
ley_98_1993                     36 artículos      38 chunks    0 forzados    0 sin fin de oración
ley_99_1993                    120 artículos     189 chunks    0 forzados    2 sin fin de oración
sentencia_c-1011_2008            0 artículos     203 chunks    0 forzados   43 sin fin de oración
sentencia_c-1033_2002            0 artículos      39 chunks    0 forzados   10 sin fin de oración
sentencia_c-106_2018             0 artículos     138 chunks    3 forzados   16 sin fin de oración
sentencia_c-117_2018             0 artículos     136 chunks    0 forzados   12 sin fin de oración
sentencia_c-1189_2000            0 artículos      86 chunks    0 forzados   15 sin fin de oración
sentencia_c-127_2011             0 artículos      74 chunks    0 forzados   11 sin fin de oración
sentencia_c-131_2018             0 artículos      74 chunks    0 forzados    5 sin fin de oración
sentencia_c-134_2019             0 artículos      45 chunks    0 forzados    4 sin fin de oración
sentencia_c-145_2018             0 artículos      98 chunks    0 forzados   12 sin fin de oración
sentencia_c-145_2020             0 artículos     119 chunks    2 forzados   20 sin fin de oración
sentencia_c-149_1993             0 artículos      35 chunks    0 forzados    5 sin fin de oración
sentencia_c-15_2018              0 artículos     153 chunks    7 forzados   14 sin fin de oración
sentencia_c-164_2022             0 artículos     153 chunks    0 forzados   25 sin fin de oración
sentencia_c-170_2004             0 artículos     111 chunks    0 forzados   15 sin fin de oración
sentencia_c-183_2025             0 artículos     163 chunks    2 forzados   18 sin fin de oración
sentencia_c-201_2002             0 artículos     107 chunks    0 forzados   25 sin fin de oración
sentencia_c-207_2019             0 artículos     217 chunks    2 forzados   19 sin fin de oración
sentencia_c-225_1995             0 artículos     133 chunks    0 forzados   13 sin fin de oración
sentencia_c-228_2002             0 artículos     115 chunks    0 forzados   18 sin fin de oración
sentencia_c-228_2010             0 artículos     142 chunks    0 forzados   19 sin fin de oración
sentencia_c-22_1996              0 artículos      26 chunks    0 forzados   11 sin fin de oración
sentencia_c-233_2021             0 artículos     164 chunks    0 forzados   33 sin fin de oración
sentencia_c-239_1997             0 artículos     218 chunks    0 forzados   30 sin fin de oración
sentencia_c-259_2015             0 artículos     127 chunks    2 forzados    6 sin fin de oración
sentencia_c-276_2025             0 artículos     128 chunks    0 forzados   16 sin fin de oración
sentencia_c-32_2017              0 artículos     110 chunks    0 forzados   22 sin fin de oración
sentencia_c-332_2025             0 artículos     114 chunks    0 forzados   18 sin fin de oración
sentencia_c-335_2008             0 artículos      94 chunks    0 forzados   10 sin fin de oración
sentencia_c-345_2017             0 artículos     124 chunks    0 forzados   16 sin fin de oración
sentencia_c-355_2006             0 artículos     154 chunks    0 forzados   34 sin fin de oración
sentencia_c-35_2009              0 artículos      82 chunks    2 forzados    6 sin fin de oración
sentencia_c-370_2006             0 artículos     135 chunks    0 forzados   26 sin fin de oración
sentencia_c-389_2023             0 artículos      87 chunks    0 forzados   10 sin fin de oración
sentencia_c-394_2017             0 artículos     209 chunks    0 forzados   23 sin fin de oración
sentencia_c-39_2025              0 artículos     126 chunks    3 forzados   21 sin fin de oración
sentencia_c-413_1996             0 artículos      16 chunks    0 forzados    3 sin fin de oración
sentencia_c-431_2001             0 artículos       9 chunks    0 forzados    1 sin fin de oración
sentencia_c-459_2023             0 artículos      92 chunks    0 forzados    9 sin fin de oración
sentencia_c-468_2024             0 artículos      92 chunks    0 forzados    8 sin fin de oración
sentencia_c-486_1993             0 artículos      65 chunks    0 forzados    7 sin fin de oración
sentencia_c-4_1998               0 artículos      23 chunks    0 forzados    3 sin fin de oración
sentencia_c-500_2024             0 artículos      98 chunks    0 forzados   10 sin fin de oración
sentencia_c-507_2004             0 artículos     180 chunks    0 forzados   55 sin fin de oración
sentencia_c-533_2000             0 artículos      22 chunks    0 forzados    3 sin fin de oración
sentencia_c-535_2002             0 artículos      28 chunks    0 forzados    7 sin fin de oración
sentencia_c-537_1995             0 artículos      55 chunks    0 forzados    6 sin fin de oración
sentencia_c-540_2023             0 artículos     113 chunks    0 forzados    8 sin fin de oración
sentencia_c-554_2001             0 artículos      32 chunks    0 forzados    7 sin fin de oración
sentencia_c-55_2022              0 artículos     178 chunks    2 forzados   38 sin fin de oración
sentencia_c-577_2011             0 artículos     241 chunks    3 forzados   24 sin fin de oración
sentencia_c-579_2013             0 artículos     147 chunks    4 forzados   16 sin fin de oración
sentencia_c-582_1999             0 artículos      24 chunks    0 forzados    7 sin fin de oración
sentencia_c-590_2005             0 artículos      86 chunks    0 forzados   14 sin fin de oración
sentencia_c-591_2005             0 artículos     215 chunks    2 forzados   25 sin fin de oración
sentencia_c-683_2015             0 artículos     194 chunks    0 forzados   27 sin fin de oración
sentencia_c-700_1999             0 artículos     186 chunks    0 forzados   19 sin fin de oración
sentencia_c-746_2011             0 artículos      32 chunks    0 forzados    1 sin fin de oración
sentencia_c-748_2011             0 artículos     128 chunks    0 forzados   32 sin fin de oración
sentencia_c-80_2025              0 artículos     133 chunks    0 forzados   18 sin fin de oración
sentencia_c-891_2012             0 artículos      58 chunks    0 forzados   11 sin fin de oración
sentencia_c-94_2021              0 artículos     106 chunks    0 forzados   10 sin fin de oración
sentencia_c-964_2003             0 artículos      77 chunks    0 forzados    4 sin fin de oración
sentencia_c-96_2024              0 artículos     155 chunks    0 forzados   19 sin fin de oración
sentencia_c-985_2010             0 artículos      85 chunks    0 forzados   14 sin fin de oración
sentencia_ce_s2_ij_su_2022       0 artículos     116 chunks    0 forzados   28 sin fin de oración
sentencia_ce_s3_19031_2011       0 artículos     182 chunks    8 forzados   64 sin fin de oración
sentencia_ce_s3_26251_2014       0 artículos     222 chunks    5 forzados   37 sin fin de oración
sentencia_ce_s3_32988_2014       0 artículos     299 chunks   13 forzados   68 sin fin de oración
sentencia_sc_1121_2018           0 artículos      42 chunks    2 forzados    3 sin fin de oración
sentencia_sc_18392_2017          0 artículos      38 chunks    0 forzados   27 sin fin de oración
sentencia_sc_3085_2024           0 artículos     107 chunks    0 forzados   14 sin fin de oración
sentencia_sc_3674_2021           0 artículos     407 chunks   32 forzados   90 sin fin de oración
sentencia_sc_425_2024            0 artículos      82 chunks    0 forzados   20 sin fin de oración
sentencia_sc_8453_2016           0 artículos      16 chunks    0 forzados   16 sin fin de oración
sentencia_sl_1050_2023           0 artículos      66 chunks    0 forzados   15 sin fin de oración
sentencia_sl_1730_2020           0 artículos      62 chunks    0 forzados   22 sin fin de oración
sentencia_sl_3385_2022           0 artículos      19 chunks    0 forzados    9 sin fin de oración
sentencia_sl_648_2018            0 artículos       0 chunks    0 forzados    0 sin fin de oración
sentencia_sp_1167_2022           0 artículos      39 chunks    0 forzados   15 sin fin de oración
sentencia_sp_1680_2022           0 artículos      40 chunks    0 forzados   10 sin fin de oración
sentencia_sp_1945_2019           0 artículos       0 chunks    0 forzados    0 sin fin de oración
sentencia_su-111_2025            0 artículos     134 chunks    0 forzados   18 sin fin de oración
sentencia_su-11_2020             0 artículos     128 chunks    2 forzados    6 sin fin de oración
sentencia_su-1219_2001           0 artículos      72 chunks    0 forzados   14 sin fin de oración
sentencia_su-138_2024            0 artículos      93 chunks    0 forzados    7 sin fin de oración
sentencia_su-149_2021            0 artículos     124 chunks    0 forzados   16 sin fin de oración
sentencia_su-16_2020             0 artículos     128 chunks    2 forzados   14 sin fin de oración
sentencia_su-207_2022            0 artículos     120 chunks    0 forzados   17 sin fin de oración
sentencia_su-214_2016            0 artículos      86 chunks    0 forzados   46 sin fin de oración
sentencia_su-217_2017            0 artículos     188 chunks    2 forzados   13 sin fin de oración
sentencia_su-240_2015            0 artículos     102 chunks    2 forzados    9 sin fin de oración
sentencia_su-277_2025            0 artículos     124 chunks    0 forzados    8 sin fin de oración
sentencia_su-27_2021             0 artículos     104 chunks    0 forzados   18 sin fin de oración
sentencia_su-296_2023            0 artículos     167 chunks    3 forzados   21 sin fin de oración
sentencia_su-315_2025            0 artículos     112 chunks    0 forzados   25 sin fin de oración
sentencia_su-380_2021            0 artículos     137 chunks    0 forzados   15 sin fin de oración
sentencia_su-396_2024            0 artículos     110 chunks    0 forzados   15 sin fin de oración
sentencia_su-425_2025            0 artículos      79 chunks    0 forzados   12 sin fin de oración
sentencia_su-429_2024            0 artículos     149 chunks    0 forzados   19 sin fin de oración
sentencia_su-431_2015            0 artículos     167 chunks    0 forzados   25 sin fin de oración
sentencia_su-455_2020            0 artículos     110 chunks    0 forzados   15 sin fin de oración
sentencia_su-488_2011            0 artículos       0 chunks    0 forzados    0 sin fin de oración
sentencia_su-500_2015            0 artículos     201 chunks    0 forzados   16 sin fin de oración
sentencia_su-566_2015            0 artículos     216 chunks    2 forzados    7 sin fin de oración
sentencia_t-1001_2001            0 artículos      68 chunks    0 forzados    8 sin fin de oración
sentencia_t-1059_2001            0 artículos      45 chunks    0 forzados    7 sin fin de oración
sentencia_t-1096_2008            0 artículos      67 chunks    0 forzados    3 sin fin de oración
sentencia_t-145_2016             0 artículos      90 chunks    0 forzados   10 sin fin de oración
sentencia_t-153_1998             0 artículos      98 chunks    0 forzados   12 sin fin de oración
sentencia_t-230_2023             0 artículos      27 chunks    2 forzados    2 sin fin de oración
sentencia_t-232_2025             0 artículos     108 chunks    0 forzados   22 sin fin de oración
sentencia_t-243_2018             0 artículos      77 chunks    0 forzados    8 sin fin de oración
sentencia_t-248_2025             0 artículos       0 chunks    0 forzados    0 sin fin de oración
sentencia_t-256_2025             0 artículos     146 chunks    0 forzados   21 sin fin de oración
sentencia_t-25_2004              0 artículos     196 chunks   24 forzados   26 sin fin de oración
sentencia_t-262_2025             0 artículos     107 chunks    2 forzados   11 sin fin de oración
sentencia_t-26_2025              0 artículos     114 chunks    0 forzados   12 sin fin de oración
sentencia_t-323_2024             0 artículos     136 chunks    4 forzados   12 sin fin de oración
sentencia_t-325_2025             0 artículos      76 chunks    0 forzados   13 sin fin de oración
sentencia_t-350_2025             0 artículos     109 chunks    0 forzados   14 sin fin de oración
sentencia_t-414_1992             0 artículos      47 chunks    0 forzados    3 sin fin de oración
sentencia_t-429_2011             0 artículos      45 chunks    0 forzados   12 sin fin de oración
sentencia_t-445_2024             0 artículos     140 chunks    3 forzados   16 sin fin de oración
sentencia_t-4_2026               0 artículos     110 chunks    0 forzados   16 sin fin de oración
sentencia_t-547_2017             0 artículos      82 chunks    0 forzados   16 sin fin de oración
sentencia_t-622_2016             0 artículos     202 chunks    0 forzados    6 sin fin de oración
sentencia_t-67_2025              0 artículos     142 chunks    0 forzados   17 sin fin de oración
sentencia_t-71_2016              0 artículos      95 chunks    0 forzados   13 sin fin de oración
sentencia_t-760_2008             0 artículos     274 chunks    4 forzados   33 sin fin de oración
sentencia_t-77_2025              0 artículos      81 chunks    0 forzados   10 sin fin de oración
sentencia_t-925_2014             0 artículos      35 chunks    0 forzados   10 sin fin de oración
sentencia_t-970_2014             0 artículos     125 chunks    0 forzados   20 sin fin de oración
TOTAL 60329 chunks | 0 sobre el límite | 9836 duplicados exactos | 262 con residuos
== 2/2 resumen
documentos: 476
chunks: 60329 | sobre el límite: 0 | duplicados exactos: 9836 | con residuos: 262
== fin: [chunking] Terminó OK · 2026-09-30 19:04:41
