RESULTADO 44 preguntas que nombran normas descargadas -> data/exp/enriquecimiento_preguntas.jsonl
10:43:49 Loading faiss with AVX512 support.
10:43:49 Could not load library with AVX512 support due to:
ModuleNotFoundError("No module named 'faiss.swigfaiss_avx512'")
10:43:49 Loading faiss with AVX2 support.
10:43:49 Could not load library with AVX2 support due to:
ModuleNotFoundError("No module named 'faiss.swigfaiss_avx2'")
10:43:49 Loading faiss.
10:43:49 Successfully loaded faiss.
10:44:33 reranker BAAI/bge-reranker-v2-m3@953dc6f6 en cuda
10:44:35   encoding 1/1 lotes (1 s)
10:44:35   encoding 1/1 lotes (0 s)
10:44:36   encoding 1/1 lotes (0 s)
10:44:36   encoding 1/1 lotes (0 s)
10:44:36   encoding 1/1 lotes (0 s)
10:44:37   encoding 1/1 lotes (0 s)
10:44:37   encoding 1/1 lotes (0 s)
10:44:37   encoding 1/1 lotes (0 s)
10:44:38   encoding 1/1 lotes (0 s)
10:44:38   encoding 1/1 lotes (0 s)
10:44:39   encoding 1/1 lotes (0 s)
10:44:39   encoding 1/1 lotes (0 s)
10:44:39   encoding 1/1 lotes (0 s)
10:44:40   encoding 1/1 lotes (0 s)
10:44:40   encoding 1/1 lotes (0 s)
10:44:40   encoding 1/1 lotes (0 s)
10:44:41   encoding 1/1 lotes (0 s)
10:44:41   encoding 1/1 lotes (0 s)
10:44:41   encoding 1/1 lotes (0 s)
10:44:42   encoding 1/1 lotes (0 s)
10:44:42   encoding 1/1 lotes (0 s)
10:44:42   encoding 1/1 lotes (0 s)
10:44:43   encoding 1/1 lotes (0 s)
10:44:43   encoding 1/1 lotes (0 s)
10:44:43   encoding 1/1 lotes (0 s)
10:44:44 25/44 ítems (0.41 s/ítem)
10:44:44   encoding 1/1 lotes (0 s)
10:44:44   encoding 1/1 lotes (0 s)
10:44:45   encoding 1/1 lotes (0 s)
10:44:45   encoding 1/1 lotes (0 s)
10:44:45   encoding 1/1 lotes (0 s)
10:44:46   encoding 1/1 lotes (0 s)
10:44:46   encoding 1/1 lotes (0 s)
10:44:46   encoding 1/1 lotes (0 s)
10:44:47   encoding 1/1 lotes (0 s)
10:44:47   encoding 1/1 lotes (0 s)
10:44:47   encoding 1/1 lotes (0 s)
10:44:48   encoding 1/1 lotes (0 s)
10:44:48   encoding 1/1 lotes (0 s)
10:44:48   encoding 1/1 lotes (0 s)
10:44:49   encoding 1/1 lotes (0 s)
10:44:49   encoding 1/1 lotes (0 s)
10:44:50   encoding 1/1 lotes (0 s)
10:44:50   encoding 1/1 lotes (0 s)
10:44:50   encoding 1/1 lotes (0 s)
10:44:51 44/44 ítems (0.39 s/ítem)
10:44:51 recuperación de 44 ítems (0 con error) en 17 s -> data/exp/enriquecimiento_recuperacion.jsonl
RESULTADO pares norma-pregunta: 44 · la norma nueva aparece en el top-10: 43 (0.9773) · normas recuperadas por al menos una pregunta: 37/38
  ninguna pregunta recupera sentencia_su-279_2019 (1 preguntas)
