Job descargar_fuentes 756998 en nodea-6 · 2026-10-03 10:13:54
intérprete: /hpcfs/home/ing_sistemas/s.montoya112/hackatron/Oliv-IA2/Oliv-IA/.venv/bin/python
== 0/3 verificando entradas
fuentes: data/enriquecimiento/test_992/fuentes_alternativas.json · 4 documentos
== 1/3 descargando 4 documentos
10:13:56 INFO decreto_2591_1991: fuentes_propias.json reemplaza la entrada anterior
10:13:56 INFO ley_1996_2019: fuentes_propias.json reemplaza la entrada anterior
10:13:56 INFO ley_54_1990: fuentes_alternativas.json reemplaza la entrada anterior
10:13:56 INFO ley_29_1982: fuentes_alternativas.json reemplaza la entrada anterior
10:13:56 INFO http://www.secretariasenado.gov.co/senado/basedoc/ley_0080_1993.html: la misma norma ya está en el corpus o en la lista, se omite
10:13:56 INFO https://www.corteconstitucional.gov.co/relatoria/2006/C-355-06.htm: la misma norma ya está en el corpus o en la lista, se omite
10:13:56 INFO https://www.comunidadandina.org/StaticFiles/DocOf/DEC486.pdf: la misma norma ya está en el corpus o en la lista, se omite
10:13:56 INFO data/enlaces.txt: 0 links nuevos
10:13:56 INFO https://normograma.dian.gov.co/dian/compilacion/docs/ley_1437_2011.htm: la misma norma ya está en el corpus o en la lista, se omite
10:13:56 INFO http://www.corteconstitucional.gov.co/relatoria/2006/C-370-06.htm: la misma norma ya está en el corpus o en la lista, se omite
10:13:56 INFO https://normograma.dian.gov.co/dian/compilacion/docs/ley_1819_2016.htm: la misma norma ya está en el corpus o en la lista, se omite
10:13:56 INFO https://normograma.dian.gov.co/dian/compilacion/docs/ley_2010_2019.htm: la misma norma ya está en el corpus o en la lista, se omite
10:13:56 INFO https://normograma.dian.gov.co/dian/compilacion/docs/ley_1607_2012.htm: la misma norma ya está en el corpus o en la lista, se omite
10:13:56 INFO https://normograma.dian.gov.co/dian/compilacion/docs/ley_0223_1995.htm: la misma norma ya está en el corpus o en la lista, se omite
10:13:56 INFO https://normograma.dian.gov.co/dian/compilacion/docs/ley_2277_2022.htm: la misma norma ya está en el corpus o en la lista, se omite
10:13:56 INFO https://normograma.dian.gov.co/dian/compilacion/docs/ley_0006_1992.htm: la misma norma ya está en el corpus o en la lista, se omite
10:13:56 INFO https://normograma.dian.gov.co/dian/compilacion/docs/ley_0788_2002.htm: la misma norma ya está en el corpus o en la lista, se omite
10:13:56 INFO https://normograma.dian.gov.co/dian/compilacion/docs/ley_0488_1998.htm: la misma norma ya está en el corpus o en la lista, se omite
10:13:56 INFO https://normograma.dian.gov.co/dian/compilacion/docs/ley_1111_2006.htm: la misma norma ya está en el corpus o en la lista, se omite
10:13:56 INFO https://normograma.dian.gov.co/dian/compilacion/docs/ley_0383_1997.htm: la misma norma ya está en el corpus o en la lista, se omite
10:13:56 INFO https://normograma.dian.gov.co/dian/compilacion/docs/ley_0633_2000.htm: la misma norma ya está en el corpus o en la lista, se omite
10:13:56 INFO https://normograma.dian.gov.co/dian/compilacion/docs/ley_1430_2010.htm: la misma norma ya está en el corpus o en la lista, se omite
10:13:56 INFO https://normograma.dian.gov.co/dian/compilacion/docs/ley_1564_2012.htm: la misma norma ya está en el corpus o en la lista, se omite
10:13:56 INFO https://normograma.dian.gov.co/dian/compilacion/docs/ley_0863_2003.htm: la misma norma ya está en el corpus o en la lista, se omite
10:13:56 INFO https://normograma.dian.gov.co/dian/compilacion/docs/ley_1739_2014.htm: la misma norma ya está en el corpus o en la lista, se omite
10:13:56 INFO https://normograma.dian.gov.co/dian/compilacion/docs/ley_2155_2021.htm: la misma norma ya está en el corpus o en la lista, se omite
10:13:56 INFO https://normograma.dian.gov.co/dian/compilacion/docs/decreto_2106_2019.htm: la misma norma ya está en el corpus o en la lista, se omite
10:13:56 INFO https://normograma.dian.gov.co/dian/compilacion/docs/ley_0100_1993.htm: la misma norma ya está en el corpus o en la lista, se omite
10:13:56 INFO https://normograma.dian.gov.co/dian/compilacion/docs/ley_1955_2019.htm: la misma norma ya está en el corpus o en la lista, se omite
10:13:56 INFO https://normograma.dian.gov.co/dian/compilacion/docs/ley_0599_2000.htm: la misma norma ya está en el corpus o en la lista, se omite
10:13:56 INFO https://normograma.dian.gov.co/dian/compilacion/docs/ley_0098_1993.htm: la misma norma ya está en el corpus o en la lista, se omite
10:13:56 INFO https://normograma.dian.gov.co/dian/compilacion/docs/ley_1943_2018.htm: la misma norma ya está en el corpus o en la lista, se omite
10:13:56 INFO https://normograma.dian.gov.co/dian/compilacion/docs/ley_1395_2010.htm: la misma norma ya está en el corpus o en la lista, se omite
10:13:56 INFO https://normograma.dian.gov.co/dian/compilacion/docs/decreto_0019_2012.htm: la misma norma ya está en el corpus o en la lista, se omite
10:13:56 INFO https://normograma.dian.gov.co/dian/compilacion/docs/decreto_0240_2026.htm: la misma norma ya está en el corpus o en la lista, se omite
10:13:56 INFO https://normograma.dian.gov.co/dian/compilacion/docs/decreto_1625_2016.htm: la misma norma ya está en el corpus o en la lista, se omite
10:13:56 INFO https://normograma.dian.gov.co/dian/compilacion/docs/ley_1493_2011.htm: la misma norma ya está en el corpus o en la lista, se omite
10:13:56 INFO https://normograma.dian.gov.co/dian/compilacion/docs/ley_0546_1999.htm: la misma norma ya está en el corpus o en la lista, se omite
10:13:56 INFO https://normograma.dian.gov.co/dian/compilacion/docs/ley_0962_2005.htm: la misma norma ya está en el corpus o en la lista, se omite
10:13:56 INFO https://normograma.dian.gov.co/dian/compilacion/docs/ley_1004_2005.htm: la misma norma ya está en el corpus o en la lista, se omite
10:13:56 INFO https://normograma.dian.gov.co/dian/compilacion/docs/ley_1066_2006.htm: la misma norma ya está en el corpus o en la lista, se omite
10:13:56 INFO https://normograma.dian.gov.co/dian/compilacion/docs/ley_2068_2020.htm: la misma norma ya está en el corpus o en la lista, se omite
10:13:56 INFO https://normograma.dian.gov.co/dian/compilacion/docs/ley_1257_2008.htm: la misma norma ya está en el corpus o en la lista, se omite
10:13:56 INFO https://normograma.dian.gov.co/dian/compilacion/docs/decreto_0173_2026.htm: la misma norma ya está en el corpus o en la lista, se omite
10:13:56 INFO https://normograma.dian.gov.co/dian/compilacion/docs/ley_0181_1995.htm: la misma norma ya está en el corpus o en la lista, se omite
10:13:56 INFO https://normograma.dian.gov.co/dian/compilacion/docs/ley_0527_1999.htm: la misma norma ya está en el corpus o en la lista, se omite
10:13:56 INFO https://normograma.dian.gov.co/dian/compilacion/docs/ley_1328_2009.htm: la misma norma ya está en el corpus o en la lista, se omite
10:13:56 INFO https://normograma.dian.gov.co/dian/compilacion/docs/ley_1450_2011.htm: la misma norma ya está en el corpus o en la lista, se omite
10:13:56 INFO https://normograma.dian.gov.co/dian/compilacion/docs/ley_1715_2014.htm: la misma norma ya está en el corpus o en la lista, se omite
10:13:56 INFO https://normograma.dian.gov.co/dian/compilacion/docs/ley_2069_2020.htm: la misma norma ya está en el corpus o en la lista, se omite
10:13:56 INFO https://normograma.dian.gov.co/dian/compilacion/docs/ley_2294_2023.htm: la misma norma ya está en el corpus o en la lista, se omite
10:13:56 INFO https://normograma.dian.gov.co/dian/compilacion/docs/ley_2195_2022.htm: la misma norma ya está en el corpus o en la lista, se omite
10:13:56 INFO http://www.secretariasenado.gov.co/senado/basedoc/decreto/1992/decreto_2153_1992.html: la misma norma ya está en el corpus o en la lista, se omite
10:13:56 INFO http://www.secretariasenado.gov.co/senado/basedoc/ley_2380_2024.html: la misma norma ya está en el corpus o en la lista, se omite
10:13:56 INFO http://www.secretariasenado.gov.co/senado/basedoc/ley/2000/ley_0599_2000.html: la misma norma ya está en el corpus o en la lista, se omite
10:13:56 INFO https://normograma.dian.gov.co/dian/compilacion/docs/decreto_0438_2020.htm: la misma norma ya está en el corpus o en la lista, se omite
10:13:56 INFO https://normograma.dian.gov.co/dian/compilacion/docs/decreto_0551_2020.htm: la misma norma ya está en el corpus o en la lista, se omite
10:13:56 INFO https://normograma.dian.gov.co/dian/compilacion/docs/decreto_0575_2020.htm: la misma norma ya está en el corpus o en la lista, se omite
10:13:56 INFO https://normograma.dian.gov.co/dian/compilacion/docs/decreto_0807_2020.htm: la misma norma ya está en el corpus o en la lista, se omite
10:13:56 INFO https://normograma.dian.gov.co/dian/compilacion/docs/ley_0031_1992.htm: la misma norma ya está en el corpus o en la lista, se omite
10:13:56 INFO https://normograma.dian.gov.co/dian/compilacion/docs/ley_0115_1994.htm: la misma norma ya está en el corpus o en la lista, se omite
10:13:56 INFO https://normograma.dian.gov.co/dian/compilacion/docs/ley_0174_1994.htm: la misma norma ya está en el corpus o en la lista, se omite
10:13:56 INFO https://normograma.dian.gov.co/dian/compilacion/docs/ley_0191_1995.htm: la misma norma ya está en el corpus o en la lista, se omite
10:13:56 INFO https://normograma.dian.gov.co/dian/compilacion/docs/ley_0685_2001.htm: la misma norma ya está en el corpus o en la lista, se omite
10:13:56 INFO https://normograma.dian.gov.co/dian/compilacion/docs/ley_0964_2005.htm: la misma norma ya está en el corpus o en la lista, se omite
10:13:56 INFO https://normograma.dian.gov.co/dian/compilacion/docs/ley_1064_2006.htm: la misma norma ya está en el corpus o en la lista, se omite
10:13:56 INFO https://normograma.dian.gov.co/dian/compilacion/docs/ley_1341_2009.htm: la misma norma ya está en el corpus o en la lista, se omite
10:13:56 INFO https://normograma.dian.gov.co/dian/compilacion/docs/ley_1393_2010.htm: la misma norma ya está en el corpus o en la lista, se omite
10:13:56 INFO https://normograma.dian.gov.co/dian/compilacion/docs/ley_1429_2010.htm: la misma norma ya está en el corpus o en la lista, se omite
10:13:56 INFO https://normograma.dian.gov.co/dian/compilacion/docs/ley_1474_2011.htm: la misma norma ya está en el corpus o en la lista, se omite
10:13:56 INFO https://normograma.dian.gov.co/dian/compilacion/docs/ley_1537_2012.htm: la misma norma ya está en el corpus o en la lista, se omite
10:13:56 INFO https://normograma.dian.gov.co/dian/compilacion/docs/ley_1555_2012.htm: la misma norma ya está en el corpus o en la lista, se omite
10:13:56 INFO https://normograma.dian.gov.co/dian/compilacion/docs/ley_1581_2012.htm: la misma norma ya está en el corpus o en la lista, se omite
10:13:56 INFO https://normograma.dian.gov.co/dian/compilacion/docs/ley_1712_2014.htm: la misma norma ya está en el corpus o en la lista, se omite
10:13:56 INFO https://normograma.dian.gov.co/dian/compilacion/docs/ley_1731_2014.htm: la misma norma ya está en el corpus o en la lista, se omite
10:13:56 INFO https://normograma.dian.gov.co/dian/compilacion/docs/ley_1735_2014.htm: la misma norma ya está en el corpus o en la lista, se omite
10:13:56 INFO https://normograma.dian.gov.co/dian/compilacion/docs/ley_1753_2015.htm: la misma norma ya está en el corpus o en la lista, se omite
10:13:56 INFO https://normograma.dian.gov.co/dian/compilacion/docs/ley_2070_2020.htm: la misma norma ya está en el corpus o en la lista, se omite
10:13:56 INFO https://normograma.dian.gov.co/dian/compilacion/docs/ley_2133_2021.htm: la misma norma ya está en el corpus o en la lista, se omite
10:13:56 INFO https://normograma.dian.gov.co/dian/compilacion/docs/ley_0080_1993.htm: la misma norma ya está en el corpus o en la lista, se omite
10:13:56 INFO https://normograma.dian.gov.co/dian/compilacion/docs/ley_1266_2008.htm: la misma norma ya está en el corpus o en la lista, se omite
10:13:56 INFO https://normograma.dian.gov.co/dian/compilacion/docs/ley_1755_2015.htm: la misma norma ya está en el corpus o en la lista, se omite
10:13:56 INFO http://www.secretariasenado.gov.co/senado/basedoc/ley/1995/ley_0222_1995.html: la misma norma ya está en el corpus o en la lista, se omite
10:13:56 INFO http://www.secretariasenado.gov.co/senado/basedoc/decreto_0799_2020.html: la misma norma ya está en el corpus o en la lista, se omite
10:13:56 INFO http://www.secretariasenado.gov.co/senado/basedoc/ley_1536_2012.html: la misma norma ya está en el corpus o en la lista, se omite
10:13:56 INFO http://www.secretariasenado.gov.co/senado/basedoc/ley_2152_2021.html: la misma norma ya está en el corpus o en la lista, se omite
10:13:56 INFO http://www.secretariasenado.gov.co/senado/basedoc/ley_2411_2024.html: la misma norma ya está en el corpus o en la lista, se omite
10:13:56 INFO http://www.corteconstitucional.gov.co/relatoria/2004/C-507-04.htm: la misma norma ya está en el corpus o en la lista, se omite
10:13:56 INFO https://normograma.dian.gov.co/dian/compilacion/docs/ley_0388_1997.htm: la misma norma ya está en el corpus o en la lista, se omite
10:13:56 INFO https://normograma.dian.gov.co/dian/compilacion/docs/ley_1150_2007.htm: la misma norma ya está en el corpus o en la lista, se omite
10:13:56 INFO https://normograma.dian.gov.co/dian/compilacion/docs/ley_0906_2004.htm: la misma norma ya está en el corpus o en la lista, se omite
10:13:56 INFO https://normograma.dian.gov.co/dian/compilacion/docs/ley_0300_1996.htm: la misma norma ya está en el corpus o en la lista, se omite
10:13:56 INFO https://normograma.dian.gov.co/dian/compilacion/docs/ley_0489_1998.htm: la misma norma ya está en el corpus o en la lista, se omite
10:13:56 INFO https://normograma.dian.gov.co/dian/compilacion/docs/ley_1978_2019.htm: la misma norma ya está en el corpus o en la lista, se omite
10:13:56 INFO https://normograma.dian.gov.co/dian/compilacion/docs/ley_1116_2006.htm: la misma norma ya está en el corpus o en la lista, se omite
10:13:56 INFO https://normograma.dian.gov.co/dian/compilacion/docs/ley_2099_2021.htm: la misma norma ya está en el corpus o en la lista, se omite
10:13:56 INFO https://normograma.dian.gov.co/dian/compilacion/docs/ley_1453_2011.htm: la misma norma ya está en el corpus o en la lista, se omite
10:13:56 INFO https://normograma.dian.gov.co/dian/compilacion/docs/ley_0812_2003.htm: la misma norma ya está en el corpus o en la lista, se omite
10:13:56 INFO https://normograma.dian.gov.co/dian/compilacion/docs/ley_0681_2001.htm: la misma norma ya está en el corpus o en la lista, se omite
10:13:56 INFO https://normograma.dian.gov.co/dian/compilacion/docs/ley_1762_2015.htm: la misma norma ya está en el corpus o en la lista, se omite
10:13:56 INFO https://normograma.dian.gov.co/dian/compilacion/docs/ley_1101_2006.htm: la misma norma ya está en el corpus o en la lista, se omite
10:13:56 INFO https://normograma.dian.gov.co/dian/compilacion/docs/ley_2197_2022.htm: la misma norma ya está en el corpus o en la lista, se omite
10:13:56 INFO https://normograma.dian.gov.co/dian/compilacion/docs/ley_0677_2001.htm: la misma norma ya está en el corpus o en la lista, se omite
10:13:56 INFO https://normograma.dian.gov.co/dian/compilacion/docs/ley_0716_2001.htm: la misma norma ya está en el corpus o en la lista, se omite
10:13:56 INFO https://normograma.dian.gov.co/dian/compilacion/docs/ley_2292_2023.htm: la misma norma ya está en el corpus o en la lista, se omite
10:13:56 INFO https://normograma.dian.gov.co/dian/compilacion/docs/ley_1480_2011.htm: la misma norma ya está en el corpus o en la lista, se omite
10:13:56 INFO https://normograma.dian.gov.co/dian/compilacion/docs/ley_2108_2021.htm: la misma norma ya está en el corpus o en la lista, se omite
10:13:56 INFO https://normograma.dian.gov.co/dian/compilacion/docs/ley_1175_2007.htm: la misma norma ya está en el corpus o en la lista, se omite
10:13:56 INFO https://normograma.dian.gov.co/dian/compilacion/docs/ley_1816_2016.htm: la misma norma ya está en el corpus o en la lista, se omite
10:13:56 INFO https://normograma.dian.gov.co/dian/compilacion/docs/ley_2056_2020.htm: la misma norma ya está en el corpus o en la lista, se omite
10:13:56 INFO https://normograma.dian.gov.co/dian/compilacion/docs/ley_1121_2006.htm: la misma norma ya está en el corpus o en la lista, se omite
10:13:56 INFO https://normograma.dian.gov.co/dian/compilacion/docs/ley_2098_2021.htm: la misma norma ya está en el corpus o en la lista, se omite
10:13:56 INFO https://normograma.dian.gov.co/dian/compilacion/docs/decreto_2245_2011.htm: la misma norma ya está en el corpus o en la lista, se omite
10:13:56 INFO https://normograma.dian.gov.co/dian/compilacion/docs/ley_0141_1994.htm: la misma norma ya está en el corpus o en la lista, se omite
10:13:56 INFO https://normograma.dian.gov.co/dian/compilacion/docs/ley_1142_2007.htm: la misma norma ya está en el corpus o en la lista, se omite
10:13:56 INFO https://normograma.dian.gov.co/dian/compilacion/docs/ley_0915_2004.htm: la misma norma ya está en el corpus o en la lista, se omite
10:13:56 INFO https://normograma.dian.gov.co/dian/compilacion/docs/decreto_1261_2026.htm: la misma norma ya está en el corpus o en la lista, se omite
10:13:56 INFO https://normograma.dian.gov.co/dian/compilacion/docs/ley_2135_2021.htm: la misma norma ya está en el corpus o en la lista, se omite
10:13:56 INFO https://normograma.dian.gov.co/dian/compilacion/docs/ley_1556_2012.htm: la misma norma ya está en el corpus o en la lista, se omite
10:13:56 INFO https://normograma.dian.gov.co/dian/compilacion/docs/ley_1527_2012.htm: la misma norma ya está en el corpus o en la lista, se omite
10:13:56 INFO https://normograma.dian.gov.co/dian/compilacion/docs/decreto_1742_2020.htm: la misma norma ya está en el corpus o en la lista, se omite
10:13:56 INFO https://normograma.dian.gov.co/dian/compilacion/docs/decreto_0688_2020.htm: la misma norma ya está en el corpus o en la lista, se omite
10:13:56 INFO https://normograma.dian.gov.co/dian/compilacion/docs/ley_0047_1993.htm: la misma norma ya está en el corpus o en la lista, se omite
10:13:56 INFO https://normograma.dian.gov.co/dian/compilacion/docs/ley_1114_2006.htm: la misma norma ya está en el corpus o en la lista, se omite
10:13:56 INFO https://normograma.dian.gov.co/dian/compilacion/docs/ley_1952_2019.htm: la misma norma ya está en el corpus o en la lista, se omite
10:13:56 INFO https://normograma.dian.gov.co/dian/compilacion/docs/ley_1944_2018.htm: la misma norma ya está en el corpus o en la lista, se omite
10:13:56 INFO https://normograma.dian.gov.co/dian/compilacion/docs/decreto_1082_2015.htm: la misma norma ya está en el corpus o en la lista, se omite
10:13:56 INFO https://normograma.dian.gov.co/dian/compilacion/docs/decreto_0071_2020.htm: la misma norma ya está en el corpus o en la lista, se omite
10:13:56 INFO https://normograma.dian.gov.co/dian/compilacion/docs/decreto_1494_2015.htm: la misma norma ya está en el corpus o en la lista, se omite
10:13:56 INFO http://www.secretariasenado.gov.co/senado/basedoc/decreto_0535_2020.html: la misma norma ya está en el corpus o en la lista, se omite
10:13:56 INFO https://normograma.dian.gov.co/dian/compilacion/docs/decreto_4048_2008.htm: la misma norma ya está en el corpus o en la lista, se omite
10:13:56 INFO https://normograma.dian.gov.co/dian/compilacion/docs/ley_0814_2003.htm: la misma norma ya está en el corpus o en la lista, se omite
10:13:56 INFO https://normograma.dian.gov.co/dian/compilacion/docs/decreto_0518_2020.htm: la misma norma ya está en el corpus o en la lista, se omite
10:13:56 INFO https://normograma.dian.gov.co/dian/compilacion/docs/ley_0818_2003.htm: la misma norma ya está en el corpus o en la lista, se omite
10:13:56 INFO https://normograma.dian.gov.co/dian/compilacion/docs/ley_1032_2006.htm: la misma norma ya está en el corpus o en la lista, se omite
10:13:56 INFO https://normograma.dian.gov.co/dian/compilacion/docs/ley_1273_2009.htm: la misma norma ya está en el corpus o en la lista, se omite
10:13:56 INFO https://normograma.dian.gov.co/dian/compilacion/docs/ley_1565_2012.htm: la misma norma ya está en el corpus o en la lista, se omite
10:13:56 INFO https://normograma.dian.gov.co/dian/compilacion/docs/ley_1609_2013.htm: la misma norma ya está en el corpus o en la lista, se omite
10:13:56 INFO https://normograma.dian.gov.co/dian/compilacion/docs/ley_1931_2018.htm: la misma norma ya está en el corpus o en la lista, se omite
10:13:56 INFO https://normograma.dian.gov.co/dian/compilacion/docs/decreto_4651_2006.htm: la misma norma ya está en el corpus o en la lista, se omite
10:13:56 INFO https://normograma.dian.gov.co/dian/compilacion/docs/ley_0044_1993.htm: la misma norma ya está en el corpus o en la lista, se omite
10:13:56 INFO https://normograma.dian.gov.co/dian/compilacion/docs/decreto_1092_1996.htm: la misma norma ya está en el corpus o en la lista, se omite
10:13:56 INFO https://normograma.dian.gov.co/dian/compilacion/docs/decreto_0920_2023.htm: la misma norma ya está en el corpus o en la lista, se omite
10:13:56 INFO https://normograma.dian.gov.co/dian/compilacion/docs/decreto_2272_1991.htm: la misma norma ya está en el corpus o en la lista, se omite
10:13:56 INFO https://normograma.dian.gov.co/dian/compilacion/docs/ley_0939_2004.htm: la misma norma ya está en el corpus o en la lista, se omite
10:13:56 INFO https://normograma.dian.gov.co/dian/compilacion/docs/decreto_0808_2020.htm: la misma norma ya está en el corpus o en la lista, se omite
10:13:56 INFO https://normograma.dian.gov.co/dian/compilacion/docs/ley_2052_2020.htm: la misma norma ya está en el corpus o en la lista, se omite
10:13:56 INFO https://normograma.dian.gov.co/dian/compilacion/docs/ley_1915_2018.htm: la misma norma ya está en el corpus o en la lista, se omite
10:13:56 INFO https://normograma.dian.gov.co/dian/compilacion/docs/ley_2111_2021.htm: la misma norma ya está en el corpus o en la lista, se omite
10:13:56 INFO https://normograma.dian.gov.co/dian/compilacion/docs/ley_2356_2024.htm: la misma norma ya está en el corpus o en la lista, se omite
10:13:56 INFO https://normograma.dian.gov.co/dian/compilacion/docs/decreto_1071_1999.htm: la misma norma ya está en el corpus o en la lista, se omite
10:13:56 INFO https://normograma.dian.gov.co/dian/compilacion/docs/decreto_0540_2020.htm: la misma norma ya está en el corpus o en la lista, se omite
10:13:56 INFO http://www.secretariasenado.gov.co/senado/basedoc/decreto_4712_2008.html: la misma norma ya está en el corpus o en la lista, se omite
10:13:56 INFO http://www.secretariasenado.gov.co/senado/basedoc/decreto_0492_2020.html: la misma norma ya está en el corpus o en la lista, se omite
10:13:56 INFO https://normograma.dian.gov.co/dian/compilacion/docs/ley_1475_2011.htm: la misma norma ya está en el corpus o en la lista, se omite
10:13:56 INFO https://normograma.dian.gov.co/dian/compilacion/docs/ley_2064_2020.htm: la misma norma ya está en el corpus o en la lista, se omite
10:13:56 INFO https://normograma.dian.gov.co/dian/compilacion/docs/ley_0361_1997.htm: la misma norma ya está en el corpus o en la lista, se omite
10:13:56 INFO https://normograma.dian.gov.co/dian/compilacion/docs/decreto_0772_2020.htm: la misma norma ya está en el corpus o en la lista, se omite
10:13:56 INFO https://normograma.dian.gov.co/dian/compilacion/docs/ley_0123_1994.htm: la misma norma ya está en el corpus o en la lista, se omite
10:13:56 INFO https://normograma.dian.gov.co/dian/compilacion/docs/ley_2300_2023.htm: la misma norma ya está en el corpus o en la lista, se omite
10:13:56 INFO https://normograma.dian.gov.co/dian/compilacion/docs/decreto_0722_2014.htm: la misma norma ya está en el corpus o en la lista, se omite
10:13:56 INFO https://normograma.dian.gov.co/dian/compilacion/docs/ley_1379_2010.htm: la misma norma ya está en el corpus o en la lista, se omite
10:13:56 INFO https://normograma.dian.gov.co/dian/compilacion/docs/ley_0594_2000.htm: la misma norma ya está en el corpus o en la lista, se omite
10:13:56 INFO https://normograma.dian.gov.co/dian/compilacion/docs/ley_1028_2006.htm: la misma norma ya está en el corpus o en la lista, se omite
10:13:56 INFO https://normograma.dian.gov.co/dian/compilacion/docs/ley_1959_2019.htm: la misma norma ya está en el corpus o en la lista, se omite
10:13:56 INFO https://normograma.dian.gov.co/dian/compilacion/docs/ley_2375_2024.htm: la misma norma ya está en el corpus o en la lista, se omite
10:13:56 INFO https://normograma.dian.gov.co/dian/compilacion/docs/ley_2477_2025.htm: la misma norma ya está en el corpus o en la lista, se omite
10:13:56 INFO http://www.secretariasenado.gov.co/senado/basedoc/ley_0253_1996.html: la misma norma ya está en el corpus o en la lista, se omite
10:13:56 INFO https://normograma.dian.gov.co/dian/compilacion/docs/ley_1621_2013.htm: la misma norma ya está en el corpus o en la lista, se omite
10:13:56 INFO http://www.secretariasenado.gov.co/senado/basedoc/ley_1694_2013.html: la misma norma ya está en el corpus o en la lista, se omite
10:13:56 INFO https://normograma.dian.gov.co/dian/compilacion/docs/ley_2094_2021.htm: la misma norma ya está en el corpus o en la lista, se omite
10:13:56 INFO https://normograma.dian.gov.co/dian/compilacion/docs/ley_1826_2017.htm: la misma norma ya está en el corpus o en la lista, se omite
10:13:56 INFO https://normograma.dian.gov.co/dian/compilacion/docs/ley_1902_2018.htm: la misma norma ya está en el corpus o en la lista, se omite
10:13:56 INFO https://normograma.dian.gov.co/dian/compilacion/docs/decreto_0560_2020.htm: la misma norma ya está en el corpus o en la lista, se omite
10:13:56 INFO https://normograma.dian.gov.co/dian/compilacion/docs/decreto_0210_2003.htm: la misma norma ya está en el corpus o en la lista, se omite
10:13:56 INFO https://normograma.dian.gov.co/dian/compilacion/docs/ley_0986_2005.htm: la misma norma ya está en el corpus o en la lista, se omite
10:13:56 INFO https://normograma.dian.gov.co/dian/compilacion/docs/ley_2586_2026.htm: la misma norma ya está en el corpus o en la lista, se omite
10:13:56 INFO https://normograma.dian.gov.co/dian/compilacion/docs/ley_1312_2009.htm: la misma norma ya está en el corpus o en la lista, se omite
10:13:56 INFO https://normograma.dian.gov.co/dian/compilacion/docs/ley_1652_2013.htm: la misma norma ya está en el corpus o en la lista, se omite
10:13:56 INFO https://normograma.dian.gov.co/dian/compilacion/docs/decreto_1074_1999.htm: la misma norma ya está en el corpus o en la lista, se omite
10:13:56 INFO https://normograma.dian.gov.co/dian/compilacion/docs/ley_1760_2015.htm: la misma norma ya está en el corpus o en la lista, se omite
10:13:56 INFO https://normograma.dian.gov.co/dian/compilacion/docs/ley_2205_2022.htm: la misma norma ya está en el corpus o en la lista, se omite
10:13:56 INFO https://normograma.dian.gov.co/dian/compilacion/docs/ley_2365_2024.htm: la misma norma ya está en el corpus o en la lista, se omite
10:13:56 INFO https://normograma.dian.gov.co/dian/compilacion/docs/ley_1234_2008.htm: la misma norma ya está en el corpus o en la lista, se omite
10:13:56 INFO https://normograma.dian.gov.co/dian/compilacion/docs/ley_1221_2008.htm: la misma norma ya está en el corpus o en la lista, se omite
10:13:56 INFO https://normograma.dian.gov.co/dian/compilacion/docs/ley_2040_2020.htm: la misma norma ya está en el corpus o en la lista, se omite
10:13:56 INFO https://normograma.dian.gov.co/dian/compilacion/docs/decreto_0927_2023.htm: la misma norma ya está en el corpus o en la lista, se omite
10:13:56 INFO https://normograma.dian.gov.co/dian/compilacion/docs/ley_1923_2018.htm: la misma norma ya está en el corpus o en la lista, se omite
10:13:56 INFO https://normograma.dian.gov.co/dian/compilacion/docs/decreto_2770_2004.htm: la misma norma ya está en el corpus o en la lista, se omite
10:13:56 INFO https://normograma.dian.gov.co/dian/compilacion/docs/ley_0985_2005.htm: la misma norma ya está en el corpus o en la lista, se omite
10:13:56 INFO https://normograma.dian.gov.co/dian/compilacion/docs/ley_1774_2016.htm: la misma norma ya está en el corpus o en la lista, se omite
10:13:56 INFO https://normograma.dian.gov.co/dian/compilacion/docs/ley_1786_2016.htm: la misma norma ya está en el corpus o en la lista, se omite
10:13:56 INFO https://normograma.dian.gov.co/dian/compilacion/docs/ley_1851_2017.htm: la misma norma ya está en el corpus o en la lista, se omite
10:13:56 INFO https://normograma.dian.gov.co/dian/compilacion/docs/ley_2592_2026.htm: la misma norma ya está en el corpus o en la lista, se omite
10:13:56 INFO https://normograma.dian.gov.co/dian/compilacion/docs/ley_2022_2020.htm: la misma norma ya está en el corpus o en la lista, se omite
10:13:56 INFO data/enlaces_proximidad.txt: 3366 links nuevos
10:13:56 INFO Documentos a procesar: 4
10:13:56 INFO ley_54_1990: descargando (html)
10:13:57 INFO   parte_000.html  https://normas.cra.gov.co/gestor/docs/ley_0054_1990.htm (54 KB)
10:13:58 INFO ley_54_1990: OK · 1 partes · 9 artículos detectados · 7529 caracteres
10:13:58 INFO ley_29_1982: descargando (html)
10:14:00 INFO   parte_000.html  https://normativa.colpensiones.gov.co/colpens/docs/ley_0029_1982.htm (24 KB)
10:14:00 INFO ley_29_1982: OK · 1 partes · 11 artículos detectados · 3915 caracteres
10:14:00 INFO ley_45_1990: descargando (html)
10:14:00 INFO   parte_000.html  https://normas.cra.gov.co/gestor/docs/ley_0045_1990.htm (174 KB)
10:14:00 INFO ley_45_1990: OK · 1 partes · 99 artículos detectados · 87185 caracteres
10:14:00 INFO decreto_2663_1950: descargando (html)
10:14:01 INFO   parte_000.html  https://normativa.colpensiones.gov.co/colpens/docs/decreto_2663_1950.htm (72 KB)
10:14:01 INFO decreto_2663_1950: OK · 1 partes · 38 artículos detectados · 13945 caracteres

Listos: 4 · Con error: 0 · Normas enlazadas aún fuera del corpus: 224 (ver data/descubiertos.csv)
  ⚠ En el manifest pero ya no en las fuentes (bórrenlos de data/raw, data/md y del manifest si no los quieren): decreto_1082_2015-2, decreto_1625_2016-2, decreto_3030_2022, decreto_4302_2008, ley_2568_2021, sentencia_c-148_2025, sentencia_c-29_2009, sentencia_c-317_2025, sentencia_c-448_2020, sentencia_c-465_2008, sentencia_c-539_2016, sentencia_c-581_2001, sentencia_c-75_2007, sentencia_c-878_2011, sentencia_su-140_2019, sentencia_su-167_2023, sentencia_su-237_2019, sentencia_su-279_2019, sentencia_su-288_2015, sentencia_su-292_2025, sentencia_su-336_2017, sentencia_su-40_2018, sentencia_su-41_2022, sentencia_su-452_2024, sentencia_su-499_2024, sentencia_su-54_2015, sentencia_su-575_2019, sentencia_su-691_2017, sentencia_t-202_2018, sentencia_t-202_2024, sentencia_t-254_2006, sentencia_t-277_2018, sentencia_t-284_2025, sentencia_t-287_2022, sentencia_t-426_2003, sentencia_t-456_2024, sentencia_t-4_2016, sentencia_t-617_2010, sentencia_t-8_2026
== 2/3 reintentando los que fallaron (2 pasadas)
10:14:06 INFO decreto_2591_1991: fuentes_propias.json reemplaza la entrada anterior
10:14:06 INFO ley_1996_2019: fuentes_propias.json reemplaza la entrada anterior
10:14:06 INFO ley_54_1990: fuentes_alternativas.json reemplaza la entrada anterior
10:14:06 INFO ley_29_1982: fuentes_alternativas.json reemplaza la entrada anterior
10:14:06 INFO http://www.secretariasenado.gov.co/senado/basedoc/ley_0080_1993.html: la misma norma ya está en el corpus o en la lista, se omite
10:14:06 INFO https://www.corteconstitucional.gov.co/relatoria/2006/C-355-06.htm: la misma norma ya está en el corpus o en la lista, se omite
10:14:06 INFO https://www.comunidadandina.org/StaticFiles/DocOf/DEC486.pdf: la misma norma ya está en el corpus o en la lista, se omite
10:14:06 INFO data/enlaces.txt: 0 links nuevos
10:14:06 INFO https://normograma.dian.gov.co/dian/compilacion/docs/ley_1437_2011.htm: la misma norma ya está en el corpus o en la lista, se omite
10:14:06 INFO http://www.corteconstitucional.gov.co/relatoria/2006/C-370-06.htm: la misma norma ya está en el corpus o en la lista, se omite
10:14:06 INFO https://normograma.dian.gov.co/dian/compilacion/docs/ley_1819_2016.htm: la misma norma ya está en el corpus o en la lista, se omite
10:14:06 INFO https://normograma.dian.gov.co/dian/compilacion/docs/ley_2010_2019.htm: la misma norma ya está en el corpus o en la lista, se omite
10:14:06 INFO https://normograma.dian.gov.co/dian/compilacion/docs/ley_1607_2012.htm: la misma norma ya está en el corpus o en la lista, se omite
10:14:06 INFO https://normograma.dian.gov.co/dian/compilacion/docs/ley_0223_1995.htm: la misma norma ya está en el corpus o en la lista, se omite
10:14:06 INFO https://normograma.dian.gov.co/dian/compilacion/docs/ley_2277_2022.htm: la misma norma ya está en el corpus o en la lista, se omite
10:14:06 INFO https://normograma.dian.gov.co/dian/compilacion/docs/ley_0006_1992.htm: la misma norma ya está en el corpus o en la lista, se omite
10:14:06 INFO https://normograma.dian.gov.co/dian/compilacion/docs/ley_0788_2002.htm: la misma norma ya está en el corpus o en la lista, se omite
10:14:06 INFO https://normograma.dian.gov.co/dian/compilacion/docs/ley_0488_1998.htm: la misma norma ya está en el corpus o en la lista, se omite
10:14:06 INFO https://normograma.dian.gov.co/dian/compilacion/docs/ley_1111_2006.htm: la misma norma ya está en el corpus o en la lista, se omite
10:14:06 INFO https://normograma.dian.gov.co/dian/compilacion/docs/ley_0383_1997.htm: la misma norma ya está en el corpus o en la lista, se omite
10:14:06 INFO https://normograma.dian.gov.co/dian/compilacion/docs/ley_0633_2000.htm: la misma norma ya está en el corpus o en la lista, se omite
10:14:06 INFO https://normograma.dian.gov.co/dian/compilacion/docs/ley_1430_2010.htm: la misma norma ya está en el corpus o en la lista, se omite
10:14:06 INFO https://normograma.dian.gov.co/dian/compilacion/docs/ley_1564_2012.htm: la misma norma ya está en el corpus o en la lista, se omite
10:14:06 INFO https://normograma.dian.gov.co/dian/compilacion/docs/ley_0863_2003.htm: la misma norma ya está en el corpus o en la lista, se omite
10:14:06 INFO https://normograma.dian.gov.co/dian/compilacion/docs/ley_1739_2014.htm: la misma norma ya está en el corpus o en la lista, se omite
10:14:06 INFO https://normograma.dian.gov.co/dian/compilacion/docs/ley_2155_2021.htm: la misma norma ya está en el corpus o en la lista, se omite
10:14:06 INFO https://normograma.dian.gov.co/dian/compilacion/docs/decreto_2106_2019.htm: la misma norma ya está en el corpus o en la lista, se omite
10:14:06 INFO https://normograma.dian.gov.co/dian/compilacion/docs/ley_0100_1993.htm: la misma norma ya está en el corpus o en la lista, se omite
10:14:06 INFO https://normograma.dian.gov.co/dian/compilacion/docs/ley_1955_2019.htm: la misma norma ya está en el corpus o en la lista, se omite
10:14:06 INFO https://normograma.dian.gov.co/dian/compilacion/docs/ley_0599_2000.htm: la misma norma ya está en el corpus o en la lista, se omite
10:14:06 INFO https://normograma.dian.gov.co/dian/compilacion/docs/ley_0098_1993.htm: la misma norma ya está en el corpus o en la lista, se omite
10:14:06 INFO https://normograma.dian.gov.co/dian/compilacion/docs/ley_1943_2018.htm: la misma norma ya está en el corpus o en la lista, se omite
10:14:06 INFO https://normograma.dian.gov.co/dian/compilacion/docs/ley_1395_2010.htm: la misma norma ya está en el corpus o en la lista, se omite
10:14:06 INFO https://normograma.dian.gov.co/dian/compilacion/docs/decreto_0019_2012.htm: la misma norma ya está en el corpus o en la lista, se omite
10:14:06 INFO https://normograma.dian.gov.co/dian/compilacion/docs/decreto_0240_2026.htm: la misma norma ya está en el corpus o en la lista, se omite
10:14:06 INFO https://normograma.dian.gov.co/dian/compilacion/docs/decreto_1625_2016.htm: la misma norma ya está en el corpus o en la lista, se omite
10:14:06 INFO https://normograma.dian.gov.co/dian/compilacion/docs/ley_1493_2011.htm: la misma norma ya está en el corpus o en la lista, se omite
10:14:06 INFO https://normograma.dian.gov.co/dian/compilacion/docs/ley_0546_1999.htm: la misma norma ya está en el corpus o en la lista, se omite
10:14:06 INFO https://normograma.dian.gov.co/dian/compilacion/docs/ley_0962_2005.htm: la misma norma ya está en el corpus o en la lista, se omite
10:14:06 INFO https://normograma.dian.gov.co/dian/compilacion/docs/ley_1004_2005.htm: la misma norma ya está en el corpus o en la lista, se omite
10:14:06 INFO https://normograma.dian.gov.co/dian/compilacion/docs/ley_1066_2006.htm: la misma norma ya está en el corpus o en la lista, se omite
10:14:06 INFO https://normograma.dian.gov.co/dian/compilacion/docs/ley_2068_2020.htm: la misma norma ya está en el corpus o en la lista, se omite
10:14:06 INFO https://normograma.dian.gov.co/dian/compilacion/docs/ley_1257_2008.htm: la misma norma ya está en el corpus o en la lista, se omite
10:14:06 INFO https://normograma.dian.gov.co/dian/compilacion/docs/decreto_0173_2026.htm: la misma norma ya está en el corpus o en la lista, se omite
10:14:06 INFO https://normograma.dian.gov.co/dian/compilacion/docs/ley_0181_1995.htm: la misma norma ya está en el corpus o en la lista, se omite
10:14:06 INFO https://normograma.dian.gov.co/dian/compilacion/docs/ley_0527_1999.htm: la misma norma ya está en el corpus o en la lista, se omite
10:14:06 INFO https://normograma.dian.gov.co/dian/compilacion/docs/ley_1328_2009.htm: la misma norma ya está en el corpus o en la lista, se omite
10:14:06 INFO https://normograma.dian.gov.co/dian/compilacion/docs/ley_1450_2011.htm: la misma norma ya está en el corpus o en la lista, se omite
10:14:06 INFO https://normograma.dian.gov.co/dian/compilacion/docs/ley_1715_2014.htm: la misma norma ya está en el corpus o en la lista, se omite
10:14:06 INFO https://normograma.dian.gov.co/dian/compilacion/docs/ley_2069_2020.htm: la misma norma ya está en el corpus o en la lista, se omite
10:14:06 INFO https://normograma.dian.gov.co/dian/compilacion/docs/ley_2294_2023.htm: la misma norma ya está en el corpus o en la lista, se omite
10:14:06 INFO https://normograma.dian.gov.co/dian/compilacion/docs/ley_2195_2022.htm: la misma norma ya está en el corpus o en la lista, se omite
10:14:06 INFO http://www.secretariasenado.gov.co/senado/basedoc/decreto/1992/decreto_2153_1992.html: la misma norma ya está en el corpus o en la lista, se omite
10:14:06 INFO http://www.secretariasenado.gov.co/senado/basedoc/ley_2380_2024.html: la misma norma ya está en el corpus o en la lista, se omite
10:14:06 INFO http://www.secretariasenado.gov.co/senado/basedoc/ley/2000/ley_0599_2000.html: la misma norma ya está en el corpus o en la lista, se omite
10:14:06 INFO https://normograma.dian.gov.co/dian/compilacion/docs/decreto_0438_2020.htm: la misma norma ya está en el corpus o en la lista, se omite
10:14:06 INFO https://normograma.dian.gov.co/dian/compilacion/docs/decreto_0551_2020.htm: la misma norma ya está en el corpus o en la lista, se omite
10:14:06 INFO https://normograma.dian.gov.co/dian/compilacion/docs/decreto_0575_2020.htm: la misma norma ya está en el corpus o en la lista, se omite
10:14:06 INFO https://normograma.dian.gov.co/dian/compilacion/docs/decreto_0807_2020.htm: la misma norma ya está en el corpus o en la lista, se omite
10:14:06 INFO https://normograma.dian.gov.co/dian/compilacion/docs/ley_0031_1992.htm: la misma norma ya está en el corpus o en la lista, se omite
10:14:06 INFO https://normograma.dian.gov.co/dian/compilacion/docs/ley_0115_1994.htm: la misma norma ya está en el corpus o en la lista, se omite
10:14:06 INFO https://normograma.dian.gov.co/dian/compilacion/docs/ley_0174_1994.htm: la misma norma ya está en el corpus o en la lista, se omite
10:14:06 INFO https://normograma.dian.gov.co/dian/compilacion/docs/ley_0191_1995.htm: la misma norma ya está en el corpus o en la lista, se omite
10:14:06 INFO https://normograma.dian.gov.co/dian/compilacion/docs/ley_0685_2001.htm: la misma norma ya está en el corpus o en la lista, se omite
10:14:06 INFO https://normograma.dian.gov.co/dian/compilacion/docs/ley_0964_2005.htm: la misma norma ya está en el corpus o en la lista, se omite
10:14:06 INFO https://normograma.dian.gov.co/dian/compilacion/docs/ley_1064_2006.htm: la misma norma ya está en el corpus o en la lista, se omite
10:14:06 INFO https://normograma.dian.gov.co/dian/compilacion/docs/ley_1341_2009.htm: la misma norma ya está en el corpus o en la lista, se omite
10:14:06 INFO https://normograma.dian.gov.co/dian/compilacion/docs/ley_1393_2010.htm: la misma norma ya está en el corpus o en la lista, se omite
10:14:06 INFO https://normograma.dian.gov.co/dian/compilacion/docs/ley_1429_2010.htm: la misma norma ya está en el corpus o en la lista, se omite
10:14:06 INFO https://normograma.dian.gov.co/dian/compilacion/docs/ley_1474_2011.htm: la misma norma ya está en el corpus o en la lista, se omite
10:14:06 INFO https://normograma.dian.gov.co/dian/compilacion/docs/ley_1537_2012.htm: la misma norma ya está en el corpus o en la lista, se omite
10:14:06 INFO https://normograma.dian.gov.co/dian/compilacion/docs/ley_1555_2012.htm: la misma norma ya está en el corpus o en la lista, se omite
10:14:06 INFO https://normograma.dian.gov.co/dian/compilacion/docs/ley_1581_2012.htm: la misma norma ya está en el corpus o en la lista, se omite
10:14:06 INFO https://normograma.dian.gov.co/dian/compilacion/docs/ley_1712_2014.htm: la misma norma ya está en el corpus o en la lista, se omite
10:14:06 INFO https://normograma.dian.gov.co/dian/compilacion/docs/ley_1731_2014.htm: la misma norma ya está en el corpus o en la lista, se omite
10:14:06 INFO https://normograma.dian.gov.co/dian/compilacion/docs/ley_1735_2014.htm: la misma norma ya está en el corpus o en la lista, se omite
10:14:06 INFO https://normograma.dian.gov.co/dian/compilacion/docs/ley_1753_2015.htm: la misma norma ya está en el corpus o en la lista, se omite
10:14:06 INFO https://normograma.dian.gov.co/dian/compilacion/docs/ley_2070_2020.htm: la misma norma ya está en el corpus o en la lista, se omite
10:14:06 INFO https://normograma.dian.gov.co/dian/compilacion/docs/ley_2133_2021.htm: la misma norma ya está en el corpus o en la lista, se omite
10:14:06 INFO https://normograma.dian.gov.co/dian/compilacion/docs/ley_0080_1993.htm: la misma norma ya está en el corpus o en la lista, se omite
10:14:06 INFO https://normograma.dian.gov.co/dian/compilacion/docs/ley_1266_2008.htm: la misma norma ya está en el corpus o en la lista, se omite
10:14:06 INFO https://normograma.dian.gov.co/dian/compilacion/docs/ley_1755_2015.htm: la misma norma ya está en el corpus o en la lista, se omite
10:14:06 INFO http://www.secretariasenado.gov.co/senado/basedoc/ley/1995/ley_0222_1995.html: la misma norma ya está en el corpus o en la lista, se omite
10:14:06 INFO http://www.secretariasenado.gov.co/senado/basedoc/decreto_0799_2020.html: la misma norma ya está en el corpus o en la lista, se omite
10:14:06 INFO http://www.secretariasenado.gov.co/senado/basedoc/ley_1536_2012.html: la misma norma ya está en el corpus o en la lista, se omite
10:14:06 INFO http://www.secretariasenado.gov.co/senado/basedoc/ley_2152_2021.html: la misma norma ya está en el corpus o en la lista, se omite
10:14:06 INFO http://www.secretariasenado.gov.co/senado/basedoc/ley_2411_2024.html: la misma norma ya está en el corpus o en la lista, se omite
10:14:06 INFO http://www.corteconstitucional.gov.co/relatoria/2004/C-507-04.htm: la misma norma ya está en el corpus o en la lista, se omite
10:14:06 INFO https://normograma.dian.gov.co/dian/compilacion/docs/ley_0388_1997.htm: la misma norma ya está en el corpus o en la lista, se omite
10:14:06 INFO https://normograma.dian.gov.co/dian/compilacion/docs/ley_1150_2007.htm: la misma norma ya está en el corpus o en la lista, se omite
10:14:06 INFO https://normograma.dian.gov.co/dian/compilacion/docs/ley_0906_2004.htm: la misma norma ya está en el corpus o en la lista, se omite
10:14:06 INFO https://normograma.dian.gov.co/dian/compilacion/docs/ley_0300_1996.htm: la misma norma ya está en el corpus o en la lista, se omite
10:14:06 INFO https://normograma.dian.gov.co/dian/compilacion/docs/ley_0489_1998.htm: la misma norma ya está en el corpus o en la lista, se omite
10:14:06 INFO https://normograma.dian.gov.co/dian/compilacion/docs/ley_1978_2019.htm: la misma norma ya está en el corpus o en la lista, se omite
10:14:06 INFO https://normograma.dian.gov.co/dian/compilacion/docs/ley_1116_2006.htm: la misma norma ya está en el corpus o en la lista, se omite
10:14:06 INFO https://normograma.dian.gov.co/dian/compilacion/docs/ley_2099_2021.htm: la misma norma ya está en el corpus o en la lista, se omite
10:14:06 INFO https://normograma.dian.gov.co/dian/compilacion/docs/ley_1453_2011.htm: la misma norma ya está en el corpus o en la lista, se omite
10:14:06 INFO https://normograma.dian.gov.co/dian/compilacion/docs/ley_0812_2003.htm: la misma norma ya está en el corpus o en la lista, se omite
10:14:06 INFO https://normograma.dian.gov.co/dian/compilacion/docs/ley_0681_2001.htm: la misma norma ya está en el corpus o en la lista, se omite
10:14:06 INFO https://normograma.dian.gov.co/dian/compilacion/docs/ley_1762_2015.htm: la misma norma ya está en el corpus o en la lista, se omite
10:14:06 INFO https://normograma.dian.gov.co/dian/compilacion/docs/ley_1101_2006.htm: la misma norma ya está en el corpus o en la lista, se omite
10:14:06 INFO https://normograma.dian.gov.co/dian/compilacion/docs/ley_2197_2022.htm: la misma norma ya está en el corpus o en la lista, se omite
10:14:06 INFO https://normograma.dian.gov.co/dian/compilacion/docs/ley_0677_2001.htm: la misma norma ya está en el corpus o en la lista, se omite
10:14:06 INFO https://normograma.dian.gov.co/dian/compilacion/docs/ley_0716_2001.htm: la misma norma ya está en el corpus o en la lista, se omite
10:14:06 INFO https://normograma.dian.gov.co/dian/compilacion/docs/ley_2292_2023.htm: la misma norma ya está en el corpus o en la lista, se omite
10:14:06 INFO https://normograma.dian.gov.co/dian/compilacion/docs/ley_1480_2011.htm: la misma norma ya está en el corpus o en la lista, se omite
10:14:06 INFO https://normograma.dian.gov.co/dian/compilacion/docs/ley_2108_2021.htm: la misma norma ya está en el corpus o en la lista, se omite
10:14:06 INFO https://normograma.dian.gov.co/dian/compilacion/docs/ley_1175_2007.htm: la misma norma ya está en el corpus o en la lista, se omite
10:14:06 INFO https://normograma.dian.gov.co/dian/compilacion/docs/ley_1816_2016.htm: la misma norma ya está en el corpus o en la lista, se omite
10:14:06 INFO https://normograma.dian.gov.co/dian/compilacion/docs/ley_2056_2020.htm: la misma norma ya está en el corpus o en la lista, se omite
10:14:06 INFO https://normograma.dian.gov.co/dian/compilacion/docs/ley_1121_2006.htm: la misma norma ya está en el corpus o en la lista, se omite
10:14:06 INFO https://normograma.dian.gov.co/dian/compilacion/docs/ley_2098_2021.htm: la misma norma ya está en el corpus o en la lista, se omite
10:14:06 INFO https://normograma.dian.gov.co/dian/compilacion/docs/decreto_2245_2011.htm: la misma norma ya está en el corpus o en la lista, se omite
10:14:06 INFO https://normograma.dian.gov.co/dian/compilacion/docs/ley_0141_1994.htm: la misma norma ya está en el corpus o en la lista, se omite
10:14:06 INFO https://normograma.dian.gov.co/dian/compilacion/docs/ley_1142_2007.htm: la misma norma ya está en el corpus o en la lista, se omite
10:14:06 INFO https://normograma.dian.gov.co/dian/compilacion/docs/ley_0915_2004.htm: la misma norma ya está en el corpus o en la lista, se omite
10:14:06 INFO https://normograma.dian.gov.co/dian/compilacion/docs/decreto_1261_2026.htm: la misma norma ya está en el corpus o en la lista, se omite
10:14:06 INFO https://normograma.dian.gov.co/dian/compilacion/docs/ley_2135_2021.htm: la misma norma ya está en el corpus o en la lista, se omite
10:14:06 INFO https://normograma.dian.gov.co/dian/compilacion/docs/ley_1556_2012.htm: la misma norma ya está en el corpus o en la lista, se omite
10:14:06 INFO https://normograma.dian.gov.co/dian/compilacion/docs/ley_1527_2012.htm: la misma norma ya está en el corpus o en la lista, se omite
10:14:06 INFO https://normograma.dian.gov.co/dian/compilacion/docs/decreto_1742_2020.htm: la misma norma ya está en el corpus o en la lista, se omite
10:14:06 INFO https://normograma.dian.gov.co/dian/compilacion/docs/decreto_0688_2020.htm: la misma norma ya está en el corpus o en la lista, se omite
10:14:06 INFO https://normograma.dian.gov.co/dian/compilacion/docs/ley_0047_1993.htm: la misma norma ya está en el corpus o en la lista, se omite
10:14:06 INFO https://normograma.dian.gov.co/dian/compilacion/docs/ley_1114_2006.htm: la misma norma ya está en el corpus o en la lista, se omite
10:14:06 INFO https://normograma.dian.gov.co/dian/compilacion/docs/ley_1952_2019.htm: la misma norma ya está en el corpus o en la lista, se omite
10:14:06 INFO https://normograma.dian.gov.co/dian/compilacion/docs/ley_1944_2018.htm: la misma norma ya está en el corpus o en la lista, se omite
10:14:06 INFO https://normograma.dian.gov.co/dian/compilacion/docs/decreto_1082_2015.htm: la misma norma ya está en el corpus o en la lista, se omite
10:14:06 INFO https://normograma.dian.gov.co/dian/compilacion/docs/decreto_0071_2020.htm: la misma norma ya está en el corpus o en la lista, se omite
10:14:06 INFO https://normograma.dian.gov.co/dian/compilacion/docs/decreto_1494_2015.htm: la misma norma ya está en el corpus o en la lista, se omite
10:14:06 INFO http://www.secretariasenado.gov.co/senado/basedoc/decreto_0535_2020.html: la misma norma ya está en el corpus o en la lista, se omite
10:14:06 INFO https://normograma.dian.gov.co/dian/compilacion/docs/decreto_4048_2008.htm: la misma norma ya está en el corpus o en la lista, se omite
10:14:06 INFO https://normograma.dian.gov.co/dian/compilacion/docs/ley_0814_2003.htm: la misma norma ya está en el corpus o en la lista, se omite
10:14:06 INFO https://normograma.dian.gov.co/dian/compilacion/docs/decreto_0518_2020.htm: la misma norma ya está en el corpus o en la lista, se omite
10:14:06 INFO https://normograma.dian.gov.co/dian/compilacion/docs/ley_0818_2003.htm: la misma norma ya está en el corpus o en la lista, se omite
10:14:06 INFO https://normograma.dian.gov.co/dian/compilacion/docs/ley_1032_2006.htm: la misma norma ya está en el corpus o en la lista, se omite
10:14:06 INFO https://normograma.dian.gov.co/dian/compilacion/docs/ley_1273_2009.htm: la misma norma ya está en el corpus o en la lista, se omite
10:14:06 INFO https://normograma.dian.gov.co/dian/compilacion/docs/ley_1565_2012.htm: la misma norma ya está en el corpus o en la lista, se omite
10:14:06 INFO https://normograma.dian.gov.co/dian/compilacion/docs/ley_1609_2013.htm: la misma norma ya está en el corpus o en la lista, se omite
10:14:06 INFO https://normograma.dian.gov.co/dian/compilacion/docs/ley_1931_2018.htm: la misma norma ya está en el corpus o en la lista, se omite
10:14:06 INFO https://normograma.dian.gov.co/dian/compilacion/docs/decreto_4651_2006.htm: la misma norma ya está en el corpus o en la lista, se omite
10:14:06 INFO https://normograma.dian.gov.co/dian/compilacion/docs/ley_0044_1993.htm: la misma norma ya está en el corpus o en la lista, se omite
10:14:06 INFO https://normograma.dian.gov.co/dian/compilacion/docs/decreto_1092_1996.htm: la misma norma ya está en el corpus o en la lista, se omite
10:14:06 INFO https://normograma.dian.gov.co/dian/compilacion/docs/decreto_0920_2023.htm: la misma norma ya está en el corpus o en la lista, se omite
10:14:06 INFO https://normograma.dian.gov.co/dian/compilacion/docs/decreto_2272_1991.htm: la misma norma ya está en el corpus o en la lista, se omite
10:14:06 INFO https://normograma.dian.gov.co/dian/compilacion/docs/ley_0939_2004.htm: la misma norma ya está en el corpus o en la lista, se omite
10:14:06 INFO https://normograma.dian.gov.co/dian/compilacion/docs/decreto_0808_2020.htm: la misma norma ya está en el corpus o en la lista, se omite
10:14:06 INFO https://normograma.dian.gov.co/dian/compilacion/docs/ley_2052_2020.htm: la misma norma ya está en el corpus o en la lista, se omite
10:14:06 INFO https://normograma.dian.gov.co/dian/compilacion/docs/ley_1915_2018.htm: la misma norma ya está en el corpus o en la lista, se omite
10:14:06 INFO https://normograma.dian.gov.co/dian/compilacion/docs/ley_2111_2021.htm: la misma norma ya está en el corpus o en la lista, se omite
10:14:06 INFO https://normograma.dian.gov.co/dian/compilacion/docs/ley_2356_2024.htm: la misma norma ya está en el corpus o en la lista, se omite
10:14:06 INFO https://normograma.dian.gov.co/dian/compilacion/docs/decreto_1071_1999.htm: la misma norma ya está en el corpus o en la lista, se omite
10:14:06 INFO https://normograma.dian.gov.co/dian/compilacion/docs/decreto_0540_2020.htm: la misma norma ya está en el corpus o en la lista, se omite
10:14:06 INFO http://www.secretariasenado.gov.co/senado/basedoc/decreto_4712_2008.html: la misma norma ya está en el corpus o en la lista, se omite
10:14:06 INFO http://www.secretariasenado.gov.co/senado/basedoc/decreto_0492_2020.html: la misma norma ya está en el corpus o en la lista, se omite
10:14:06 INFO https://normograma.dian.gov.co/dian/compilacion/docs/ley_1475_2011.htm: la misma norma ya está en el corpus o en la lista, se omite
10:14:06 INFO https://normograma.dian.gov.co/dian/compilacion/docs/ley_2064_2020.htm: la misma norma ya está en el corpus o en la lista, se omite
10:14:06 INFO https://normograma.dian.gov.co/dian/compilacion/docs/ley_0361_1997.htm: la misma norma ya está en el corpus o en la lista, se omite
10:14:06 INFO https://normograma.dian.gov.co/dian/compilacion/docs/decreto_0772_2020.htm: la misma norma ya está en el corpus o en la lista, se omite
10:14:06 INFO https://normograma.dian.gov.co/dian/compilacion/docs/ley_0123_1994.htm: la misma norma ya está en el corpus o en la lista, se omite
10:14:06 INFO https://normograma.dian.gov.co/dian/compilacion/docs/ley_2300_2023.htm: la misma norma ya está en el corpus o en la lista, se omite
10:14:06 INFO https://normograma.dian.gov.co/dian/compilacion/docs/decreto_0722_2014.htm: la misma norma ya está en el corpus o en la lista, se omite
10:14:06 INFO https://normograma.dian.gov.co/dian/compilacion/docs/ley_1379_2010.htm: la misma norma ya está en el corpus o en la lista, se omite
10:14:06 INFO https://normograma.dian.gov.co/dian/compilacion/docs/ley_0594_2000.htm: la misma norma ya está en el corpus o en la lista, se omite
10:14:06 INFO https://normograma.dian.gov.co/dian/compilacion/docs/ley_1028_2006.htm: la misma norma ya está en el corpus o en la lista, se omite
10:14:06 INFO https://normograma.dian.gov.co/dian/compilacion/docs/ley_1959_2019.htm: la misma norma ya está en el corpus o en la lista, se omite
10:14:06 INFO https://normograma.dian.gov.co/dian/compilacion/docs/ley_2375_2024.htm: la misma norma ya está en el corpus o en la lista, se omite
10:14:06 INFO https://normograma.dian.gov.co/dian/compilacion/docs/ley_2477_2025.htm: la misma norma ya está en el corpus o en la lista, se omite
10:14:06 INFO http://www.secretariasenado.gov.co/senado/basedoc/ley_0253_1996.html: la misma norma ya está en el corpus o en la lista, se omite
10:14:06 INFO https://normograma.dian.gov.co/dian/compilacion/docs/ley_1621_2013.htm: la misma norma ya está en el corpus o en la lista, se omite
10:14:06 INFO http://www.secretariasenado.gov.co/senado/basedoc/ley_1694_2013.html: la misma norma ya está en el corpus o en la lista, se omite
10:14:06 INFO https://normograma.dian.gov.co/dian/compilacion/docs/ley_2094_2021.htm: la misma norma ya está en el corpus o en la lista, se omite
10:14:06 INFO https://normograma.dian.gov.co/dian/compilacion/docs/ley_1826_2017.htm: la misma norma ya está en el corpus o en la lista, se omite
10:14:06 INFO https://normograma.dian.gov.co/dian/compilacion/docs/ley_1902_2018.htm: la misma norma ya está en el corpus o en la lista, se omite
10:14:06 INFO https://normograma.dian.gov.co/dian/compilacion/docs/decreto_0560_2020.htm: la misma norma ya está en el corpus o en la lista, se omite
10:14:06 INFO https://normograma.dian.gov.co/dian/compilacion/docs/decreto_0210_2003.htm: la misma norma ya está en el corpus o en la lista, se omite
10:14:06 INFO https://normograma.dian.gov.co/dian/compilacion/docs/ley_0986_2005.htm: la misma norma ya está en el corpus o en la lista, se omite
10:14:06 INFO https://normograma.dian.gov.co/dian/compilacion/docs/ley_2586_2026.htm: la misma norma ya está en el corpus o en la lista, se omite
10:14:06 INFO https://normograma.dian.gov.co/dian/compilacion/docs/ley_1312_2009.htm: la misma norma ya está en el corpus o en la lista, se omite
10:14:06 INFO https://normograma.dian.gov.co/dian/compilacion/docs/ley_1652_2013.htm: la misma norma ya está en el corpus o en la lista, se omite
10:14:06 INFO https://normograma.dian.gov.co/dian/compilacion/docs/decreto_1074_1999.htm: la misma norma ya está en el corpus o en la lista, se omite
10:14:06 INFO https://normograma.dian.gov.co/dian/compilacion/docs/ley_1760_2015.htm: la misma norma ya está en el corpus o en la lista, se omite
10:14:06 INFO https://normograma.dian.gov.co/dian/compilacion/docs/ley_2205_2022.htm: la misma norma ya está en el corpus o en la lista, se omite
10:14:06 INFO https://normograma.dian.gov.co/dian/compilacion/docs/ley_2365_2024.htm: la misma norma ya está en el corpus o en la lista, se omite
10:14:06 INFO https://normograma.dian.gov.co/dian/compilacion/docs/ley_1234_2008.htm: la misma norma ya está en el corpus o en la lista, se omite
10:14:06 INFO https://normograma.dian.gov.co/dian/compilacion/docs/ley_1221_2008.htm: la misma norma ya está en el corpus o en la lista, se omite
10:14:06 INFO https://normograma.dian.gov.co/dian/compilacion/docs/ley_2040_2020.htm: la misma norma ya está en el corpus o en la lista, se omite
10:14:06 INFO https://normograma.dian.gov.co/dian/compilacion/docs/decreto_0927_2023.htm: la misma norma ya está en el corpus o en la lista, se omite
10:14:06 INFO https://normograma.dian.gov.co/dian/compilacion/docs/ley_1923_2018.htm: la misma norma ya está en el corpus o en la lista, se omite
10:14:06 INFO https://normograma.dian.gov.co/dian/compilacion/docs/decreto_2770_2004.htm: la misma norma ya está en el corpus o en la lista, se omite
10:14:06 INFO https://normograma.dian.gov.co/dian/compilacion/docs/ley_0985_2005.htm: la misma norma ya está en el corpus o en la lista, se omite
10:14:06 INFO https://normograma.dian.gov.co/dian/compilacion/docs/ley_1774_2016.htm: la misma norma ya está en el corpus o en la lista, se omite
10:14:06 INFO https://normograma.dian.gov.co/dian/compilacion/docs/ley_1786_2016.htm: la misma norma ya está en el corpus o en la lista, se omite
10:14:06 INFO https://normograma.dian.gov.co/dian/compilacion/docs/ley_1851_2017.htm: la misma norma ya está en el corpus o en la lista, se omite
10:14:06 INFO https://normograma.dian.gov.co/dian/compilacion/docs/ley_2592_2026.htm: la misma norma ya está en el corpus o en la lista, se omite
10:14:06 INFO https://normograma.dian.gov.co/dian/compilacion/docs/ley_2022_2020.htm: la misma norma ya está en el corpus o en la lista, se omite
10:14:06 INFO data/enlaces_proximidad.txt: 3366 links nuevos
10:14:06 INFO Documentos a procesar: 0

Listos: 0 · Con error: 0 · Normas enlazadas aún fuera del corpus: 224 (ver data/descubiertos.csv)
  ⚠ En el manifest pero ya no en las fuentes (bórrenlos de data/raw, data/md y del manifest si no los quieren): decreto_1082_2015-2, decreto_1625_2016-2, decreto_3030_2022, decreto_4302_2008, ley_2568_2021, sentencia_c-148_2025, sentencia_c-29_2009, sentencia_c-317_2025, sentencia_c-448_2020, sentencia_c-465_2008, sentencia_c-539_2016, sentencia_c-581_2001, sentencia_c-75_2007, sentencia_c-878_2011, sentencia_su-140_2019, sentencia_su-167_2023, sentencia_su-237_2019, sentencia_su-279_2019, sentencia_su-288_2015, sentencia_su-292_2025, sentencia_su-336_2017, sentencia_su-40_2018, sentencia_su-41_2022, sentencia_su-452_2024, sentencia_su-499_2024, sentencia_su-54_2015, sentencia_su-575_2019, sentencia_su-691_2017, sentencia_t-202_2018, sentencia_t-202_2024, sentencia_t-254_2006, sentencia_t-277_2018, sentencia_t-284_2025, sentencia_t-287_2022, sentencia_t-426_2003, sentencia_t-456_2024, sentencia_t-4_2016, sentencia_t-617_2010, sentencia_t-8_2026
10:14:10 INFO decreto_2591_1991: fuentes_propias.json reemplaza la entrada anterior
10:14:10 INFO ley_1996_2019: fuentes_propias.json reemplaza la entrada anterior
10:14:10 INFO ley_54_1990: fuentes_alternativas.json reemplaza la entrada anterior
10:14:10 INFO ley_29_1982: fuentes_alternativas.json reemplaza la entrada anterior
10:14:10 INFO http://www.secretariasenado.gov.co/senado/basedoc/ley_0080_1993.html: la misma norma ya está en el corpus o en la lista, se omite
10:14:10 INFO https://www.corteconstitucional.gov.co/relatoria/2006/C-355-06.htm: la misma norma ya está en el corpus o en la lista, se omite
10:14:10 INFO https://www.comunidadandina.org/StaticFiles/DocOf/DEC486.pdf: la misma norma ya está en el corpus o en la lista, se omite
10:14:10 INFO data/enlaces.txt: 0 links nuevos
10:14:10 INFO https://normograma.dian.gov.co/dian/compilacion/docs/ley_1437_2011.htm: la misma norma ya está en el corpus o en la lista, se omite
10:14:10 INFO http://www.corteconstitucional.gov.co/relatoria/2006/C-370-06.htm: la misma norma ya está en el corpus o en la lista, se omite
10:14:10 INFO https://normograma.dian.gov.co/dian/compilacion/docs/ley_1819_2016.htm: la misma norma ya está en el corpus o en la lista, se omite
10:14:10 INFO https://normograma.dian.gov.co/dian/compilacion/docs/ley_2010_2019.htm: la misma norma ya está en el corpus o en la lista, se omite
10:14:10 INFO https://normograma.dian.gov.co/dian/compilacion/docs/ley_1607_2012.htm: la misma norma ya está en el corpus o en la lista, se omite
10:14:10 INFO https://normograma.dian.gov.co/dian/compilacion/docs/ley_0223_1995.htm: la misma norma ya está en el corpus o en la lista, se omite
10:14:10 INFO https://normograma.dian.gov.co/dian/compilacion/docs/ley_2277_2022.htm: la misma norma ya está en el corpus o en la lista, se omite
10:14:10 INFO https://normograma.dian.gov.co/dian/compilacion/docs/ley_0006_1992.htm: la misma norma ya está en el corpus o en la lista, se omite
10:14:10 INFO https://normograma.dian.gov.co/dian/compilacion/docs/ley_0788_2002.htm: la misma norma ya está en el corpus o en la lista, se omite
10:14:10 INFO https://normograma.dian.gov.co/dian/compilacion/docs/ley_0488_1998.htm: la misma norma ya está en el corpus o en la lista, se omite
10:14:10 INFO https://normograma.dian.gov.co/dian/compilacion/docs/ley_1111_2006.htm: la misma norma ya está en el corpus o en la lista, se omite
10:14:10 INFO https://normograma.dian.gov.co/dian/compilacion/docs/ley_0383_1997.htm: la misma norma ya está en el corpus o en la lista, se omite
10:14:10 INFO https://normograma.dian.gov.co/dian/compilacion/docs/ley_0633_2000.htm: la misma norma ya está en el corpus o en la lista, se omite
10:14:10 INFO https://normograma.dian.gov.co/dian/compilacion/docs/ley_1430_2010.htm: la misma norma ya está en el corpus o en la lista, se omite
10:14:10 INFO https://normograma.dian.gov.co/dian/compilacion/docs/ley_1564_2012.htm: la misma norma ya está en el corpus o en la lista, se omite
10:14:10 INFO https://normograma.dian.gov.co/dian/compilacion/docs/ley_0863_2003.htm: la misma norma ya está en el corpus o en la lista, se omite
10:14:10 INFO https://normograma.dian.gov.co/dian/compilacion/docs/ley_1739_2014.htm: la misma norma ya está en el corpus o en la lista, se omite
10:14:10 INFO https://normograma.dian.gov.co/dian/compilacion/docs/ley_2155_2021.htm: la misma norma ya está en el corpus o en la lista, se omite
10:14:10 INFO https://normograma.dian.gov.co/dian/compilacion/docs/decreto_2106_2019.htm: la misma norma ya está en el corpus o en la lista, se omite
10:14:10 INFO https://normograma.dian.gov.co/dian/compilacion/docs/ley_0100_1993.htm: la misma norma ya está en el corpus o en la lista, se omite
10:14:10 INFO https://normograma.dian.gov.co/dian/compilacion/docs/ley_1955_2019.htm: la misma norma ya está en el corpus o en la lista, se omite
10:14:10 INFO https://normograma.dian.gov.co/dian/compilacion/docs/ley_0599_2000.htm: la misma norma ya está en el corpus o en la lista, se omite
10:14:10 INFO https://normograma.dian.gov.co/dian/compilacion/docs/ley_0098_1993.htm: la misma norma ya está en el corpus o en la lista, se omite
10:14:10 INFO https://normograma.dian.gov.co/dian/compilacion/docs/ley_1943_2018.htm: la misma norma ya está en el corpus o en la lista, se omite
10:14:10 INFO https://normograma.dian.gov.co/dian/compilacion/docs/ley_1395_2010.htm: la misma norma ya está en el corpus o en la lista, se omite
10:14:10 INFO https://normograma.dian.gov.co/dian/compilacion/docs/decreto_0019_2012.htm: la misma norma ya está en el corpus o en la lista, se omite
10:14:10 INFO https://normograma.dian.gov.co/dian/compilacion/docs/decreto_0240_2026.htm: la misma norma ya está en el corpus o en la lista, se omite
10:14:10 INFO https://normograma.dian.gov.co/dian/compilacion/docs/decreto_1625_2016.htm: la misma norma ya está en el corpus o en la lista, se omite
10:14:10 INFO https://normograma.dian.gov.co/dian/compilacion/docs/ley_1493_2011.htm: la misma norma ya está en el corpus o en la lista, se omite
10:14:10 INFO https://normograma.dian.gov.co/dian/compilacion/docs/ley_0546_1999.htm: la misma norma ya está en el corpus o en la lista, se omite
10:14:10 INFO https://normograma.dian.gov.co/dian/compilacion/docs/ley_0962_2005.htm: la misma norma ya está en el corpus o en la lista, se omite
10:14:10 INFO https://normograma.dian.gov.co/dian/compilacion/docs/ley_1004_2005.htm: la misma norma ya está en el corpus o en la lista, se omite
10:14:10 INFO https://normograma.dian.gov.co/dian/compilacion/docs/ley_1066_2006.htm: la misma norma ya está en el corpus o en la lista, se omite
10:14:10 INFO https://normograma.dian.gov.co/dian/compilacion/docs/ley_2068_2020.htm: la misma norma ya está en el corpus o en la lista, se omite
10:14:10 INFO https://normograma.dian.gov.co/dian/compilacion/docs/ley_1257_2008.htm: la misma norma ya está en el corpus o en la lista, se omite
10:14:10 INFO https://normograma.dian.gov.co/dian/compilacion/docs/decreto_0173_2026.htm: la misma norma ya está en el corpus o en la lista, se omite
10:14:10 INFO https://normograma.dian.gov.co/dian/compilacion/docs/ley_0181_1995.htm: la misma norma ya está en el corpus o en la lista, se omite
10:14:10 INFO https://normograma.dian.gov.co/dian/compilacion/docs/ley_0527_1999.htm: la misma norma ya está en el corpus o en la lista, se omite
10:14:10 INFO https://normograma.dian.gov.co/dian/compilacion/docs/ley_1328_2009.htm: la misma norma ya está en el corpus o en la lista, se omite
10:14:10 INFO https://normograma.dian.gov.co/dian/compilacion/docs/ley_1450_2011.htm: la misma norma ya está en el corpus o en la lista, se omite
10:14:10 INFO https://normograma.dian.gov.co/dian/compilacion/docs/ley_1715_2014.htm: la misma norma ya está en el corpus o en la lista, se omite
10:14:10 INFO https://normograma.dian.gov.co/dian/compilacion/docs/ley_2069_2020.htm: la misma norma ya está en el corpus o en la lista, se omite
10:14:10 INFO https://normograma.dian.gov.co/dian/compilacion/docs/ley_2294_2023.htm: la misma norma ya está en el corpus o en la lista, se omite
10:14:10 INFO https://normograma.dian.gov.co/dian/compilacion/docs/ley_2195_2022.htm: la misma norma ya está en el corpus o en la lista, se omite
10:14:10 INFO http://www.secretariasenado.gov.co/senado/basedoc/decreto/1992/decreto_2153_1992.html: la misma norma ya está en el corpus o en la lista, se omite
10:14:10 INFO http://www.secretariasenado.gov.co/senado/basedoc/ley_2380_2024.html: la misma norma ya está en el corpus o en la lista, se omite
10:14:10 INFO http://www.secretariasenado.gov.co/senado/basedoc/ley/2000/ley_0599_2000.html: la misma norma ya está en el corpus o en la lista, se omite
10:14:10 INFO https://normograma.dian.gov.co/dian/compilacion/docs/decreto_0438_2020.htm: la misma norma ya está en el corpus o en la lista, se omite
10:14:10 INFO https://normograma.dian.gov.co/dian/compilacion/docs/decreto_0551_2020.htm: la misma norma ya está en el corpus o en la lista, se omite
10:14:10 INFO https://normograma.dian.gov.co/dian/compilacion/docs/decreto_0575_2020.htm: la misma norma ya está en el corpus o en la lista, se omite
10:14:10 INFO https://normograma.dian.gov.co/dian/compilacion/docs/decreto_0807_2020.htm: la misma norma ya está en el corpus o en la lista, se omite
10:14:10 INFO https://normograma.dian.gov.co/dian/compilacion/docs/ley_0031_1992.htm: la misma norma ya está en el corpus o en la lista, se omite
10:14:10 INFO https://normograma.dian.gov.co/dian/compilacion/docs/ley_0115_1994.htm: la misma norma ya está en el corpus o en la lista, se omite
10:14:10 INFO https://normograma.dian.gov.co/dian/compilacion/docs/ley_0174_1994.htm: la misma norma ya está en el corpus o en la lista, se omite
10:14:10 INFO https://normograma.dian.gov.co/dian/compilacion/docs/ley_0191_1995.htm: la misma norma ya está en el corpus o en la lista, se omite
10:14:10 INFO https://normograma.dian.gov.co/dian/compilacion/docs/ley_0685_2001.htm: la misma norma ya está en el corpus o en la lista, se omite
10:14:10 INFO https://normograma.dian.gov.co/dian/compilacion/docs/ley_0964_2005.htm: la misma norma ya está en el corpus o en la lista, se omite
10:14:10 INFO https://normograma.dian.gov.co/dian/compilacion/docs/ley_1064_2006.htm: la misma norma ya está en el corpus o en la lista, se omite
10:14:10 INFO https://normograma.dian.gov.co/dian/compilacion/docs/ley_1341_2009.htm: la misma norma ya está en el corpus o en la lista, se omite
10:14:10 INFO https://normograma.dian.gov.co/dian/compilacion/docs/ley_1393_2010.htm: la misma norma ya está en el corpus o en la lista, se omite
10:14:10 INFO https://normograma.dian.gov.co/dian/compilacion/docs/ley_1429_2010.htm: la misma norma ya está en el corpus o en la lista, se omite
10:14:10 INFO https://normograma.dian.gov.co/dian/compilacion/docs/ley_1474_2011.htm: la misma norma ya está en el corpus o en la lista, se omite
10:14:10 INFO https://normograma.dian.gov.co/dian/compilacion/docs/ley_1537_2012.htm: la misma norma ya está en el corpus o en la lista, se omite
10:14:10 INFO https://normograma.dian.gov.co/dian/compilacion/docs/ley_1555_2012.htm: la misma norma ya está en el corpus o en la lista, se omite
10:14:10 INFO https://normograma.dian.gov.co/dian/compilacion/docs/ley_1581_2012.htm: la misma norma ya está en el corpus o en la lista, se omite
10:14:10 INFO https://normograma.dian.gov.co/dian/compilacion/docs/ley_1712_2014.htm: la misma norma ya está en el corpus o en la lista, se omite
10:14:10 INFO https://normograma.dian.gov.co/dian/compilacion/docs/ley_1731_2014.htm: la misma norma ya está en el corpus o en la lista, se omite
10:14:10 INFO https://normograma.dian.gov.co/dian/compilacion/docs/ley_1735_2014.htm: la misma norma ya está en el corpus o en la lista, se omite
10:14:10 INFO https://normograma.dian.gov.co/dian/compilacion/docs/ley_1753_2015.htm: la misma norma ya está en el corpus o en la lista, se omite
10:14:10 INFO https://normograma.dian.gov.co/dian/compilacion/docs/ley_2070_2020.htm: la misma norma ya está en el corpus o en la lista, se omite
10:14:10 INFO https://normograma.dian.gov.co/dian/compilacion/docs/ley_2133_2021.htm: la misma norma ya está en el corpus o en la lista, se omite
10:14:10 INFO https://normograma.dian.gov.co/dian/compilacion/docs/ley_0080_1993.htm: la misma norma ya está en el corpus o en la lista, se omite
10:14:10 INFO https://normograma.dian.gov.co/dian/compilacion/docs/ley_1266_2008.htm: la misma norma ya está en el corpus o en la lista, se omite
10:14:10 INFO https://normograma.dian.gov.co/dian/compilacion/docs/ley_1755_2015.htm: la misma norma ya está en el corpus o en la lista, se omite
10:14:10 INFO http://www.secretariasenado.gov.co/senado/basedoc/ley/1995/ley_0222_1995.html: la misma norma ya está en el corpus o en la lista, se omite
10:14:10 INFO http://www.secretariasenado.gov.co/senado/basedoc/decreto_0799_2020.html: la misma norma ya está en el corpus o en la lista, se omite
10:14:10 INFO http://www.secretariasenado.gov.co/senado/basedoc/ley_1536_2012.html: la misma norma ya está en el corpus o en la lista, se omite
10:14:10 INFO http://www.secretariasenado.gov.co/senado/basedoc/ley_2152_2021.html: la misma norma ya está en el corpus o en la lista, se omite
10:14:10 INFO http://www.secretariasenado.gov.co/senado/basedoc/ley_2411_2024.html: la misma norma ya está en el corpus o en la lista, se omite
10:14:10 INFO http://www.corteconstitucional.gov.co/relatoria/2004/C-507-04.htm: la misma norma ya está en el corpus o en la lista, se omite
10:14:10 INFO https://normograma.dian.gov.co/dian/compilacion/docs/ley_0388_1997.htm: la misma norma ya está en el corpus o en la lista, se omite
10:14:10 INFO https://normograma.dian.gov.co/dian/compilacion/docs/ley_1150_2007.htm: la misma norma ya está en el corpus o en la lista, se omite
10:14:10 INFO https://normograma.dian.gov.co/dian/compilacion/docs/ley_0906_2004.htm: la misma norma ya está en el corpus o en la lista, se omite
10:14:10 INFO https://normograma.dian.gov.co/dian/compilacion/docs/ley_0300_1996.htm: la misma norma ya está en el corpus o en la lista, se omite
10:14:10 INFO https://normograma.dian.gov.co/dian/compilacion/docs/ley_0489_1998.htm: la misma norma ya está en el corpus o en la lista, se omite
10:14:10 INFO https://normograma.dian.gov.co/dian/compilacion/docs/ley_1978_2019.htm: la misma norma ya está en el corpus o en la lista, se omite
10:14:10 INFO https://normograma.dian.gov.co/dian/compilacion/docs/ley_1116_2006.htm: la misma norma ya está en el corpus o en la lista, se omite
10:14:10 INFO https://normograma.dian.gov.co/dian/compilacion/docs/ley_2099_2021.htm: la misma norma ya está en el corpus o en la lista, se omite
10:14:10 INFO https://normograma.dian.gov.co/dian/compilacion/docs/ley_1453_2011.htm: la misma norma ya está en el corpus o en la lista, se omite
10:14:10 INFO https://normograma.dian.gov.co/dian/compilacion/docs/ley_0812_2003.htm: la misma norma ya está en el corpus o en la lista, se omite
10:14:10 INFO https://normograma.dian.gov.co/dian/compilacion/docs/ley_0681_2001.htm: la misma norma ya está en el corpus o en la lista, se omite
10:14:10 INFO https://normograma.dian.gov.co/dian/compilacion/docs/ley_1762_2015.htm: la misma norma ya está en el corpus o en la lista, se omite
10:14:10 INFO https://normograma.dian.gov.co/dian/compilacion/docs/ley_1101_2006.htm: la misma norma ya está en el corpus o en la lista, se omite
10:14:10 INFO https://normograma.dian.gov.co/dian/compilacion/docs/ley_2197_2022.htm: la misma norma ya está en el corpus o en la lista, se omite
10:14:10 INFO https://normograma.dian.gov.co/dian/compilacion/docs/ley_0677_2001.htm: la misma norma ya está en el corpus o en la lista, se omite
10:14:10 INFO https://normograma.dian.gov.co/dian/compilacion/docs/ley_0716_2001.htm: la misma norma ya está en el corpus o en la lista, se omite
10:14:10 INFO https://normograma.dian.gov.co/dian/compilacion/docs/ley_2292_2023.htm: la misma norma ya está en el corpus o en la lista, se omite
10:14:10 INFO https://normograma.dian.gov.co/dian/compilacion/docs/ley_1480_2011.htm: la misma norma ya está en el corpus o en la lista, se omite
10:14:10 INFO https://normograma.dian.gov.co/dian/compilacion/docs/ley_2108_2021.htm: la misma norma ya está en el corpus o en la lista, se omite
10:14:10 INFO https://normograma.dian.gov.co/dian/compilacion/docs/ley_1175_2007.htm: la misma norma ya está en el corpus o en la lista, se omite
10:14:10 INFO https://normograma.dian.gov.co/dian/compilacion/docs/ley_1816_2016.htm: la misma norma ya está en el corpus o en la lista, se omite
10:14:10 INFO https://normograma.dian.gov.co/dian/compilacion/docs/ley_2056_2020.htm: la misma norma ya está en el corpus o en la lista, se omite
10:14:10 INFO https://normograma.dian.gov.co/dian/compilacion/docs/ley_1121_2006.htm: la misma norma ya está en el corpus o en la lista, se omite
10:14:10 INFO https://normograma.dian.gov.co/dian/compilacion/docs/ley_2098_2021.htm: la misma norma ya está en el corpus o en la lista, se omite
10:14:10 INFO https://normograma.dian.gov.co/dian/compilacion/docs/decreto_2245_2011.htm: la misma norma ya está en el corpus o en la lista, se omite
10:14:10 INFO https://normograma.dian.gov.co/dian/compilacion/docs/ley_0141_1994.htm: la misma norma ya está en el corpus o en la lista, se omite
10:14:10 INFO https://normograma.dian.gov.co/dian/compilacion/docs/ley_1142_2007.htm: la misma norma ya está en el corpus o en la lista, se omite
10:14:10 INFO https://normograma.dian.gov.co/dian/compilacion/docs/ley_0915_2004.htm: la misma norma ya está en el corpus o en la lista, se omite
10:14:10 INFO https://normograma.dian.gov.co/dian/compilacion/docs/decreto_1261_2026.htm: la misma norma ya está en el corpus o en la lista, se omite
10:14:10 INFO https://normograma.dian.gov.co/dian/compilacion/docs/ley_2135_2021.htm: la misma norma ya está en el corpus o en la lista, se omite
10:14:10 INFO https://normograma.dian.gov.co/dian/compilacion/docs/ley_1556_2012.htm: la misma norma ya está en el corpus o en la lista, se omite
10:14:10 INFO https://normograma.dian.gov.co/dian/compilacion/docs/ley_1527_2012.htm: la misma norma ya está en el corpus o en la lista, se omite
10:14:10 INFO https://normograma.dian.gov.co/dian/compilacion/docs/decreto_1742_2020.htm: la misma norma ya está en el corpus o en la lista, se omite
10:14:10 INFO https://normograma.dian.gov.co/dian/compilacion/docs/decreto_0688_2020.htm: la misma norma ya está en el corpus o en la lista, se omite
10:14:10 INFO https://normograma.dian.gov.co/dian/compilacion/docs/ley_0047_1993.htm: la misma norma ya está en el corpus o en la lista, se omite
10:14:10 INFO https://normograma.dian.gov.co/dian/compilacion/docs/ley_1114_2006.htm: la misma norma ya está en el corpus o en la lista, se omite
10:14:10 INFO https://normograma.dian.gov.co/dian/compilacion/docs/ley_1952_2019.htm: la misma norma ya está en el corpus o en la lista, se omite
10:14:10 INFO https://normograma.dian.gov.co/dian/compilacion/docs/ley_1944_2018.htm: la misma norma ya está en el corpus o en la lista, se omite
10:14:10 INFO https://normograma.dian.gov.co/dian/compilacion/docs/decreto_1082_2015.htm: la misma norma ya está en el corpus o en la lista, se omite
10:14:10 INFO https://normograma.dian.gov.co/dian/compilacion/docs/decreto_0071_2020.htm: la misma norma ya está en el corpus o en la lista, se omite
10:14:10 INFO https://normograma.dian.gov.co/dian/compilacion/docs/decreto_1494_2015.htm: la misma norma ya está en el corpus o en la lista, se omite
10:14:10 INFO http://www.secretariasenado.gov.co/senado/basedoc/decreto_0535_2020.html: la misma norma ya está en el corpus o en la lista, se omite
10:14:10 INFO https://normograma.dian.gov.co/dian/compilacion/docs/decreto_4048_2008.htm: la misma norma ya está en el corpus o en la lista, se omite
10:14:10 INFO https://normograma.dian.gov.co/dian/compilacion/docs/ley_0814_2003.htm: la misma norma ya está en el corpus o en la lista, se omite
10:14:10 INFO https://normograma.dian.gov.co/dian/compilacion/docs/decreto_0518_2020.htm: la misma norma ya está en el corpus o en la lista, se omite
10:14:10 INFO https://normograma.dian.gov.co/dian/compilacion/docs/ley_0818_2003.htm: la misma norma ya está en el corpus o en la lista, se omite
10:14:10 INFO https://normograma.dian.gov.co/dian/compilacion/docs/ley_1032_2006.htm: la misma norma ya está en el corpus o en la lista, se omite
10:14:10 INFO https://normograma.dian.gov.co/dian/compilacion/docs/ley_1273_2009.htm: la misma norma ya está en el corpus o en la lista, se omite
10:14:10 INFO https://normograma.dian.gov.co/dian/compilacion/docs/ley_1565_2012.htm: la misma norma ya está en el corpus o en la lista, se omite
10:14:10 INFO https://normograma.dian.gov.co/dian/compilacion/docs/ley_1609_2013.htm: la misma norma ya está en el corpus o en la lista, se omite
10:14:10 INFO https://normograma.dian.gov.co/dian/compilacion/docs/ley_1931_2018.htm: la misma norma ya está en el corpus o en la lista, se omite
10:14:10 INFO https://normograma.dian.gov.co/dian/compilacion/docs/decreto_4651_2006.htm: la misma norma ya está en el corpus o en la lista, se omite
10:14:10 INFO https://normograma.dian.gov.co/dian/compilacion/docs/ley_0044_1993.htm: la misma norma ya está en el corpus o en la lista, se omite
10:14:10 INFO https://normograma.dian.gov.co/dian/compilacion/docs/decreto_1092_1996.htm: la misma norma ya está en el corpus o en la lista, se omite
10:14:10 INFO https://normograma.dian.gov.co/dian/compilacion/docs/decreto_0920_2023.htm: la misma norma ya está en el corpus o en la lista, se omite
10:14:10 INFO https://normograma.dian.gov.co/dian/compilacion/docs/decreto_2272_1991.htm: la misma norma ya está en el corpus o en la lista, se omite
10:14:10 INFO https://normograma.dian.gov.co/dian/compilacion/docs/ley_0939_2004.htm: la misma norma ya está en el corpus o en la lista, se omite
10:14:10 INFO https://normograma.dian.gov.co/dian/compilacion/docs/decreto_0808_2020.htm: la misma norma ya está en el corpus o en la lista, se omite
10:14:10 INFO https://normograma.dian.gov.co/dian/compilacion/docs/ley_2052_2020.htm: la misma norma ya está en el corpus o en la lista, se omite
10:14:10 INFO https://normograma.dian.gov.co/dian/compilacion/docs/ley_1915_2018.htm: la misma norma ya está en el corpus o en la lista, se omite
10:14:10 INFO https://normograma.dian.gov.co/dian/compilacion/docs/ley_2111_2021.htm: la misma norma ya está en el corpus o en la lista, se omite
10:14:10 INFO https://normograma.dian.gov.co/dian/compilacion/docs/ley_2356_2024.htm: la misma norma ya está en el corpus o en la lista, se omite
10:14:10 INFO https://normograma.dian.gov.co/dian/compilacion/docs/decreto_1071_1999.htm: la misma norma ya está en el corpus o en la lista, se omite
10:14:10 INFO https://normograma.dian.gov.co/dian/compilacion/docs/decreto_0540_2020.htm: la misma norma ya está en el corpus o en la lista, se omite
10:14:10 INFO http://www.secretariasenado.gov.co/senado/basedoc/decreto_4712_2008.html: la misma norma ya está en el corpus o en la lista, se omite
10:14:10 INFO http://www.secretariasenado.gov.co/senado/basedoc/decreto_0492_2020.html: la misma norma ya está en el corpus o en la lista, se omite
10:14:10 INFO https://normograma.dian.gov.co/dian/compilacion/docs/ley_1475_2011.htm: la misma norma ya está en el corpus o en la lista, se omite
10:14:10 INFO https://normograma.dian.gov.co/dian/compilacion/docs/ley_2064_2020.htm: la misma norma ya está en el corpus o en la lista, se omite
10:14:10 INFO https://normograma.dian.gov.co/dian/compilacion/docs/ley_0361_1997.htm: la misma norma ya está en el corpus o en la lista, se omite
10:14:10 INFO https://normograma.dian.gov.co/dian/compilacion/docs/decreto_0772_2020.htm: la misma norma ya está en el corpus o en la lista, se omite
10:14:10 INFO https://normograma.dian.gov.co/dian/compilacion/docs/ley_0123_1994.htm: la misma norma ya está en el corpus o en la lista, se omite
10:14:10 INFO https://normograma.dian.gov.co/dian/compilacion/docs/ley_2300_2023.htm: la misma norma ya está en el corpus o en la lista, se omite
10:14:10 INFO https://normograma.dian.gov.co/dian/compilacion/docs/decreto_0722_2014.htm: la misma norma ya está en el corpus o en la lista, se omite
10:14:10 INFO https://normograma.dian.gov.co/dian/compilacion/docs/ley_1379_2010.htm: la misma norma ya está en el corpus o en la lista, se omite
10:14:10 INFO https://normograma.dian.gov.co/dian/compilacion/docs/ley_0594_2000.htm: la misma norma ya está en el corpus o en la lista, se omite
10:14:10 INFO https://normograma.dian.gov.co/dian/compilacion/docs/ley_1028_2006.htm: la misma norma ya está en el corpus o en la lista, se omite
10:14:10 INFO https://normograma.dian.gov.co/dian/compilacion/docs/ley_1959_2019.htm: la misma norma ya está en el corpus o en la lista, se omite
10:14:10 INFO https://normograma.dian.gov.co/dian/compilacion/docs/ley_2375_2024.htm: la misma norma ya está en el corpus o en la lista, se omite
10:14:10 INFO https://normograma.dian.gov.co/dian/compilacion/docs/ley_2477_2025.htm: la misma norma ya está en el corpus o en la lista, se omite
10:14:10 INFO http://www.secretariasenado.gov.co/senado/basedoc/ley_0253_1996.html: la misma norma ya está en el corpus o en la lista, se omite
10:14:10 INFO https://normograma.dian.gov.co/dian/compilacion/docs/ley_1621_2013.htm: la misma norma ya está en el corpus o en la lista, se omite
10:14:10 INFO http://www.secretariasenado.gov.co/senado/basedoc/ley_1694_2013.html: la misma norma ya está en el corpus o en la lista, se omite
10:14:10 INFO https://normograma.dian.gov.co/dian/compilacion/docs/ley_2094_2021.htm: la misma norma ya está en el corpus o en la lista, se omite
10:14:10 INFO https://normograma.dian.gov.co/dian/compilacion/docs/ley_1826_2017.htm: la misma norma ya está en el corpus o en la lista, se omite
10:14:10 INFO https://normograma.dian.gov.co/dian/compilacion/docs/ley_1902_2018.htm: la misma norma ya está en el corpus o en la lista, se omite
10:14:10 INFO https://normograma.dian.gov.co/dian/compilacion/docs/decreto_0560_2020.htm: la misma norma ya está en el corpus o en la lista, se omite
10:14:10 INFO https://normograma.dian.gov.co/dian/compilacion/docs/decreto_0210_2003.htm: la misma norma ya está en el corpus o en la lista, se omite
10:14:10 INFO https://normograma.dian.gov.co/dian/compilacion/docs/ley_0986_2005.htm: la misma norma ya está en el corpus o en la lista, se omite
10:14:10 INFO https://normograma.dian.gov.co/dian/compilacion/docs/ley_2586_2026.htm: la misma norma ya está en el corpus o en la lista, se omite
10:14:10 INFO https://normograma.dian.gov.co/dian/compilacion/docs/ley_1312_2009.htm: la misma norma ya está en el corpus o en la lista, se omite
10:14:10 INFO https://normograma.dian.gov.co/dian/compilacion/docs/ley_1652_2013.htm: la misma norma ya está en el corpus o en la lista, se omite
10:14:10 INFO https://normograma.dian.gov.co/dian/compilacion/docs/decreto_1074_1999.htm: la misma norma ya está en el corpus o en la lista, se omite
10:14:10 INFO https://normograma.dian.gov.co/dian/compilacion/docs/ley_1760_2015.htm: la misma norma ya está en el corpus o en la lista, se omite
10:14:10 INFO https://normograma.dian.gov.co/dian/compilacion/docs/ley_2205_2022.htm: la misma norma ya está en el corpus o en la lista, se omite
10:14:10 INFO https://normograma.dian.gov.co/dian/compilacion/docs/ley_2365_2024.htm: la misma norma ya está en el corpus o en la lista, se omite
10:14:10 INFO https://normograma.dian.gov.co/dian/compilacion/docs/ley_1234_2008.htm: la misma norma ya está en el corpus o en la lista, se omite
10:14:10 INFO https://normograma.dian.gov.co/dian/compilacion/docs/ley_1221_2008.htm: la misma norma ya está en el corpus o en la lista, se omite
10:14:10 INFO https://normograma.dian.gov.co/dian/compilacion/docs/ley_2040_2020.htm: la misma norma ya está en el corpus o en la lista, se omite
10:14:10 INFO https://normograma.dian.gov.co/dian/compilacion/docs/decreto_0927_2023.htm: la misma norma ya está en el corpus o en la lista, se omite
10:14:10 INFO https://normograma.dian.gov.co/dian/compilacion/docs/ley_1923_2018.htm: la misma norma ya está en el corpus o en la lista, se omite
10:14:10 INFO https://normograma.dian.gov.co/dian/compilacion/docs/decreto_2770_2004.htm: la misma norma ya está en el corpus o en la lista, se omite
10:14:10 INFO https://normograma.dian.gov.co/dian/compilacion/docs/ley_0985_2005.htm: la misma norma ya está en el corpus o en la lista, se omite
10:14:10 INFO https://normograma.dian.gov.co/dian/compilacion/docs/ley_1774_2016.htm: la misma norma ya está en el corpus o en la lista, se omite
10:14:10 INFO https://normograma.dian.gov.co/dian/compilacion/docs/ley_1786_2016.htm: la misma norma ya está en el corpus o en la lista, se omite
10:14:10 INFO https://normograma.dian.gov.co/dian/compilacion/docs/ley_1851_2017.htm: la misma norma ya está en el corpus o en la lista, se omite
10:14:10 INFO https://normograma.dian.gov.co/dian/compilacion/docs/ley_2592_2026.htm: la misma norma ya está en el corpus o en la lista, se omite
10:14:10 INFO https://normograma.dian.gov.co/dian/compilacion/docs/ley_2022_2020.htm: la misma norma ya está en el corpus o en la lista, se omite
10:14:10 INFO data/enlaces_proximidad.txt: 3366 links nuevos
10:14:10 INFO Documentos a procesar: 0

Listos: 0 · Con error: 0 · Normas enlazadas aún fuera del corpus: 224 (ver data/descubiertos.csv)
  ⚠ En el manifest pero ya no en las fuentes (bórrenlos de data/raw, data/md y del manifest si no los quieren): decreto_1082_2015-2, decreto_1625_2016-2, decreto_3030_2022, decreto_4302_2008, ley_2568_2021, sentencia_c-148_2025, sentencia_c-29_2009, sentencia_c-317_2025, sentencia_c-448_2020, sentencia_c-465_2008, sentencia_c-539_2016, sentencia_c-581_2001, sentencia_c-75_2007, sentencia_c-878_2011, sentencia_su-140_2019, sentencia_su-167_2023, sentencia_su-237_2019, sentencia_su-279_2019, sentencia_su-288_2015, sentencia_su-292_2025, sentencia_su-336_2017, sentencia_su-40_2018, sentencia_su-41_2022, sentencia_su-452_2024, sentencia_su-499_2024, sentencia_su-54_2015, sentencia_su-575_2019, sentencia_su-691_2017, sentencia_t-202_2018, sentencia_t-202_2024, sentencia_t-254_2006, sentencia_t-277_2018, sentencia_t-284_2025, sentencia_t-287_2022, sentencia_t-426_2003, sentencia_t-456_2024, sentencia_t-4_2016, sentencia_t-617_2010, sentencia_t-8_2026
== 3/3 resultado
RESULTADO documentos md nuevos: 4 · ok en el manifest: 3519 -> 3523
RESULTADO del fuentes.json: 4 ok · 0 sin descargar
sin reindexar (nuevos=4, REINDEXAR=0)
== fin: [descargar_fuentes] Terminó OK · 2026-10-03 10:14:15
