Job enriquecer_corpus 756986 en nodea-6 · 2026-10-03 09:26:39
== 0/4 verificando entradas
== 4/4 sin reindexar (nuevos=0, REINDEXAR=1)
documentos: 3590 {'ok': 3485, 'error': 105}
  sin descargar: 103 | HTTP 404 en http://www.secretariasenado.gov.co/senado/basedoc/103
  sin descargar: 76 | HTTP 404 en http://www.secretariasenado.gov.co/senado/basedoc/76
  sin descargar: acuerdo_02_2015 | acuerdo_02_2015: no hay descarga previa para convertir
  sin descargar: c_1043_2005 | HTTP 404 en http://www.secretariasenado.gov.co/senado/basedoc/c-1043_2005.html
  sin descargar: c_253a_12 | Agotados los reintentos para http://www.corteconstitucional.gov.co/relatoria/2012/C-253A-12.htm: RemoteProtocolError: Server disconnected without sending a response.
  sin descargar: c_489_2012 | HTTP 404 en http://www.secretariasenado.gov.co/senado/basedoc/c-489_2012.html
  sin descargar: c_750_2008 | HTTP 404 en http://www.secretariasenado.gov.co/senado/basedoc/c-750_2008.html
  sin descargar: c_750_2008-3 | HTTP 404 en https://normograma.dian.gov.co/dian/compilacion/docs/c-750_2008.htm
  sin descargar: decision_comisioncandina_dec885 | HTTP 404 en https://normograma.dian.gov.co/dian/compilacion/docs/decision_comisioncandina_dec885.htm
  sin descargar: decreto_1273_2020 | HTTP 404 en https://normograma.dian.gov.co/dian/compilacion/docs/decreto_1273_2020.htm
  sin descargar: decreto_2158_1948 | decreto_2158_1948: no hay descarga previa para convertir
  sin descargar: decreto_24_2016 | decreto_24_2016: no hay descarga previa para convertir
  sin descargar: decreto_2737_1989 | decreto_2737_1989: no hay descarga previa para convertir
  sin descargar: decreto_405_2025 | decreto_405_2025: no hay descarga previa para convertir
  sin descargar: decreto_410_1971 | decreto_410_1971: no hay descarga previa para convertir
  sin descargar: decreto_4436_2005 | decreto_4436_2005: no hay descarga previa para convertir
  sin descargar: decreto_46_2024 | decreto_46_2024: no hay descarga previa para convertir
  sin descargar: decreto_663_1993 | decreto_663_1993: no hay descarga previa para convertir
  sin descargar: decreto_780_2016 | decreto_780_2016: no hay descarga previa para convertir
  sin descargar: decreto_875_2008 | decreto_875_2008: no hay descarga previa para convertir
  sin descargar: doc | HTTP 404 en http://www.secretariasenado.gov.co/senado/basedoc/[
  sin descargar: doc-3 | HTTP 404 en https://normograma.dian.gov.co/dian/compilacion/docs/[
  sin descargar: ley_153_1887 | ley_153_1887: no hay descarga previa para convertir
  sin descargar: ley_155_1959 | ley_155_1959: no hay descarga previa para convertir
  sin descargar: ley_248_1995_pd | HTTP 404 en https://www.defensoria.gov.co/public/Normograma%202013_html/Normas/Ley_248_1995.pd
  sin descargar: ley_29_1982 | ley_29_1982: no hay descarga previa para convertir
  sin descargar: ley_50_1990 | ley_50_1990: no hay descarga previa para convertir
  sin descargar: ley_54_1990 | ley_54_1990: no hay descarga previa para convertir
  sin descargar: ley_75_1968 | ley_75_1968: no hay descarga previa para convertir
  sin descargar: ley_84_1873 | ley_84_1873: no hay descarga previa para convertir
  sin descargar: norma | Agotados los reintentos para https://www.funcionpublica.gov.co/eva/gestornormativo/norma.php?i=41249: ConnectError: [SSL: CERTIFICATE_VERIFY_FAILED] certificate verify failed: unable to get local issuer certificate (_ssl.c:1010)
  sin descargar: norma-2 | Agotados los reintentos para https://www.funcionpublica.gov.co/eva/gestornormativo/norma.php?i=329: ConnectError: [SSL: CERTIFICATE_VERIFY_FAILED] certificate verify failed: unable to get local issuer certificate (_ssl.c:1010)
  sin descargar: norma-3 | Agotados los reintentos para https://www.funcionpublica.gov.co/eva/gestornormativo/norma.php?i=5387: ConnectError: [SSL: CERTIFICATE_VERIFY_FAILED] certificate verify failed: unable to get local issuer certificate (_ssl.c:1010)
  sin descargar: norma-4 | Agotados los reintentos para https://www.funcionpublica.gov.co/eva/gestornormativo/norma.php?i=6388: ConnectError: [SSL: CERTIFICATE_VERIFY_FAILED] certificate verify failed: unable to get local issuer certificate (_ssl.c:1010)
  sin descargar: sentencia_a-121_2011 | Agotados los reintentos para http://www.corteconstitucional.gov.co/relatoria/autos/2011/A121-11.htm: RemoteProtocolError: Server disconnected without sending a response.
  sin descargar: sentencia_a-219_2011 | Agotados los reintentos para http://www.corteconstitucional.gov.co/relatoria/autos/2011/A219-11.htm: RemoteProtocolError: Server disconnected without sending a response.
  sin descargar: sentencia_a-248_2007 | Agotados los reintentos para http://www.corteconstitucional.gov.co/relatoria/autos/2007/A248-07.htm: RemoteProtocolError: Server disconnected without sending a response.
  sin descargar: sentencia_a-249_2007 | Agotados los reintentos para http://www.corteconstitucional.gov.co/relatoria/autos/2007/A249-07.htm: RemoteProtocolError: Server disconnected without sending a response.
  sin descargar: sentencia_a-250_2007 | Agotados los reintentos para http://www.corteconstitucional.gov.co/relatoria/autos/2007/A250-07.htm: RemoteProtocolError: Server disconnected without sending a response.
  sin descargar: sentencia_a-251_2007 | Agotados los reintentos para http://www.corteconstitucional.gov.co/relatoria/autos/2007/A251-07.htm: RemoteProtocolError: Server disconnected without sending a response.
  sin descargar: sentencia_a-37_2012 | Agotados los reintentos para http://www.corteconstitucional.gov.co/relatoria/autos/2012/A037-12.htm: RemoteProtocolError: Server disconnected without sending a response.
  sin descargar: sentencia_a-382_2010 | Agotados los reintentos para http://www.corteconstitucional.gov.co/relatoria/autos/2010/A382-10.htm: RemoteProtocolError: Server disconnected without sending a response.
  sin descargar: sentencia_a-383_2010 | Agotados los reintentos para http://www.corteconstitucional.gov.co/relatoria/autos/2010/A383-10.htm: RemoteProtocolError: Server disconnected without sending a response.
  sin descargar: sentencia_a-4_2009 | Agotados los reintentos para http://www.corteconstitucional.gov.co/relatoria/autos/2009/A004-09.htm: RemoteProtocolError: Server disconnected without sending a response.
  sin descargar: sentencia_a-5_2009 | Agotados los reintentos para http://www.corteconstitucional.gov.co/relatoria/autos/2009/A005-09.htm: RemoteProtocolError: Server disconnected without sending a response.
  sin descargar: sentencia_a-6_2009 | Agotados los reintentos para http://www.corteconstitucional.gov.co/relatoria/autos/2009/A006-09.htm: RemoteProtocolError: Server disconnected without sending a response.
  sin descargar: sentencia_a-8_2009 | Agotados los reintentos para http://www.corteconstitucional.gov.co/relatoria/autos/2009/A008-09.htm: RemoteProtocolError: Server disconnected without sending a response.
  sin descargar: sentencia_a-92_2008 | Agotados los reintentos para http://www.corteconstitucional.gov.co/relatoria/autos/2008/A092-08.htm: RemoteProtocolError: Server disconnected without sending a response.
  sin descargar: sentencia_c-100_2005 | Agotados los reintentos para http://www.corteconstitucional.gov.co/relatoria/2005/C-100-05.htm: RemoteProtocolError: Server disconnected without sending a response.
  sin descargar: sentencia_c-1034_2003 | Agotados los reintentos para http://www.corteconstitucional.gov.co/relatoria/2003/C-1034-03.htm: RemoteProtocolError: Server disconnected without sending a response.
  sin descargar: sentencia_c-1064_2001 | Agotados los reintentos para http://www.corteconstitucional.gov.co/relatoria/2001/C-1064-01.htm: RemoteProtocolError: Server disconnected without sending a response.
  sin descargar: sentencia_c-1098_2001 | Agotados los reintentos para http://www.corteconstitucional.gov.co/relatoria/2001/C-1098-01.htm: RemoteProtocolError: Server disconnected without sending a response.
  sin descargar: sentencia_c-1110_2000 | Agotados los reintentos para http://www.corteconstitucional.gov.co/relatoria/2000/C-1110-00.htm: RemoteProtocolError: Server disconnected without sending a response.
  sin descargar: sentencia_c-122_2012 | Agotados los reintentos para http://www.corteconstitucional.gov.co/relatoria/2012/C-122-12.htm: RemoteProtocolError: Server disconnected without sending a response.
  sin descargar: sentencia_c-127_2003 | Agotados los reintentos para http://www.corteconstitucional.gov.co/relatoria/2003/C-127-03.htm: RemoteProtocolError: Server disconnected without sending a response.
  sin descargar: sentencia_c-1287_2001 | Agotados los reintentos para http://www.corteconstitucional.gov.co/relatoria/2001/C-1287-01.htm: RemoteProtocolError: Server disconnected without sending a response.
  sin descargar: sentencia_c-1319_2000 | Agotados los reintentos para http://www.corteconstitucional.gov.co/relatoria/2000/C-1319-00.htm: RemoteProtocolError: Server disconnected without sending a response.
  sin descargar: sentencia_c-131_2004 | Agotados los reintentos para http://www.corteconstitucional.gov.co/relatoria/2004/C-131-04.htm: RemoteProtocolError: Server disconnected without sending a response.
  sin descargar: sentencia_c-14_2004 | Agotados los reintentos para http://www.corteconstitucional.gov.co/relatoria/2004/C-014-04.htm: RemoteProtocolError: Server disconnected without sending a response.
  sin descargar: sentencia_c-154_2007 | Agotados los reintentos para http://www.corteconstitucional.gov.co/relatoria/2007/C-154-07.htm: RemoteProtocolError: Server disconnected without sending a response.
  sin descargar: sentencia_c-179_2005 | Agotados los reintentos para http://www.corteconstitucional.gov.co/relatoria/2005/C-179-05.htm: RemoteProtocolError: Server disconnected without sending a response.
  sin descargar: sentencia_c-181_2002 | Agotados los reintentos para http://www.corteconstitucional.gov.co/relatoria/2002/C-181-02.htm: RemoteProtocolError: Server disconnected without sending a response.
  sin descargar: sentencia_c-182_2010 | Agotados los reintentos para http://www.corteconstitucional.gov.co/relatoria/2010/C-182-10.htm: RemoteProtocolError: Server disconnected without sending a response.
  sin descargar: sentencia_c-205_2003 | Agotados los reintentos para http://www.corteconstitucional.gov.co/relatoria/2003/C-205-03.htm: RemoteProtocolError: Server disconnected without sending a response.
  sin descargar: sentencia_c-210_2007 | Agotados los reintentos para http://www.corteconstitucional.gov.co/relatoria/2007/C-210-07.htm: RemoteProtocolError: Server disconnected without sending a response.
  sin descargar: sentencia_c-229_2004 | Agotados los reintentos para http://www.corteconstitucional.gov.co/relatoria/2004/C-229-04.htm: RemoteProtocolError: Server disconnected without sending a response.
  sin descargar: sentencia_c-247_2002 | Agotados los reintentos para http://www.corteconstitucional.gov.co/relatoria/2002/C-247-02.htm: RemoteProtocolError: Server disconnected without sending a response.
  sin descargar: sentencia_c-254_2003 | Agotados los reintentos para http://www.corteconstitucional.gov.co/relatoria/2003/C-254-03.htm: RemoteProtocolError: Server disconnected without sending a response.
  sin descargar: sentencia_c-306_2012 | Agotados los reintentos para http://www.corteconstitucional.gov.co/relatoria/2012/C-306-12.htm: RemoteProtocolError: Server disconnected without sending a response.
  sin descargar: sentencia_c-315_2012 | Agotados los reintentos para http://www.corteconstitucional.gov.co/relatoria/2012/C-315-12.htm: RemoteProtocolError: Server disconnected without sending a response.
  sin descargar: sentencia_c-317_2002 | Agotados los reintentos para http://www.corteconstitucional.gov.co/relatoria/2002/C-317-02.htm: RemoteProtocolError: Server disconnected without sending a response.
  sin descargar: sentencia_c-319_2006 | Agotados los reintentos para http://www.corteconstitucional.gov.co/relatoria/2006/C-319-06.htm: RemoteProtocolError: Server disconnected without sending a response.
  sin descargar: sentencia_c-350_2009 | Agotados los reintentos para http://www.corteconstitucional.gov.co/relatoria/2009/C-350-09.htm: RemoteProtocolError: Server disconnected without sending a response.
  sin descargar: sentencia_c-374_2002 | Agotados los reintentos para http://www.corteconstitucional.gov.co/relatoria/2002/C-374-02.htm: RemoteProtocolError: Server disconnected without sending a response.
  sin descargar: sentencia_c-39_2004 | Agotados los reintentos para http://www.corteconstitucional.gov.co/relatoria/2004/C-039-04.htm: RemoteProtocolError: Server disconnected without sending a response.
  sin descargar: sentencia_c-417_2009 | Agotados los reintentos para http://www.corteconstitucional.gov.co/relatoria/2009/C-417-09.htm: RemoteProtocolError: Server disconnected without sending a response.
  sin descargar: sentencia_c-475_1997 | Agotados los reintentos para http://www.corteconstitucional.gov.co/relatoria/1997/C-475-97.htm: RemoteProtocolError: Server disconnected without sending a response.
  sin descargar: sentencia_c-489_2002 | Agotados los reintentos para http://www.corteconstitucional.gov.co/relatoria/2002/C-489-02.htm: RemoteProtocolError: Server disconnected without sending a response.
  sin descargar: sentencia_c-52_2012 | Agotados los reintentos para http://www.corteconstitucional.gov.co/relatoria/2012/C-052-12.htm: RemoteProtocolError: Server disconnected without sending a response.
  sin descargar: sentencia_c-571_2004 | Agotados los reintentos para http://www.corteconstitucional.gov.co/relatoria/2004/C-571-04.htm: RemoteProtocolError: Server disconnected without sending a response.
  sin descargar: sentencia_c-578_2002 | Agotados los reintentos para http://www.corteconstitucional.gov.co/relatoria/2002/C-578-02.htm: RemoteProtocolError: Server disconnected without sending a response.
  sin descargar: sentencia_c-619_2003 | Agotados los reintentos para http://www.corteconstitucional.gov.co/relatoria/2003/C-619-03.htm: RemoteProtocolError: Server disconnected without sending a response.
  sin descargar: sentencia_c-645_2011 | Agotados los reintentos para http://www.corteconstitucional.gov.co/relatoria/2011/C-645-11.htm: RemoteProtocolError: Server disconnected without sending a response.
  sin descargar: sentencia_c-647_2001 | Agotados los reintentos para http://www.corteconstitucional.gov.co/relatoria/2001/C-647-01.htm: RemoteProtocolError: Server disconnected without sending a response.
  sin descargar: sentencia_c-68_2013 | Agotados los reintentos para http://www.corteconstitucional.gov.co/relatoria/2013/C-068-13.htm: RemoteProtocolError: Server disconnected without sending a response.
  sin descargar: sentencia_c-70_2009 | Agotados los reintentos para http://www.corteconstitucional.gov.co/relatoria/2009/C-070-09.htm: RemoteProtocolError: Server disconnected without sending a response.
  sin descargar: sentencia_c-711_2001 | Agotados los reintentos para http://www.corteconstitucional.gov.co/relatoria/2001/C-711-01.htm: RemoteProtocolError: Server disconnected without sending a response.
  sin descargar: sentencia_c-781_2012 | Agotados los reintentos para http://www.corteconstitucional.gov.co/relatoria/2012/C-781-12.htm: RemoteProtocolError: Server disconnected without sending a response.
  sin descargar: sentencia_c-798_2008 | Agotados los reintentos para http://www.corteconstitucional.gov.co/relatoria/2008/C-798-08.htm: RemoteProtocolError: Server disconnected without sending a response.
  sin descargar: sentencia_c-799_2003 | Agotados los reintentos para http://www.corteconstitucional.gov.co/relatoria/2003/C-799-03.htm: RemoteProtocolError: Server disconnected without sending a response.
  sin descargar: sentencia_c-802_2002 | Agotados los reintentos para http://www.corteconstitucional.gov.co/relatoria/2002/C-802-02.htm: RemoteProtocolError: Server disconnected without sending a response.
  sin descargar: sentencia_c-823_2006 | Agotados los reintentos para http://www.corteconstitucional.gov.co/relatoria/2006/C-823-06.htm: RemoteProtocolError: Server disconnected without sending a response.
  sin descargar: sentencia_c-889_2012 | Agotados los reintentos para http://www.corteconstitucional.gov.co/relatoria/2012/C-889-12.htm: RemoteProtocolError: Server disconnected without sending a response.
  sin descargar: sentencia_c-936_2010 | Agotados los reintentos para http://www.corteconstitucional.gov.co/relatoria/2010/C-936-10.htm: RemoteProtocolError: Server disconnected without sending a response.
  sin descargar: sentencia_sp_3218_2021 | sentencia_sp_3218_2021: no hay descarga previa para convertir
  sin descargar: sentencia_su-257_1997 | Agotados los reintentos para http://www.corteconstitucional.gov.co/relatoria/1997/SU257-97.htm: RemoteProtocolError: Server disconnected without sending a response.
  sin descargar: sentencia_su-337_1999 | Agotados los reintentos para http://www.corteconstitucional.gov.co/relatoria/1999/SU337-99.htm: RemoteProtocolError: Server disconnected without sending a response.
  sin descargar: sentencia_su-642_1998 | Agotados los reintentos para http://www.corteconstitucional.gov.co/relatoria/1998/SU642-98.htm: RemoteProtocolError: Server disconnected without sending a response.
  sin descargar: sentencia_su-891_2007 | Agotados los reintentos para http://www.corteconstitucional.gov.co/relatoria/2007/SU891-07.htm: RemoteProtocolError: Server disconnected without sending a response.
  sin descargar: sentencia_su-975_2003 | Agotados los reintentos para http://www.corteconstitucional.gov.co/relatoria/2003/SU975-03.htm: RemoteProtocolError: Server disconnected without sending a response.
  sin descargar: sentencia_t-1096_2004 | Agotados los reintentos para http://www.corteconstitucional.gov.co/relatoria/2004/t-1096-04.htm: RemoteProtocolError: Server disconnected without sending a response.
  sin descargar: sentencia_t-372_2013 | Agotados los reintentos para http://corteconstitucional.gov.co/relatoria/2013/T-372-13.htm: RemoteProtocolError: Server disconnected without sending a response.
  sin descargar: sentencia_t-496_2008 | Agotados los reintentos para http://www.corteconstitucional.gov.co/relatoria/2008/T-496-08.htm: RemoteProtocolError: Server disconnected without sending a response.
  sin descargar: sentencia_t-622_2010 | Agotados los reintentos para http://www.corteconstitucional.gov.co/relatoria/2010/t-622-10.htm: RemoteProtocolError: Server disconnected without sending a response.
  sin descargar: sentencia_t-624_2005 | Agotados los reintentos para http://corteconstitucional.gov.co/relatoria/2005/t-624-05.htm: RemoteProtocolError: Server disconnected without sending a response.
== fin: [enriquecer_corpus] FALLÓ (código 2) · 2026-10-03 09:26:45
