Job indice 755867 en nodei-gpu-2 · 2026-10-02 15:07:34
usando .venv-gpu (torch para CUDA 11.8)
== 0/4 verificando chunks y GPU
Quadro RTX 6000, 23040 MiB
== 1/4 descargando BAAI/bge-m3@5617a9f6 (si ya está en la caché de HF no baja nada)
modelo en /hpcfs/home/ing_sistemas/s.montoya112/.cache/huggingface/hub/models--BAAI--bge-m3/snapshots/5617a9f61b028005a4858fdac845db406aefb181
== 2/4 construyendo índices (BM25 + FAISS)
chunks: 163557 filas de 3013 documentos (data/processed/chunks.parquet)
Building index from tokens
BM25: 163557 chunks, vocabulario 93891 (55 s)
encoder BAAI/bge-m3@5617a9f6 en cuda (fp16=True)
tokens por chunk: p50 324, p95 462, máx 3990, truncados 5398
  encoding 50/1278 lotes (41 s)
  encoding 100/1278 lotes (78 s)
  encoding 150/1278 lotes (112 s)
  encoding 200/1278 lotes (144 s)
  encoding 250/1278 lotes (176 s)
  encoding 300/1278 lotes (208 s)
  encoding 350/1278 lotes (238 s)
  encoding 400/1278 lotes (268 s)
  encoding 450/1278 lotes (297 s)
  encoding 500/1278 lotes (325 s)
  encoding 550/1278 lotes (352 s)
  encoding 600/1278 lotes (379 s)
  encoding 650/1278 lotes (404 s)
  encoding 700/1278 lotes (428 s)
  encoding 750/1278 lotes (451 s)
  encoding 800/1278 lotes (472 s)
  encoding 850/1278 lotes (491 s)
  encoding 900/1278 lotes (508 s)
  encoding 950/1278 lotes (524 s)
  encoding 1000/1278 lotes (537 s)
  encoding 1050/1278 lotes (549 s)
  encoding 1100/1278 lotes (559 s)
  encoding 1150/1278 lotes (568 s)
  encoding 1200/1278 lotes (575 s)
  encoding 1250/1278 lotes (581 s)
  encoding 1278/1278 lotes (583 s)
textos únicos codificados: 163458 de 163557 filas
FAISS IndexFlatIP: 163557 vectores de dim 1024 (663 s)
n_chunks 163557 | índices en data/index | config data/index/index_config.json
== 3/4 evaluando recuperación sobre data/sample_50.jsonl
extrayendo citas de 163557 chunks (se guarda en data/index/citas_chunks.parquet)
  encoding 2/2 lotes (2 s)
ítems: 50 | evaluables 21 | fuera del corpus 20 | sin citas extraíbles 9 | con chunk relevante a nivel artículo 4
RESULTADO bm25   artículo (n=4): Recall@10 0.0  Recall@50 0.0  MRR@10 0.0  Hit@10 0.0
RESULTADO bm25   documento (n=21): Recall@10 0.1282  Recall@50 0.2429  MRR@10 0.0676  Hit@10 0.2381
RESULTADO bm25   cobertura de citas en el texto: cuerpo@10 0.6905  artículo@10 0.25  cuerpo@50 0.9762
RESULTADO denso  artículo (n=4): Recall@10 0.25  Recall@50 0.25  MRR@10 0.125  Hit@10 0.25
RESULTADO denso  documento (n=21): Recall@10 0.1159  Recall@50 0.1818  MRR@10 0.0841  Hit@10 0.2857
RESULTADO denso  cobertura de citas en el texto: cuerpo@10 0.5952  artículo@10 0.3571  cuerpo@50 0.7857
RESULTADO rrf    artículo (n=4): Recall@10 0.25  Recall@50 0.25  MRR@10 0.0278  Hit@10 0.25
RESULTADO rrf    documento (n=21): Recall@10 0.0672  Recall@50 0.2759  MRR@10 0.0481  Hit@10 0.1905
RESULTADO rrf    cobertura de citas en el texto: cuerpo@10 0.7381  artículo@10 0.3452  cuerpo@50 0.881
detalle por ítem en data/index/eval_recuperacion.json
== 4/4 resumen
total 965M
drwxr-xr-x 2 s.montoya112 ing_sistemas    5 Oct  2 10:01 bm25
-rw-r--r-- 1 s.montoya112 ing_sistemas 4.6M Oct  2 15:07 chunk_ids.json
-rw-r--r-- 1 s.montoya112 ing_sistemas 1.5M Oct  2 15:22 citas_chunks.parquet
-rw-r--r-- 1 s.montoya112 ing_sistemas 320M Oct  2 15:19 embeddings.npy
-rw-r--r-- 1 s.montoya112 ing_sistemas 169K Oct  2 15:23 eval_recuperacion.json
-rw-r--r-- 1 s.montoya112 ing_sistemas 639M Oct  2 15:19 faiss.index
-rw-r--r-- 1 s.montoya112 ing_sistemas 1.4K Oct  2 15:19 index_config.json
  chunks: 163557 filas de 3013 documentos (data/processed/chunks.parquet)
  BM25: 163557 chunks, vocabulario 93891 (55 s)
  textos únicos codificados: 163458 de 163557 filas
  FAISS IndexFlatIP: 163557 vectores de dim 1024 (663 s)
  n_chunks 163557 | índices en data/index | config data/index/index_config.json
  ítems: 50 | evaluables 21 | fuera del corpus 20 | sin citas extraíbles 9 | con chunk relevante a nivel artículo 4
  RESULTADO bm25   artículo (n=4): Recall@10 0.0  Recall@50 0.0  MRR@10 0.0  Hit@10 0.0
  RESULTADO bm25   documento (n=21): Recall@10 0.1282  Recall@50 0.2429  MRR@10 0.0676  Hit@10 0.2381
  RESULTADO bm25   cobertura de citas en el texto: cuerpo@10 0.6905  artículo@10 0.25  cuerpo@50 0.9762
  RESULTADO denso  artículo (n=4): Recall@10 0.25  Recall@50 0.25  MRR@10 0.125  Hit@10 0.25
  RESULTADO denso  documento (n=21): Recall@10 0.1159  Recall@50 0.1818  MRR@10 0.0841  Hit@10 0.2857
  RESULTADO denso  cobertura de citas en el texto: cuerpo@10 0.5952  artículo@10 0.3571  cuerpo@50 0.7857
  RESULTADO rrf    artículo (n=4): Recall@10 0.25  Recall@50 0.25  MRR@10 0.0278  Hit@10 0.25
  RESULTADO rrf    documento (n=21): Recall@10 0.0672  Recall@50 0.2759  MRR@10 0.0481  Hit@10 0.1905
  RESULTADO rrf    cobertura de citas en el texto: cuerpo@10 0.7381  artículo@10 0.3452  cuerpo@50 0.881
== fin: [indice] Terminó con errores (ver .err) · 2026-10-02 15:23:59
