Using CPython 3.12.12
Creating virtual environment at: .venv-gpu
Activate with: source .venv-gpu/bin/activate
Using Python 3.12.12 environment at: .venv-gpu
Resolved 22 packages in 3.33s
Downloading setuptools (1.2MiB)
Downloading networkx (2.0MiB)
Downloading sympy (6.0MiB)
Downloading triton (148.5MiB)
Downloading nvidia-nccl-cu11 (141.0MiB)
Downloading torch (863.3MiB)
 Downloaded nvidia-nccl-cu11
 Downloaded setuptools
 Downloaded networkx
 Downloaded triton
 Downloaded sympy
 Downloaded torch
Prepared 12 packages in 28.40s
Installed 22 packages in 6.17s
 + filelock==3.32.3
 + fsspec==2026.7.0
 + jinja2==3.1.6
 + markupsafe==3.0.3
 + mpmath==1.3.0
 + networkx==3.6.1
 + nvidia-cublas-cu11==11.11.3.6
 + nvidia-cuda-cupti-cu11==11.8.87
 + nvidia-cuda-nvrtc-cu11==11.8.89
 + nvidia-cuda-runtime-cu11==11.8.89
 + nvidia-cudnn-cu11==9.1.0.70
 + nvidia-cufft-cu11==10.9.0.58
 + nvidia-curand-cu11==10.3.0.86
 + nvidia-cusolver-cu11==11.4.1.48
 + nvidia-cusparse-cu11==11.7.5.86
 + nvidia-nccl-cu11==2.21.5
 + nvidia-nvtx-cu11==11.8.86
 + setuptools==78.1.0
 + sympy==1.14.0
 + torch==2.7.1+cu118
 + triton==3.3.1
 + typing-extensions==4.16.0
Using Python 3.12.12 environment at: .venv-gpu
Resolved 49 packages in 1.88s
Downloading fonttools (5.1MiB)
Downloading fastparquet (1.9MiB)
Downloading lz4 (1.3MiB)
Downloading cramjam (1.9MiB)
Downloading llvmlite (56.9MiB)
Downloading numba (3.7MiB)
Downloading kiwisolver (1.4MiB)
Downloading matplotlib (9.4MiB)
Downloading faiss-cpu (18.0MiB)
 Downloaded lz4
 Downloaded kiwisolver
 Downloaded fastparquet
 Downloaded cramjam
 Downloaded fonttools
 Downloaded faiss-cpu
 Downloaded matplotlib
 Downloaded numba
 Downloaded llvmlite
Prepared 15 packages in 5.05s
Installed 46 packages in 5.12s
 + bm25s==0.3.11
 + cbor2==6.1.4
 + certifi==2026.7.22
 + charset-normalizer==3.5.2
 + contourpy==1.4.0
 + cramjam==2.13.0
 + cycler==0.12.1
 + faiss-cpu==1.15.1
 + fastparquet==2026.9.0
 + fonttools==4.66.1
 + hf-xet==1.6.0
 + huggingface-hub==0.36.2
 + idna==3.20
 + ir-datasets==0.6.3
 + kiwisolver==1.5.1
 + llvmlite==0.50.0
 + lxml==6.1.3
 + lz4==4.4.5
 + markdown-it-py==4.2.0
 + matplotlib==3.11.2
 + mdurl==0.1.2
 + numba==0.68.0
 + numpy==2.5.3
 + orjson==3.12.0
 + packaging==26.3
 + pandas==3.0.6
 + pillow==12.3.0
 + pyarrow==25.0.1
 + pygments==2.21.0
 + pyparsing==3.3.3
 + pystemmer==3.1.0
 + python-dateutil==2.9.0.post0
 + pyyaml==6.0.3
 + ranx==0.3.21
 + regex==2026.9.29
 + requests==2.34.2
 + rich==15.0.0
 + safetensors==0.8.0
 + scipy==1.18.1
 + seaborn==0.13.2
 + six==1.17.0
 + tabulate==0.10.0
 + tokenizers==0.22.2
 + tqdm==4.70.1
 + transformers==4.57.6
 + urllib3==2.8.0
