Job recuperar 756182 en nodei-gpu-1 · 2026-10-02 18:11:59
usando .venv-gpu (torch para CUDA 11.8)
== 0/4 verificando índices, preguntas y GPU
Quadro RTX 6000, 23040 MiB
== 1/4 recuperación completa (alias + híbrido + área + directos + cerradas + reranker)
18:12:34 Loading faiss with AVX512 support.
18:12:34 Could not load library with AVX512 support due to:
ModuleNotFoundError("No module named 'faiss.swigfaiss_avx512'")
18:12:34 Loading faiss with AVX2 support.
18:12:34 Could not load library with AVX2 support due to:
ModuleNotFoundError("No module named 'faiss.swigfaiss_avx2'")
18:12:34 Loading faiss.
18:12:36 Successfully loaded faiss.
(ablaciones y métricas solo con data/sample_50.jsonl: el test no trae legal_basis)
== 4/4 resumen
total 11M
-rw-r--r-- 1 s.montoya112 ing_sistemas  63K Oct  2 15:33 ablaciones.json
-rw-r--r-- 1 s.montoya112 ing_sistemas  16K Oct  1 18:09 ablaciones_sin_area_sin_reranker.json
-rw-r--r-- 1 s.montoya112 ing_sistemas  754 Oct  2 15:29 sample_50_con_area.config.json
-rw-r--r-- 1 s.montoya112 ing_sistemas 814K Oct  2 15:29 sample_50_con_area.jsonl
-rw-r--r-- 1 s.montoya112 ing_sistemas  756 Oct  2 15:32 sample_50_con_copias.config.json
-rw-r--r-- 1 s.montoya112 ing_sistemas 822K Oct  2 15:32 sample_50_con_copias.jsonl
-rw-r--r-- 1 s.montoya112 ing_sistemas  755 Oct  2 15:25 sample_50.config.json
-rw-r--r-- 1 s.montoya112 ing_sistemas 822K Oct  2 15:25 sample_50.jsonl
-rw-r--r-- 1 s.montoya112 ing_sistemas  673 Oct  2 14:46 sample_50_max2.config.json
-rw-r--r-- 1 s.montoya112 ing_sistemas 813K Oct  2 14:46 sample_50_max2.jsonl
-rw-r--r-- 1 s.montoya112 ing_sistemas  673 Oct  2 14:46 sample_50_max3.config.json
-rw-r--r-- 1 s.montoya112 ing_sistemas 812K Oct  2 14:46 sample_50_max3.jsonl
-rw-r--r-- 1 s.montoya112 ing_sistemas  756 Oct  2 15:28 sample_50_sin_alias.config.json
-rw-r--r-- 1 s.montoya112 ing_sistemas 820K Oct  2 15:28 sample_50_sin_alias.jsonl
-rw-r--r-- 1 s.montoya112 ing_sistemas  648 Oct  1 18:09 sample_50_sin_area.config.json
-rw-r--r-- 1 s.montoya112 ing_sistemas 809K Oct  1 18:09 sample_50_sin_area.jsonl
-rw-r--r-- 1 s.montoya112 ing_sistemas  590 Oct  1 18:09 sample_50_sin_area_sin_reranker.config.json
-rw-r--r-- 1 s.montoya112 ing_sistemas 766K Oct  1 18:09 sample_50_sin_area_sin_reranker.jsonl
-rw-r--r-- 1 s.montoya112 ing_sistemas  756 Oct  2 15:27 sample_50_sin_directos.config.json
-rw-r--r-- 1 s.montoya112 ing_sistemas 823K Oct  2 15:27 sample_50_sin_directos.jsonl
-rw-r--r-- 1 s.montoya112 ing_sistemas  755 Oct  2 15:30 sample_50_sin_diversidad.config.json
-rw-r--r-- 1 s.montoya112 ing_sistemas 825K Oct  2 15:30 sample_50_sin_diversidad.jsonl
-rw-r--r-- 1 s.montoya112 ing_sistemas  756 Oct  2 15:31 sample_50_sin_garantia_opciones.config.json
-rw-r--r-- 1 s.montoya112 ing_sistemas 821K Oct  2 15:31 sample_50_sin_garantia_opciones.jsonl
-rw-r--r-- 1 s.montoya112 ing_sistemas  697 Oct  2 15:26 sample_50_sin_reranker.config.json
-rw-r--r-- 1 s.montoya112 ing_sistemas 794K Oct  2 15:26 sample_50_sin_reranker.jsonl
-rw-r--r-- 1 s.montoya112 ing_sistemas  755 Oct  2 15:33 sample_50_sin_tope_sentencias.config.json
-rw-r--r-- 1 s.montoya112 ing_sistemas 822K Oct  2 15:33 sample_50_sin_tope_sentencias.jsonl
== fin: [recuperar] FALLÓ (código 1) · 2026-10-02 18:12:43
