Job recuperar 755817 en nodei-gpu-2 · 2026-10-02 14:49:12
usando .venv-gpu (torch para CUDA 11.8)
== 0/4 verificando índices, preguntas y GPU
Quadro RTX 6000, 23040 MiB
== 1/4 recuperación completa (alias + híbrido + área + directos + cerradas + reranker)
(ablaciones y métricas solo con data/sample_50.jsonl: el test no trae legal_basis)
== 4/4 resumen
total 11M
-rw-r--r-- 1 s.montoya112 ing_sistemas  39K Oct  2 12:03 ablaciones.json
-rw-r--r-- 1 s.montoya112 ing_sistemas  16K Oct  1 18:09 ablaciones_sin_area_sin_reranker.json
-rw-r--r-- 1 s.montoya112 ing_sistemas  647 Oct  2 12:03 sample_50_con_area.config.json
-rw-r--r-- 1 s.montoya112 ing_sistemas 802K Oct  2 12:03 sample_50_con_area.jsonl
-rw-r--r-- 1 s.montoya112 ing_sistemas  755 Oct  2 14:46 sample_50_con_copias.config.json
-rw-r--r-- 1 s.montoya112 ing_sistemas 768K Oct  2 14:46 sample_50_con_copias.jsonl
-rw-r--r-- 1 s.montoya112 ing_sistemas  648 Oct  2 12:03 sample_50.config.json
-rw-r--r-- 1 s.montoya112 ing_sistemas 768K Oct  2 14:46 sample_50.jsonl
-rw-r--r-- 1 s.montoya112 ing_sistemas  673 Oct  2 14:46 sample_50_max2.config.json
-rw-r--r-- 1 s.montoya112 ing_sistemas 813K Oct  2 14:46 sample_50_max2.jsonl
-rw-r--r-- 1 s.montoya112 ing_sistemas  673 Oct  2 14:46 sample_50_max3.config.json
-rw-r--r-- 1 s.montoya112 ing_sistemas 812K Oct  2 14:46 sample_50_max3.jsonl
-rw-r--r-- 1 s.montoya112 ing_sistemas  649 Oct  2 12:03 sample_50_sin_alias.config.json
-rw-r--r-- 1 s.montoya112 ing_sistemas 809K Oct  2 12:03 sample_50_sin_alias.jsonl
-rw-r--r-- 1 s.montoya112 ing_sistemas  648 Oct  1 18:09 sample_50_sin_area.config.json
-rw-r--r-- 1 s.montoya112 ing_sistemas 809K Oct  1 18:09 sample_50_sin_area.jsonl
-rw-r--r-- 1 s.montoya112 ing_sistemas  590 Oct  1 18:09 sample_50_sin_area_sin_reranker.config.json
-rw-r--r-- 1 s.montoya112 ing_sistemas 766K Oct  1 18:09 sample_50_sin_area_sin_reranker.jsonl
-rw-r--r-- 1 s.montoya112 ing_sistemas  649 Oct  2 12:03 sample_50_sin_directos.config.json
-rw-r--r-- 1 s.montoya112 ing_sistemas 811K Oct  2 12:03 sample_50_sin_directos.jsonl
-rw-r--r-- 1 s.montoya112 ing_sistemas  754 Oct  2 14:46 sample_50_sin_diversidad.config.json
-rw-r--r-- 1 s.montoya112 ing_sistemas 778K Oct  2 14:46 sample_50_sin_diversidad.jsonl
-rw-r--r-- 1 s.montoya112 ing_sistemas  755 Oct  2 14:46 sample_50_sin_garantia_opciones.config.json
-rw-r--r-- 1 s.montoya112 ing_sistemas 767K Oct  2 14:46 sample_50_sin_garantia_opciones.jsonl
-rw-r--r-- 1 s.montoya112 ing_sistemas  590 Oct  2 12:03 sample_50_sin_reranker.config.json
-rw-r--r-- 1 s.montoya112 ing_sistemas 766K Oct  2 12:03 sample_50_sin_reranker.jsonl
-rw-r--r-- 1 s.montoya112 ing_sistemas  754 Oct  2 14:46 sample_50_sin_tope_sentencias.config.json
-rw-r--r-- 1 s.montoya112 ing_sistemas 780K Oct  2 14:46 sample_50_sin_tope_sentencias.jsonl
== fin: [recuperar] FALLÓ (código 1) · 2026-10-02 14:49:59
