Job recuperar 751881 en nodei-gpu-1 · 2026-10-01 23:17:32
usando .venv-gpu (torch para CUDA 11.8)
== 0/4 verificando índices, preguntas y GPU
Quadro RTX 6000, 23040 MiB
== 1/4 recuperación completa (alias + híbrido + área + directos + cerradas + reranker)
23:17:43 Loading faiss with AVX512 support.
23:17:43 Could not load library with AVX512 support due to:
ModuleNotFoundError("No module named 'faiss.swigfaiss_avx512'")
23:17:43 Loading faiss with AVX2 support.
23:17:43 Could not load library with AVX2 support due to:
ModuleNotFoundError("No module named 'faiss.swigfaiss_avx2'")
23:17:43 Loading faiss.
23:17:43 Successfully loaded faiss.
23:18:16 reranker BAAI/bge-reranker-v2-m3@953dc6f6 en cuda
23:18:17   encoding 1/1 lotes (2 s)
23:18:18   encoding 1/1 lotes (0 s)
23:18:18   encoding 1/1 lotes (0 s)
23:18:19   encoding 1/1 lotes (0 s)
23:18:19   encoding 1/1 lotes (0 s)
23:18:19   encoding 1/1 lotes (0 s)
23:18:20   encoding 1/1 lotes (0 s)
23:18:20   encoding 1/1 lotes (0 s)
23:18:21   encoding 1/1 lotes (0 s)
23:18:21   encoding 1/1 lotes (0 s)
23:18:21   encoding 1/1 lotes (0 s)
23:18:22   encoding 1/1 lotes (0 s)
23:18:22   encoding 1/1 lotes (0 s)
23:18:23   encoding 1/1 lotes (0 s)
23:18:23   encoding 1/1 lotes (0 s)
23:18:23   encoding 1/1 lotes (0 s)
23:18:24   encoding 1/1 lotes (0 s)
23:18:24   encoding 1/1 lotes (0 s)
23:18:25   encoding 1/1 lotes (0 s)
23:18:25   encoding 1/1 lotes (0 s)
23:18:25   encoding 1/1 lotes (0 s)
23:18:26   encoding 1/1 lotes (0 s)
23:18:26   encoding 1/1 lotes (0 s)
23:18:26   encoding 1/1 lotes (0 s)
23:18:27   encoding 1/1 lotes (0 s)
23:18:27 25/50 ítems (0.45 s/ítem)
23:18:27   encoding 1/1 lotes (0 s)
23:18:27   encoding 1/1 lotes (0 s)
23:18:28   encoding 1/1 lotes (0 s)
23:18:28   encoding 1/1 lotes (0 s)
23:18:28   encoding 1/1 lotes (0 s)
23:18:29   encoding 1/1 lotes (0 s)
23:18:29   encoding 1/1 lotes (0 s)
23:18:29   encoding 1/1 lotes (0 s)
23:18:30   encoding 1/1 lotes (0 s)
23:18:30   encoding 1/1 lotes (0 s)
23:18:30   encoding 1/1 lotes (0 s)
23:18:31   encoding 1/1 lotes (0 s)
23:18:31   encoding 1/1 lotes (0 s)
23:18:32   encoding 1/1 lotes (0 s)
23:18:32   encoding 1/1 lotes (0 s)
23:18:32   encoding 1/1 lotes (0 s)
23:18:33   encoding 1/1 lotes (0 s)
23:18:33   encoding 1/1 lotes (0 s)
23:18:33   encoding 1/1 lotes (0 s)
23:18:34   encoding 1/1 lotes (0 s)
23:18:34   encoding 1/1 lotes (0 s)
23:18:34   encoding 1/1 lotes (0 s)
23:18:35   encoding 1/1 lotes (0 s)
23:18:35   encoding 1/1 lotes (0 s)
23:18:35   encoding 1/1 lotes (0 s)
23:18:36 50/50 ítems (0.40 s/ítem)
23:18:36 recuperación de 50 ítems (0 con error) en 20 s -> data/recuperacion/sample_50.jsonl
== 2/4 ablaciones (cada paso de la fase 6 por separado)
23:18:40 Loading faiss with AVX512 support.
23:18:40 Could not load library with AVX512 support due to:
ModuleNotFoundError("No module named 'faiss.swigfaiss_avx512'")
23:18:40 Loading faiss with AVX2 support.
23:18:40 Could not load library with AVX2 support due to:
ModuleNotFoundError("No module named 'faiss.swigfaiss_avx2'")
23:18:40 Loading faiss.
23:18:40 Successfully loaded faiss.
23:19:09   encoding 1/1 lotes (2 s)
23:19:09   encoding 1/1 lotes (0 s)
23:19:09   encoding 1/1 lotes (0 s)
23:19:09   encoding 1/1 lotes (0 s)
23:19:09   encoding 1/1 lotes (0 s)
23:19:09   encoding 1/1 lotes (0 s)
23:19:09   encoding 1/1 lotes (0 s)
23:19:09   encoding 1/1 lotes (0 s)
23:19:09   encoding 1/1 lotes (0 s)
23:19:09   encoding 1/1 lotes (0 s)
23:19:09   encoding 1/1 lotes (0 s)
23:19:09   encoding 1/1 lotes (0 s)
23:19:10   encoding 1/1 lotes (0 s)
23:19:10   encoding 1/1 lotes (0 s)
23:19:10   encoding 1/1 lotes (0 s)
23:19:10   encoding 1/1 lotes (0 s)
23:19:10   encoding 1/1 lotes (0 s)
23:19:10   encoding 1/1 lotes (0 s)
23:19:10   encoding 1/1 lotes (0 s)
23:19:10   encoding 1/1 lotes (0 s)
23:19:10   encoding 1/1 lotes (0 s)
23:19:10   encoding 1/1 lotes (0 s)
23:19:10   encoding 1/1 lotes (0 s)
23:19:10   encoding 1/1 lotes (0 s)
23:19:10   encoding 1/1 lotes (0 s)
23:19:10 25/50 ítems (0.11 s/ítem)
23:19:10   encoding 1/1 lotes (0 s)
23:19:10   encoding 1/1 lotes (0 s)
23:19:10   encoding 1/1 lotes (0 s)
23:19:10   encoding 1/1 lotes (0 s)
23:19:10   encoding 1/1 lotes (0 s)
23:19:10   encoding 1/1 lotes (0 s)
23:19:10   encoding 1/1 lotes (0 s)
23:19:10   encoding 1/1 lotes (0 s)
23:19:10   encoding 1/1 lotes (0 s)
23:19:10   encoding 1/1 lotes (0 s)
23:19:10   encoding 1/1 lotes (0 s)
23:19:10   encoding 1/1 lotes (0 s)
23:19:10   encoding 1/1 lotes (0 s)
23:19:10   encoding 1/1 lotes (0 s)
23:19:10   encoding 1/1 lotes (0 s)
23:19:10   encoding 1/1 lotes (0 s)
23:19:10   encoding 1/1 lotes (0 s)
23:19:11   encoding 1/1 lotes (0 s)
23:19:11   encoding 1/1 lotes (0 s)
23:19:11   encoding 1/1 lotes (0 s)
23:19:11   encoding 1/1 lotes (0 s)
23:19:11   encoding 1/1 lotes (0 s)
23:19:11   encoding 1/1 lotes (0 s)
23:19:11   encoding 1/1 lotes (0 s)
23:19:11   encoding 1/1 lotes (0 s)
23:19:11 50/50 ítems (0.07 s/ítem)
23:19:11 recuperación de 50 ítems (0 con error) en 4 s -> data/recuperacion/sample_50_sin_reranker.jsonl
23:19:15 Loading faiss with AVX512 support.
23:19:15 Could not load library with AVX512 support due to:
ModuleNotFoundError("No module named 'faiss.swigfaiss_avx512'")
23:19:15 Loading faiss with AVX2 support.
23:19:15 Could not load library with AVX2 support due to:
ModuleNotFoundError("No module named 'faiss.swigfaiss_avx2'")
23:19:15 Loading faiss.
23:19:15 Successfully loaded faiss.
23:19:46 reranker BAAI/bge-reranker-v2-m3@953dc6f6 en cuda
23:19:48   encoding 1/1 lotes (2 s)
23:19:48   encoding 1/1 lotes (0 s)
23:19:49   encoding 1/1 lotes (0 s)
23:19:49   encoding 1/1 lotes (0 s)
23:19:50   encoding 1/1 lotes (0 s)
23:19:50   encoding 1/1 lotes (0 s)
23:19:50   encoding 1/1 lotes (0 s)
23:19:51   encoding 1/1 lotes (0 s)
23:19:51   encoding 1/1 lotes (0 s)
23:19:52   encoding 1/1 lotes (0 s)
23:19:52   encoding 1/1 lotes (0 s)
23:19:52   encoding 1/1 lotes (0 s)
23:19:53   encoding 1/1 lotes (0 s)
23:19:53   encoding 1/1 lotes (0 s)
23:19:54   encoding 1/1 lotes (0 s)
23:19:54   encoding 1/1 lotes (0 s)
23:19:54   encoding 1/1 lotes (0 s)
23:19:55   encoding 1/1 lotes (0 s)
23:19:55   encoding 1/1 lotes (0 s)
23:19:55   encoding 1/1 lotes (0 s)
23:19:56   encoding 1/1 lotes (0 s)
23:19:56   encoding 1/1 lotes (0 s)
23:19:56   encoding 1/1 lotes (0 s)
23:19:57   encoding 1/1 lotes (0 s)
23:19:57   encoding 1/1 lotes (0 s)
23:19:57 25/50 ítems (0.45 s/ítem)
23:19:58   encoding 1/1 lotes (0 s)
23:19:58   encoding 1/1 lotes (0 s)
23:19:58   encoding 1/1 lotes (0 s)
23:19:59   encoding 1/1 lotes (0 s)
23:19:59   encoding 1/1 lotes (0 s)
23:19:59   encoding 1/1 lotes (0 s)
23:20:00   encoding 1/1 lotes (0 s)
23:20:00   encoding 1/1 lotes (0 s)
23:20:00   encoding 1/1 lotes (0 s)
23:20:01   encoding 1/1 lotes (0 s)
23:20:01   encoding 1/1 lotes (0 s)
23:20:01   encoding 1/1 lotes (0 s)
23:20:02   encoding 1/1 lotes (0 s)
23:20:02   encoding 1/1 lotes (0 s)
23:20:02   encoding 1/1 lotes (0 s)
23:20:03   encoding 1/1 lotes (0 s)
23:20:03   encoding 1/1 lotes (0 s)
23:20:03   encoding 1/1 lotes (0 s)
23:20:04   encoding 1/1 lotes (0 s)
23:20:04   encoding 1/1 lotes (0 s)
23:20:05   encoding 1/1 lotes (0 s)
23:20:05   encoding 1/1 lotes (0 s)
23:20:05   encoding 1/1 lotes (0 s)
23:20:06   encoding 1/1 lotes (0 s)
23:20:06   encoding 1/1 lotes (0 s)
23:20:06 50/50 ítems (0.40 s/ítem)
23:20:06 recuperación de 50 ítems (0 con error) en 20 s -> data/recuperacion/sample_50_sin_directos.jsonl
23:20:10 Loading faiss with AVX512 support.
23:20:10 Could not load library with AVX512 support due to:
ModuleNotFoundError("No module named 'faiss.swigfaiss_avx512'")
23:20:10 Loading faiss with AVX2 support.
23:20:10 Could not load library with AVX2 support due to:
ModuleNotFoundError("No module named 'faiss.swigfaiss_avx2'")
23:20:10 Loading faiss.
23:20:10 Successfully loaded faiss.
23:20:39 reranker BAAI/bge-reranker-v2-m3@953dc6f6 en cuda
23:20:41   encoding 1/1 lotes (2 s)
23:20:42   encoding 1/1 lotes (0 s)
23:20:42   encoding 1/1 lotes (0 s)
23:20:42   encoding 1/1 lotes (0 s)
23:20:43   encoding 1/1 lotes (0 s)
23:20:43   encoding 1/1 lotes (0 s)
23:20:43   encoding 1/1 lotes (0 s)
23:20:44   encoding 1/1 lotes (0 s)
23:20:44   encoding 1/1 lotes (0 s)
23:20:45   encoding 1/1 lotes (0 s)
23:20:45   encoding 1/1 lotes (0 s)
23:20:45   encoding 1/1 lotes (0 s)
23:20:46   encoding 1/1 lotes (0 s)
23:20:46   encoding 1/1 lotes (0 s)
23:20:47   encoding 1/1 lotes (0 s)
23:20:47   encoding 1/1 lotes (0 s)
23:20:47   encoding 1/1 lotes (0 s)
23:20:48   encoding 1/1 lotes (0 s)
23:20:48   encoding 1/1 lotes (0 s)
23:20:49   encoding 1/1 lotes (0 s)
23:20:49   encoding 1/1 lotes (0 s)
23:20:49   encoding 1/1 lotes (0 s)
23:20:50   encoding 1/1 lotes (0 s)
23:20:50   encoding 1/1 lotes (0 s)
23:20:50   encoding 1/1 lotes (0 s)
23:20:51 25/50 ítems (0.45 s/ítem)
23:20:51   encoding 1/1 lotes (0 s)
23:20:51   encoding 1/1 lotes (0 s)
23:20:51   encoding 1/1 lotes (0 s)
23:20:52   encoding 1/1 lotes (0 s)
23:20:52   encoding 1/1 lotes (0 s)
23:20:52   encoding 1/1 lotes (0 s)
23:20:53   encoding 1/1 lotes (0 s)
23:20:53   encoding 1/1 lotes (0 s)
23:20:53   encoding 1/1 lotes (0 s)
23:20:54   encoding 1/1 lotes (0 s)
23:20:54   encoding 1/1 lotes (0 s)
23:20:54   encoding 1/1 lotes (0 s)
23:20:55   encoding 1/1 lotes (0 s)
23:20:55   encoding 1/1 lotes (0 s)
23:20:56   encoding 1/1 lotes (0 s)
23:20:56   encoding 1/1 lotes (0 s)
23:20:56   encoding 1/1 lotes (0 s)
23:20:57   encoding 1/1 lotes (0 s)
23:20:57   encoding 1/1 lotes (0 s)
23:20:57   encoding 1/1 lotes (0 s)
23:20:58   encoding 1/1 lotes (0 s)
23:20:58   encoding 1/1 lotes (0 s)
23:20:58   encoding 1/1 lotes (0 s)
23:20:59   encoding 1/1 lotes (0 s)
23:20:59   encoding 1/1 lotes (0 s)
23:20:59 50/50 ítems (0.40 s/ítem)
23:20:59 recuperación de 50 ítems (0 con error) en 20 s -> data/recuperacion/sample_50_sin_alias.jsonl
23:21:04 Loading faiss with AVX512 support.
23:21:04 Could not load library with AVX512 support due to:
ModuleNotFoundError("No module named 'faiss.swigfaiss_avx512'")
23:21:04 Loading faiss with AVX2 support.
23:21:04 Could not load library with AVX2 support due to:
ModuleNotFoundError("No module named 'faiss.swigfaiss_avx2'")
23:21:04 Loading faiss.
23:21:04 Successfully loaded faiss.
23:21:36 reranker BAAI/bge-reranker-v2-m3@953dc6f6 en cuda
23:21:38   encoding 1/1 lotes (2 s)
23:21:38   encoding 1/1 lotes (0 s)
23:21:38   encoding 1/1 lotes (0 s)
23:21:39   encoding 1/1 lotes (0 s)
23:21:39   encoding 1/1 lotes (0 s)
23:21:40   encoding 1/1 lotes (0 s)
23:21:40   encoding 1/1 lotes (0 s)
23:21:40   encoding 1/1 lotes (0 s)
23:21:41   encoding 1/1 lotes (0 s)
23:21:41   encoding 1/1 lotes (0 s)
23:21:42   encoding 1/1 lotes (0 s)
23:21:42   encoding 1/1 lotes (0 s)
23:21:42   encoding 1/1 lotes (0 s)
23:21:43   encoding 1/1 lotes (0 s)
23:21:43   encoding 1/1 lotes (0 s)
23:21:43   encoding 1/1 lotes (0 s)
23:21:44   encoding 1/1 lotes (0 s)
23:21:44   encoding 1/1 lotes (0 s)
23:21:45   encoding 1/1 lotes (0 s)
23:21:45   encoding 1/1 lotes (0 s)
23:21:45   encoding 1/1 lotes (0 s)
23:21:46   encoding 1/1 lotes (0 s)
23:21:46   encoding 1/1 lotes (0 s)
23:21:46   encoding 1/1 lotes (0 s)
23:21:47   encoding 1/1 lotes (0 s)
23:21:47 25/50 ítems (0.45 s/ítem)
23:21:47   encoding 1/1 lotes (0 s)
23:21:47   encoding 1/1 lotes (0 s)
23:21:48   encoding 1/1 lotes (0 s)
23:21:48   encoding 1/1 lotes (0 s)
23:21:48   encoding 1/1 lotes (0 s)
23:21:49   encoding 1/1 lotes (0 s)
23:21:49   encoding 1/1 lotes (0 s)
23:21:49   encoding 1/1 lotes (0 s)
23:21:50   encoding 1/1 lotes (0 s)
23:21:50   encoding 1/1 lotes (0 s)
23:21:50   encoding 1/1 lotes (0 s)
23:21:51   encoding 1/1 lotes (0 s)
23:21:51   encoding 1/1 lotes (0 s)
23:21:52   encoding 1/1 lotes (0 s)
23:21:52   encoding 1/1 lotes (0 s)
23:21:52   encoding 1/1 lotes (0 s)
23:21:53   encoding 1/1 lotes (0 s)
23:21:53   encoding 1/1 lotes (0 s)
23:21:53   encoding 1/1 lotes (0 s)
23:21:54   encoding 1/1 lotes (0 s)
23:21:54   encoding 1/1 lotes (0 s)
23:21:54   encoding 1/1 lotes (0 s)
23:21:55   encoding 1/1 lotes (0 s)
23:21:55   encoding 1/1 lotes (0 s)
23:21:55   encoding 1/1 lotes (0 s)
23:21:56 50/50 ítems (0.40 s/ítem)
23:21:56 recuperación de 50 ítems (0 con error) en 20 s -> data/recuperacion/sample_50_con_area.jsonl
23:22:00 Loading faiss with AVX512 support.
23:22:00 Could not load library with AVX512 support due to:
ModuleNotFoundError("No module named 'faiss.swigfaiss_avx512'")
23:22:00 Loading faiss with AVX2 support.
23:22:00 Could not load library with AVX2 support due to:
ModuleNotFoundError("No module named 'faiss.swigfaiss_avx2'")
23:22:00 Loading faiss.
23:22:00 Successfully loaded faiss.
23:22:34 reranker BAAI/bge-reranker-v2-m3@953dc6f6 en cuda
23:22:35   encoding 1/1 lotes (2 s)
23:22:36   encoding 1/1 lotes (0 s)
23:22:36   encoding 1/1 lotes (0 s)
23:22:37   encoding 1/1 lotes (0 s)
23:22:37   encoding 1/1 lotes (0 s)
23:22:37   encoding 1/1 lotes (0 s)
23:22:38   encoding 1/1 lotes (0 s)
23:22:38   encoding 1/1 lotes (0 s)
23:22:39   encoding 1/1 lotes (0 s)
23:22:39   encoding 1/1 lotes (0 s)
23:22:39   encoding 1/1 lotes (0 s)
23:22:40   encoding 1/1 lotes (0 s)
23:22:40   encoding 1/1 lotes (0 s)
23:22:41   encoding 1/1 lotes (0 s)
23:22:41   encoding 1/1 lotes (0 s)
23:22:41   encoding 1/1 lotes (0 s)
23:22:42   encoding 1/1 lotes (0 s)
23:22:42   encoding 1/1 lotes (0 s)
23:22:42   encoding 1/1 lotes (0 s)
23:22:43   encoding 1/1 lotes (0 s)
23:22:43   encoding 1/1 lotes (0 s)
23:22:44   encoding 1/1 lotes (0 s)
23:22:44   encoding 1/1 lotes (0 s)
23:22:44   encoding 1/1 lotes (0 s)
23:22:45   encoding 1/1 lotes (0 s)
23:22:45 25/50 ítems (0.45 s/ítem)
23:22:45   encoding 1/1 lotes (0 s)
23:22:45   encoding 1/1 lotes (0 s)
23:22:46   encoding 1/1 lotes (0 s)
23:22:46   encoding 1/1 lotes (0 s)
23:22:46   encoding 1/1 lotes (0 s)
23:22:47   encoding 1/1 lotes (0 s)
23:22:47   encoding 1/1 lotes (0 s)
23:22:47   encoding 1/1 lotes (0 s)
23:22:48   encoding 1/1 lotes (0 s)
23:22:48   encoding 1/1 lotes (0 s)
23:22:48   encoding 1/1 lotes (0 s)
23:22:49   encoding 1/1 lotes (0 s)
23:22:49   encoding 1/1 lotes (0 s)
23:22:50   encoding 1/1 lotes (0 s)
23:22:50   encoding 1/1 lotes (0 s)
23:22:50   encoding 1/1 lotes (0 s)
23:22:51   encoding 1/1 lotes (0 s)
23:22:51   encoding 1/1 lotes (0 s)
23:22:51   encoding 1/1 lotes (0 s)
23:22:52   encoding 1/1 lotes (0 s)
23:22:52   encoding 1/1 lotes (0 s)
23:22:52   encoding 1/1 lotes (0 s)
23:22:53   encoding 1/1 lotes (0 s)
23:22:53   encoding 1/1 lotes (0 s)
23:22:53   encoding 1/1 lotes (0 s)
23:22:54 50/50 ítems (0.40 s/ítem)
23:22:54 recuperación de 50 ítems (0 con error) en 20 s -> data/recuperacion/sample_50_sin_diversidad.jsonl
23:22:58 Loading faiss with AVX512 support.
23:22:58 Could not load library with AVX512 support due to:
ModuleNotFoundError("No module named 'faiss.swigfaiss_avx512'")
23:22:58 Loading faiss with AVX2 support.
23:22:58 Could not load library with AVX2 support due to:
ModuleNotFoundError("No module named 'faiss.swigfaiss_avx2'")
23:22:58 Loading faiss.
23:22:58 Successfully loaded faiss.
23:23:30 reranker BAAI/bge-reranker-v2-m3@953dc6f6 en cuda
23:23:31   encoding 1/1 lotes (2 s)
23:23:32   encoding 1/1 lotes (0 s)
23:23:32   encoding 1/1 lotes (0 s)
23:23:33   encoding 1/1 lotes (0 s)
23:23:33   encoding 1/1 lotes (0 s)
23:23:33   encoding 1/1 lotes (0 s)
23:23:34   encoding 1/1 lotes (0 s)
23:23:34   encoding 1/1 lotes (0 s)
23:23:35   encoding 1/1 lotes (0 s)
23:23:35   encoding 1/1 lotes (0 s)
23:23:35   encoding 1/1 lotes (0 s)
23:23:36   encoding 1/1 lotes (0 s)
23:23:36   encoding 1/1 lotes (0 s)
23:23:37   encoding 1/1 lotes (0 s)
23:23:37   encoding 1/1 lotes (0 s)
23:23:37   encoding 1/1 lotes (0 s)
23:23:38   encoding 1/1 lotes (0 s)
23:23:38   encoding 1/1 lotes (0 s)
23:23:38   encoding 1/1 lotes (0 s)
23:23:39   encoding 1/1 lotes (0 s)
23:23:39   encoding 1/1 lotes (0 s)
23:23:40   encoding 1/1 lotes (0 s)
23:23:40   encoding 1/1 lotes (0 s)
23:23:40   encoding 1/1 lotes (0 s)
23:23:41   encoding 1/1 lotes (0 s)
23:23:41 25/50 ítems (0.45 s/ítem)
23:23:41   encoding 1/1 lotes (0 s)
23:23:41   encoding 1/1 lotes (0 s)
23:23:42   encoding 1/1 lotes (0 s)
23:23:42   encoding 1/1 lotes (0 s)
23:23:42   encoding 1/1 lotes (0 s)
23:23:43   encoding 1/1 lotes (0 s)
23:23:43   encoding 1/1 lotes (0 s)
23:23:43   encoding 1/1 lotes (0 s)
23:23:44   encoding 1/1 lotes (0 s)
23:23:44   encoding 1/1 lotes (0 s)
23:23:44   encoding 1/1 lotes (0 s)
23:23:45   encoding 1/1 lotes (0 s)
23:23:45   encoding 1/1 lotes (0 s)
23:23:46   encoding 1/1 lotes (0 s)
23:23:46   encoding 1/1 lotes (0 s)
23:23:46   encoding 1/1 lotes (0 s)
23:23:47   encoding 1/1 lotes (0 s)
23:23:47   encoding 1/1 lotes (0 s)
23:23:47   encoding 1/1 lotes (0 s)
23:23:48   encoding 1/1 lotes (0 s)
23:23:48   encoding 1/1 lotes (0 s)
23:23:48   encoding 1/1 lotes (0 s)
23:23:49   encoding 1/1 lotes (0 s)
23:23:49   encoding 1/1 lotes (0 s)
23:23:49   encoding 1/1 lotes (0 s)
23:23:50 50/50 ítems (0.40 s/ítem)
23:23:50 recuperación de 50 ítems (0 con error) en 20 s -> data/recuperacion/sample_50_sin_garantia_opciones.jsonl
== 3/4 métricas contra el legal_basis (solo para evaluar) y línea base de la fase 5
RESULTADO sample_50              n=40 cuerpo@10 0.9375  articulo@10 0.5982  hit_doc@10 0.85  normas@10 7.925  opciones@8 0.9167  s/ítem 0.4081
RESULTADO sample_50_sin_reranker n=40 cuerpo@10 0.925  articulo@10 0.5351  hit_doc@10 0.85  normas@10 8.175  opciones@8 0.9167  s/ítem 0.0786
RESULTADO sample_50_sin_directos n=40 cuerpo@10 0.9375  articulo@10 0.5982  hit_doc@10 0.85  normas@10 7.975  opciones@8 0.9167  s/ítem 0.411
RESULTADO sample_50_sin_alias    n=40 cuerpo@10 0.9375  articulo@10 0.5982  hit_doc@10 0.85  normas@10 7.975  opciones@8 0.9167  s/ítem 0.4058
RESULTADO sample_50_con_area     n=40 cuerpo@10 0.925  articulo@10 0.5877  hit_doc@10 0.85  normas@10 7.6  opciones@8 0.9583  s/ítem 0.409
RESULTADO sample_50_sin_diversidad n=40 cuerpo@10 0.9375  articulo@10 0.5982  hit_doc@10 0.85  normas@10 5.825  opciones@8 0.9167  s/ítem 0.4111
RESULTADO sample_50_sin_garantia_opciones n=40 cuerpo@10 0.9375  articulo@10 0.6158  hit_doc@10 0.85  normas@10 7.775  opciones@8 0.2708  s/ítem 0.4124
BASE fase 5 bm25   cuerpo@10 0.85  articulo@10 0.4035  (cuerpo@50 0.95)
BASE fase 5 denso  cuerpo@10 0.9125  articulo@10 0.5614  (cuerpo@50 0.9625)
BASE fase 5 rrf    cuerpo@10 0.8875  articulo@10 0.5263  (cuerpo@50 1.0)
detalle en data/recuperacion/ablaciones.json
== 4/4 resumen
total 7.0M
-rw-r--r-- 1 s.montoya112 ing_sistemas  74K Oct  1 23:24 ablaciones.json
-rw-r--r-- 1 s.montoya112 ing_sistemas  16K Oct  1 16:58 ablaciones_sin_area_sin_reranker.json
-rw-r--r-- 1 s.montoya112 ing_sistemas  704 Oct  1 23:21 sample_50_con_area.config.json
-rw-r--r-- 1 s.montoya112 ing_sistemas 782K Oct  1 23:21 sample_50_con_area.jsonl
-rw-r--r-- 1 s.montoya112 ing_sistemas  705 Oct  1 23:18 sample_50.config.json
-rw-r--r-- 1 s.montoya112 ing_sistemas 782K Oct  1 23:18 sample_50.jsonl
-rw-r--r-- 1 s.montoya112 ing_sistemas  706 Oct  1 23:20 sample_50_sin_alias.config.json
-rw-r--r-- 1 s.montoya112 ing_sistemas 782K Oct  1 23:20 sample_50_sin_alias.jsonl
-rw-r--r-- 1 s.montoya112 ing_sistemas  648 Oct  1 17:32 sample_50_sin_area.config.json
-rw-r--r-- 1 s.montoya112 ing_sistemas 809K Oct  1 17:32 sample_50_sin_area.jsonl
-rw-r--r-- 1 s.montoya112 ing_sistemas  590 Oct  1 16:58 sample_50_sin_area_sin_reranker.config.json
-rw-r--r-- 1 s.montoya112 ing_sistemas 766K Oct  1 16:58 sample_50_sin_area_sin_reranker.jsonl
-rw-r--r-- 1 s.montoya112 ing_sistemas  706 Oct  1 23:20 sample_50_sin_directos.config.json
-rw-r--r-- 1 s.montoya112 ing_sistemas 785K Oct  1 23:20 sample_50_sin_directos.jsonl
-rw-r--r-- 1 s.montoya112 ing_sistemas  705 Oct  1 23:22 sample_50_sin_diversidad.config.json
-rw-r--r-- 1 s.montoya112 ing_sistemas 810K Oct  1 23:22 sample_50_sin_diversidad.jsonl
-rw-r--r-- 1 s.montoya112 ing_sistemas  706 Oct  1 23:23 sample_50_sin_garantia_opciones.config.json
-rw-r--r-- 1 s.montoya112 ing_sistemas 783K Oct  1 23:23 sample_50_sin_garantia_opciones.jsonl
-rw-r--r-- 1 s.montoya112 ing_sistemas  647 Oct  1 23:19 sample_50_sin_reranker.config.json
-rw-r--r-- 1 s.montoya112 ing_sistemas 745K Oct  1 23:19 sample_50_sin_reranker.jsonl
  RESULTADO sample_50              n=40 cuerpo@10 0.9375  articulo@10 0.5982  hit_doc@10 0.85  normas@10 7.925  opciones@8 0.9167  s/ítem 0.4081
  RESULTADO sample_50_sin_reranker n=40 cuerpo@10 0.925  articulo@10 0.5351  hit_doc@10 0.85  normas@10 8.175  opciones@8 0.9167  s/ítem 0.0786
  RESULTADO sample_50_sin_directos n=40 cuerpo@10 0.9375  articulo@10 0.5982  hit_doc@10 0.85  normas@10 7.975  opciones@8 0.9167  s/ítem 0.411
  RESULTADO sample_50_sin_alias    n=40 cuerpo@10 0.9375  articulo@10 0.5982  hit_doc@10 0.85  normas@10 7.975  opciones@8 0.9167  s/ítem 0.4058
  RESULTADO sample_50_con_area     n=40 cuerpo@10 0.925  articulo@10 0.5877  hit_doc@10 0.85  normas@10 7.6  opciones@8 0.9583  s/ítem 0.409
  RESULTADO sample_50_sin_diversidad n=40 cuerpo@10 0.9375  articulo@10 0.5982  hit_doc@10 0.85  normas@10 5.825  opciones@8 0.9167  s/ítem 0.4111
  RESULTADO sample_50_sin_garantia_opciones n=40 cuerpo@10 0.9375  articulo@10 0.6158  hit_doc@10 0.85  normas@10 7.775  opciones@8 0.2708  s/ítem 0.4124
  BASE fase 5 bm25   cuerpo@10 0.85  articulo@10 0.4035  (cuerpo@50 0.95)
  BASE fase 5 denso  cuerpo@10 0.9125  articulo@10 0.5614  (cuerpo@50 0.9625)
  BASE fase 5 rrf    cuerpo@10 0.8875  articulo@10 0.5263  (cuerpo@50 1.0)
== fin: [recuperar] Terminó OK · 2026-10-01 23:24:04
