Job recuperar 749127 en nodei-gpu-2 · 2026-09-30 21:23:39
usando .venv-gpu (torch para CUDA 11.8)
== 0/4 verificando índices, preguntas y GPU
Quadro RTX 6000, 23040 MiB
== 1/4 recuperación completa (alias + híbrido + área + directos + cerradas + reranker)
21:23:51 Loading faiss with AVX512 support.
21:23:52 Could not load library with AVX512 support due to:
ModuleNotFoundError("No module named 'faiss.swigfaiss_avx512'")
21:23:52 Loading faiss with AVX2 support.
21:23:52 Could not load library with AVX2 support due to:
ModuleNotFoundError("No module named 'faiss.swigfaiss_avx2'")
21:23:52 Loading faiss.
21:23:52 Successfully loaded faiss.
21:24:59 reranker BAAI/bge-reranker-v2-m3@953dc6f6 en cuda
21:25:01   encoding 1/1 lotes (2 s)
21:25:01   encoding 1/1 lotes (0 s)
21:25:02   encoding 1/1 lotes (0 s)
21:25:02   encoding 1/1 lotes (0 s)
21:25:03   encoding 1/1 lotes (0 s)
21:25:03   encoding 1/1 lotes (0 s)
21:25:03   encoding 1/1 lotes (0 s)
21:25:04   encoding 1/1 lotes (0 s)
21:25:04   encoding 1/1 lotes (0 s)
21:25:04   encoding 1/1 lotes (0 s)
21:25:05   encoding 1/1 lotes (0 s)
21:25:05   encoding 1/1 lotes (0 s)
21:25:06   encoding 1/1 lotes (0 s)
21:25:06   encoding 1/1 lotes (0 s)
21:25:06   encoding 1/1 lotes (0 s)
21:25:07   encoding 1/1 lotes (0 s)
21:25:07   encoding 1/1 lotes (0 s)
21:25:07   encoding 1/1 lotes (0 s)
21:25:08   encoding 1/1 lotes (0 s)
21:25:08   encoding 1/1 lotes (0 s)
21:25:09   encoding 1/1 lotes (0 s)
21:25:09   encoding 1/1 lotes (0 s)
21:25:09   encoding 1/1 lotes (0 s)
21:25:10   encoding 1/1 lotes (0 s)
21:25:10   encoding 1/1 lotes (0 s)
21:25:10 25/50 ítems (0.44 s/ítem)
21:25:10   encoding 1/1 lotes (0 s)
21:25:11   encoding 1/1 lotes (0 s)
21:25:11   encoding 1/1 lotes (0 s)
21:25:11   encoding 1/1 lotes (0 s)
21:25:12   encoding 1/1 lotes (0 s)
21:25:12   encoding 1/1 lotes (0 s)
21:25:12   encoding 1/1 lotes (0 s)
21:25:13   encoding 1/1 lotes (0 s)
21:25:13   encoding 1/1 lotes (0 s)
21:25:13   encoding 1/1 lotes (0 s)
21:25:14   encoding 1/1 lotes (0 s)
21:25:14   encoding 1/1 lotes (0 s)
21:25:14   encoding 1/1 lotes (0 s)
21:25:15   encoding 1/1 lotes (0 s)
21:25:15   encoding 1/1 lotes (0 s)
21:25:15   encoding 1/1 lotes (0 s)
21:25:16   encoding 1/1 lotes (0 s)
21:25:16   encoding 1/1 lotes (0 s)
21:25:16   encoding 1/1 lotes (0 s)
21:25:17   encoding 1/1 lotes (0 s)
21:25:17   encoding 1/1 lotes (0 s)
21:25:17   encoding 1/1 lotes (0 s)
21:25:18   encoding 1/1 lotes (0 s)
21:25:18   encoding 1/1 lotes (0 s)
21:25:18   encoding 1/1 lotes (0 s)
21:25:19 50/50 ítems (0.39 s/ítem)
21:25:19 recuperación de 50 ítems (0 con error) en 20 s -> data/recuperacion/sample_50.jsonl
== 2/4 ablaciones (cada paso de la fase 6 por separado)
21:25:23 Loading faiss with AVX512 support.
21:25:23 Could not load library with AVX512 support due to:
ModuleNotFoundError("No module named 'faiss.swigfaiss_avx512'")
21:25:23 Loading faiss with AVX2 support.
21:25:23 Could not load library with AVX2 support due to:
ModuleNotFoundError("No module named 'faiss.swigfaiss_avx2'")
21:25:23 Loading faiss.
21:25:24 Successfully loaded faiss.
21:25:57   encoding 1/1 lotes (2 s)
21:25:57   encoding 1/1 lotes (0 s)
21:25:57   encoding 1/1 lotes (0 s)
21:25:57   encoding 1/1 lotes (0 s)
21:25:57   encoding 1/1 lotes (0 s)
21:25:57   encoding 1/1 lotes (0 s)
21:25:57   encoding 1/1 lotes (0 s)
21:25:57   encoding 1/1 lotes (0 s)
21:25:57   encoding 1/1 lotes (0 s)
21:25:58   encoding 1/1 lotes (0 s)
21:25:58   encoding 1/1 lotes (0 s)
21:25:58   encoding 1/1 lotes (0 s)
21:25:58   encoding 1/1 lotes (0 s)
21:25:58   encoding 1/1 lotes (0 s)
21:25:58   encoding 1/1 lotes (0 s)
21:25:58   encoding 1/1 lotes (0 s)
21:25:58   encoding 1/1 lotes (0 s)
21:25:58   encoding 1/1 lotes (0 s)
21:25:58   encoding 1/1 lotes (0 s)
21:25:58   encoding 1/1 lotes (0 s)
21:25:58   encoding 1/1 lotes (0 s)
21:25:58   encoding 1/1 lotes (0 s)
21:25:58   encoding 1/1 lotes (0 s)
21:25:58   encoding 1/1 lotes (0 s)
21:25:58   encoding 1/1 lotes (0 s)
21:25:58 25/50 ítems (0.12 s/ítem)
21:25:58   encoding 1/1 lotes (0 s)
21:25:58   encoding 1/1 lotes (0 s)
21:25:58   encoding 1/1 lotes (0 s)
21:25:58   encoding 1/1 lotes (0 s)
21:25:58   encoding 1/1 lotes (0 s)
21:25:58   encoding 1/1 lotes (0 s)
21:25:58   encoding 1/1 lotes (0 s)
21:25:58   encoding 1/1 lotes (0 s)
21:25:58   encoding 1/1 lotes (0 s)
21:25:58   encoding 1/1 lotes (0 s)
21:25:58   encoding 1/1 lotes (0 s)
21:25:59   encoding 1/1 lotes (0 s)
21:25:59   encoding 1/1 lotes (0 s)
21:25:59   encoding 1/1 lotes (0 s)
21:25:59   encoding 1/1 lotes (0 s)
21:25:59   encoding 1/1 lotes (0 s)
21:25:59   encoding 1/1 lotes (0 s)
21:25:59   encoding 1/1 lotes (0 s)
21:25:59   encoding 1/1 lotes (0 s)
21:25:59   encoding 1/1 lotes (0 s)
21:25:59   encoding 1/1 lotes (0 s)
21:25:59   encoding 1/1 lotes (0 s)
21:25:59   encoding 1/1 lotes (0 s)
21:25:59   encoding 1/1 lotes (0 s)
21:25:59   encoding 1/1 lotes (0 s)
21:25:59 50/50 ítems (0.07 s/ítem)
21:25:59 recuperación de 50 ítems (0 con error) en 4 s -> data/recuperacion/sample_50_sin_reranker.jsonl
21:26:03 Loading faiss with AVX512 support.
21:26:03 Could not load library with AVX512 support due to:
ModuleNotFoundError("No module named 'faiss.swigfaiss_avx512'")
21:26:03 Loading faiss with AVX2 support.
21:26:03 Could not load library with AVX2 support due to:
ModuleNotFoundError("No module named 'faiss.swigfaiss_avx2'")
21:26:03 Loading faiss.
21:26:03 Successfully loaded faiss.
21:26:37 reranker BAAI/bge-reranker-v2-m3@953dc6f6 en cuda
21:26:39   encoding 1/1 lotes (2 s)
21:26:39   encoding 1/1 lotes (0 s)
21:26:39   encoding 1/1 lotes (0 s)
21:26:40   encoding 1/1 lotes (0 s)
21:26:40   encoding 1/1 lotes (0 s)
21:26:41   encoding 1/1 lotes (0 s)
21:26:41   encoding 1/1 lotes (0 s)
21:26:41   encoding 1/1 lotes (0 s)
21:26:42   encoding 1/1 lotes (0 s)
21:26:42   encoding 1/1 lotes (0 s)
21:26:43   encoding 1/1 lotes (0 s)
21:26:43   encoding 1/1 lotes (0 s)
21:26:43   encoding 1/1 lotes (0 s)
21:26:44   encoding 1/1 lotes (0 s)
21:26:44   encoding 1/1 lotes (0 s)
21:26:44   encoding 1/1 lotes (0 s)
21:26:45   encoding 1/1 lotes (0 s)
21:26:45   encoding 1/1 lotes (0 s)
21:26:46   encoding 1/1 lotes (0 s)
21:26:46   encoding 1/1 lotes (0 s)
21:26:46   encoding 1/1 lotes (0 s)
21:26:47   encoding 1/1 lotes (0 s)
21:26:47   encoding 1/1 lotes (0 s)
21:26:47   encoding 1/1 lotes (0 s)
21:26:48   encoding 1/1 lotes (0 s)
21:26:48 25/50 ítems (0.44 s/ítem)
21:26:48   encoding 1/1 lotes (0 s)
21:26:48   encoding 1/1 lotes (0 s)
21:26:49   encoding 1/1 lotes (0 s)
21:26:49   encoding 1/1 lotes (0 s)
21:26:49   encoding 1/1 lotes (0 s)
21:26:50   encoding 1/1 lotes (0 s)
21:26:50   encoding 1/1 lotes (0 s)
21:26:50   encoding 1/1 lotes (0 s)
21:26:51   encoding 1/1 lotes (0 s)
21:26:51   encoding 1/1 lotes (0 s)
21:26:51   encoding 1/1 lotes (0 s)
21:26:52   encoding 1/1 lotes (0 s)
21:26:52   encoding 1/1 lotes (0 s)
21:26:52   encoding 1/1 lotes (0 s)
21:26:53   encoding 1/1 lotes (0 s)
21:26:53   encoding 1/1 lotes (0 s)
21:26:53   encoding 1/1 lotes (0 s)
21:26:54   encoding 1/1 lotes (0 s)
21:26:54   encoding 1/1 lotes (0 s)
21:26:54   encoding 1/1 lotes (0 s)
21:26:55   encoding 1/1 lotes (0 s)
21:26:55   encoding 1/1 lotes (0 s)
21:26:55   encoding 1/1 lotes (0 s)
21:26:56   encoding 1/1 lotes (0 s)
21:26:56   encoding 1/1 lotes (0 s)
21:26:56 50/50 ítems (0.39 s/ítem)
21:26:56 recuperación de 50 ítems (0 con error) en 20 s -> data/recuperacion/sample_50_sin_directos.jsonl
21:27:01 Loading faiss with AVX512 support.
21:27:01 Could not load library with AVX512 support due to:
ModuleNotFoundError("No module named 'faiss.swigfaiss_avx512'")
21:27:01 Loading faiss with AVX2 support.
21:27:01 Could not load library with AVX2 support due to:
ModuleNotFoundError("No module named 'faiss.swigfaiss_avx2'")
21:27:01 Loading faiss.
21:27:01 Successfully loaded faiss.
21:27:34 reranker BAAI/bge-reranker-v2-m3@953dc6f6 en cuda
21:27:35   encoding 1/1 lotes (2 s)
21:27:36   encoding 1/1 lotes (0 s)
21:27:36   encoding 1/1 lotes (0 s)
21:27:36   encoding 1/1 lotes (0 s)
21:27:37   encoding 1/1 lotes (0 s)
21:27:37   encoding 1/1 lotes (0 s)
21:27:38   encoding 1/1 lotes (0 s)
21:27:38   encoding 1/1 lotes (0 s)
21:27:38   encoding 1/1 lotes (0 s)
21:27:39   encoding 1/1 lotes (0 s)
21:27:39   encoding 1/1 lotes (0 s)
21:27:39   encoding 1/1 lotes (0 s)
21:27:40   encoding 1/1 lotes (0 s)
21:27:40   encoding 1/1 lotes (0 s)
21:27:41   encoding 1/1 lotes (0 s)
21:27:41   encoding 1/1 lotes (0 s)
21:27:41   encoding 1/1 lotes (0 s)
21:27:42   encoding 1/1 lotes (0 s)
21:27:42   encoding 1/1 lotes (0 s)
21:27:42   encoding 1/1 lotes (0 s)
21:27:43   encoding 1/1 lotes (0 s)
21:27:43   encoding 1/1 lotes (0 s)
21:27:43   encoding 1/1 lotes (0 s)
21:27:44   encoding 1/1 lotes (0 s)
21:27:44   encoding 1/1 lotes (0 s)
21:27:44 25/50 ítems (0.43 s/ítem)
21:27:44   encoding 1/1 lotes (0 s)
21:27:45   encoding 1/1 lotes (0 s)
21:27:45   encoding 1/1 lotes (0 s)
21:27:46   encoding 1/1 lotes (0 s)
21:27:46   encoding 1/1 lotes (0 s)
21:27:46   encoding 1/1 lotes (0 s)
21:27:46   encoding 1/1 lotes (0 s)
21:27:47   encoding 1/1 lotes (0 s)
21:27:47   encoding 1/1 lotes (0 s)
21:27:47   encoding 1/1 lotes (0 s)
21:27:48   encoding 1/1 lotes (0 s)
21:27:48   encoding 1/1 lotes (0 s)
21:27:49   encoding 1/1 lotes (0 s)
21:27:49   encoding 1/1 lotes (0 s)
21:27:49   encoding 1/1 lotes (0 s)
21:27:50   encoding 1/1 lotes (0 s)
21:27:50   encoding 1/1 lotes (0 s)
21:27:50   encoding 1/1 lotes (0 s)
21:27:51   encoding 1/1 lotes (0 s)
21:27:51   encoding 1/1 lotes (0 s)
21:27:51   encoding 1/1 lotes (0 s)
21:27:52   encoding 1/1 lotes (0 s)
21:27:52   encoding 1/1 lotes (0 s)
21:27:52   encoding 1/1 lotes (0 s)
21:27:53   encoding 1/1 lotes (0 s)
21:27:53 50/50 ítems (0.39 s/ítem)
21:27:53 recuperación de 50 ítems (0 con error) en 19 s -> data/recuperacion/sample_50_sin_alias.jsonl
21:27:57 Loading faiss with AVX512 support.
21:27:57 Could not load library with AVX512 support due to:
ModuleNotFoundError("No module named 'faiss.swigfaiss_avx512'")
21:27:57 Loading faiss with AVX2 support.
21:27:57 Could not load library with AVX2 support due to:
ModuleNotFoundError("No module named 'faiss.swigfaiss_avx2'")
21:27:57 Loading faiss.
21:27:58 Successfully loaded faiss.
21:28:30 reranker BAAI/bge-reranker-v2-m3@953dc6f6 en cuda
21:28:32   encoding 1/1 lotes (2 s)
21:28:33   encoding 1/1 lotes (0 s)
21:28:33   encoding 1/1 lotes (0 s)
21:28:33   encoding 1/1 lotes (0 s)
21:28:34   encoding 1/1 lotes (0 s)
21:28:34   encoding 1/1 lotes (0 s)
21:28:34   encoding 1/1 lotes (0 s)
21:28:35   encoding 1/1 lotes (0 s)
21:28:35   encoding 1/1 lotes (0 s)
21:28:36   encoding 1/1 lotes (0 s)
21:28:36   encoding 1/1 lotes (0 s)
21:28:36   encoding 1/1 lotes (0 s)
21:28:37   encoding 1/1 lotes (0 s)
21:28:37   encoding 1/1 lotes (0 s)
21:28:38   encoding 1/1 lotes (0 s)
21:28:38   encoding 1/1 lotes (0 s)
21:28:38   encoding 1/1 lotes (0 s)
21:28:39   encoding 1/1 lotes (0 s)
21:28:39   encoding 1/1 lotes (0 s)
21:28:39   encoding 1/1 lotes (0 s)
21:28:40   encoding 1/1 lotes (0 s)
21:28:40   encoding 1/1 lotes (0 s)
21:28:40   encoding 1/1 lotes (0 s)
21:28:41   encoding 1/1 lotes (0 s)
21:28:41   encoding 1/1 lotes (0 s)
21:28:41 25/50 ítems (0.44 s/ítem)
21:28:42   encoding 1/1 lotes (0 s)
21:28:42   encoding 1/1 lotes (0 s)
21:28:42   encoding 1/1 lotes (0 s)
21:28:43   encoding 1/1 lotes (0 s)
21:28:43   encoding 1/1 lotes (0 s)
21:28:43   encoding 1/1 lotes (0 s)
21:28:44   encoding 1/1 lotes (0 s)
21:28:44   encoding 1/1 lotes (0 s)
21:28:44   encoding 1/1 lotes (0 s)
21:28:45   encoding 1/1 lotes (0 s)
21:28:45   encoding 1/1 lotes (0 s)
21:28:45   encoding 1/1 lotes (0 s)
21:28:46   encoding 1/1 lotes (0 s)
21:28:46   encoding 1/1 lotes (0 s)
21:28:46   encoding 1/1 lotes (0 s)
21:28:47   encoding 1/1 lotes (0 s)
21:28:47   encoding 1/1 lotes (0 s)
21:28:47   encoding 1/1 lotes (0 s)
21:28:48   encoding 1/1 lotes (0 s)
21:28:48   encoding 1/1 lotes (0 s)
21:28:48   encoding 1/1 lotes (0 s)
21:28:49   encoding 1/1 lotes (0 s)
21:28:49   encoding 1/1 lotes (0 s)
21:28:49   encoding 1/1 lotes (0 s)
21:28:50   encoding 1/1 lotes (0 s)
21:28:50 50/50 ítems (0.40 s/ítem)
21:28:50 recuperación de 50 ítems (0 con error) en 20 s -> data/recuperacion/sample_50_sin_area.jsonl
== 3/4 métricas contra el legal_basis (solo para evaluar) y línea base de la fase 5
RESULTADO sample_50              n=40 cuerpo@10 0.925  articulo@10 0.6053  hit_doc@10 0.85  s/ítem 0.4006
RESULTADO sample_50_sin_reranker n=40 cuerpo@10 0.9042  articulo@10 0.6053  hit_doc@10 0.85  s/ítem 0.0822
RESULTADO sample_50_sin_directos n=40 cuerpo@10 0.925  articulo@10 0.6053  hit_doc@10 0.85  s/ítem 0.4029
RESULTADO sample_50_sin_alias    n=40 cuerpo@10 0.925  articulo@10 0.6053  hit_doc@10 0.85  s/ítem 0.3938
RESULTADO sample_50_sin_area     n=40 cuerpo@10 0.9375  articulo@10 0.6158  hit_doc@10 0.85  s/ítem 0.4037
BASE fase 5 bm25   cuerpo@10 0.85  articulo@10 0.4035  (cuerpo@50 0.95)
BASE fase 5 denso  cuerpo@10 0.9125  articulo@10 0.5614  (cuerpo@50 0.9625)
BASE fase 5 rrf    cuerpo@10 0.8875  articulo@10 0.5263  (cuerpo@50 1.0)
detalle en data/recuperacion/ablaciones.json
== 4/4 resumen
total 4.0M
-rw-r--r-- 1 s.montoya112 ing_sistemas  39K Sep 30 21:29 ablaciones.json
-rw-r--r-- 1 s.montoya112 ing_sistemas  647 Sep 30 21:25 sample_50.config.json
-rw-r--r-- 1 s.montoya112 ing_sistemas 802K Sep 30 21:25 sample_50.jsonl
-rw-r--r-- 1 s.montoya112 ing_sistemas  648 Sep 30 21:27 sample_50_sin_alias.config.json
-rw-r--r-- 1 s.montoya112 ing_sistemas 804K Sep 30 21:27 sample_50_sin_alias.jsonl
-rw-r--r-- 1 s.montoya112 ing_sistemas  648 Sep 30 21:28 sample_50_sin_area.config.json
-rw-r--r-- 1 s.montoya112 ing_sistemas 809K Sep 30 21:28 sample_50_sin_area.jsonl
-rw-r--r-- 1 s.montoya112 ing_sistemas  648 Sep 30 21:26 sample_50_sin_directos.config.json
-rw-r--r-- 1 s.montoya112 ing_sistemas 805K Sep 30 21:26 sample_50_sin_directos.jsonl
-rw-r--r-- 1 s.montoya112 ing_sistemas  589 Sep 30 21:25 sample_50_sin_reranker.config.json
-rw-r--r-- 1 s.montoya112 ing_sistemas 768K Sep 30 21:25 sample_50_sin_reranker.jsonl
  RESULTADO sample_50              n=40 cuerpo@10 0.925  articulo@10 0.6053  hit_doc@10 0.85  s/ítem 0.4006
  RESULTADO sample_50_sin_reranker n=40 cuerpo@10 0.9042  articulo@10 0.6053  hit_doc@10 0.85  s/ítem 0.0822
  RESULTADO sample_50_sin_directos n=40 cuerpo@10 0.925  articulo@10 0.6053  hit_doc@10 0.85  s/ítem 0.4029
  RESULTADO sample_50_sin_alias    n=40 cuerpo@10 0.925  articulo@10 0.6053  hit_doc@10 0.85  s/ítem 0.3938
  RESULTADO sample_50_sin_area     n=40 cuerpo@10 0.9375  articulo@10 0.6158  hit_doc@10 0.85  s/ítem 0.4037
  BASE fase 5 bm25   cuerpo@10 0.85  articulo@10 0.4035  (cuerpo@50 0.95)
  BASE fase 5 denso  cuerpo@10 0.9125  articulo@10 0.5614  (cuerpo@50 0.9625)
  BASE fase 5 rrf    cuerpo@10 0.8875  articulo@10 0.5263  (cuerpo@50 1.0)
== fin: [recuperar] Terminó OK · 2026-09-30 21:29:03
