Traceback (most recent call last):
  File "<frozen runpy>", line 198, in _run_module_as_main
  File "<frozen runpy>", line 88, in _run_code
  File "/hpcfs/home/ing_sistemas/s.montoya112/hackatron/Oliv-IA2/Oliv-IA/src/recuperacion/pipeline.py", line 148, in <module>
    main()
  File "/hpcfs/home/ing_sistemas/s.montoya112/hackatron/Oliv-IA2/Oliv-IA/src/recuperacion/pipeline.py", line 123, in main
    rec = Recuperador(args.indice, cfg)
          ^^^^^^^^^^^^^^^^^^^^^^^^^^^^^
  File "/hpcfs/home/ing_sistemas/s.montoya112/hackatron/Oliv-IA2/Oliv-IA/src/recuperacion/pipeline.py", line 37, in __init__
    self.hibrido = Hibrido(self.cat, indice, device)
                   ^^^^^^^^^^^^^^^^^^^^^^^^^^^^^^^^^
  File "/hpcfs/home/ing_sistemas/s.montoya112/hackatron/Oliv-IA2/Oliv-IA/src/recuperacion/hibrido.py", line 29, in __init__
    self.bm25 = lexico.cargar(dir_indice, ids)          # falla si el índice es de otro chunks.parquet
                ^^^^^^^^^^^^^^^^^^^^^^^^^^^^^^
  File "/hpcfs/home/ing_sistemas/s.montoya112/hackatron/Oliv-IA2/Oliv-IA/src/indice/lexico.py", line 70, in cargar
    verificar_orden(dir_, chunk_ids)
  File "/hpcfs/home/ing_sistemas/s.montoya112/hackatron/Oliv-IA2/Oliv-IA/src/indice/denso.py", line 55, in verificar_orden
    raise RuntimeError(f"{dir_}: el índice no corresponde a este chunks.parquet "
    ^^^^^^^^^^^^^^^^^^^^^^^^^^^^^^^^^^^^^^^^^^^^^^^^^^^^^^^^^^^^^^^^^^^^^^^^^^^^
RuntimeError: data/index: el índice no corresponde a este chunks.parquet (220903 ids guardados vs 163557 filas). Vuelvan a correr python -m src.indice.build.
ERROR: 'uvpy -m src.recuperacion.pipeline --preguntas data/sample_50.jsonl --salida data/recuperacion/sample_50.jsonl' terminó con código 1
