Job recuperar_sin_area_sin_reranker 751044 en nodei-gpu-1 · 2026-10-01 16:57:06
usando .venv-gpu (torch para CUDA 11.8)
== 0/3 verificando índices, preguntas y GPU
Quadro RTX 6000, 23040 MiB
== 1/3 recuperación sin filtro de área y sin reranker
16:57:37 Loading faiss with AVX512 support.
16:57:37 Could not load library with AVX512 support due to:
ModuleNotFoundError("No module named 'faiss.swigfaiss_avx512'")
16:57:37 Loading faiss with AVX2 support.
16:57:37 Could not load library with AVX2 support due to:
ModuleNotFoundError("No module named 'faiss.swigfaiss_avx2'")
16:57:37 Loading faiss.
16:57:38 Successfully loaded faiss.
16:58:30   encoding 1/1 lotes (2 s)
16:58:30   encoding 1/1 lotes (0 s)
16:58:30   encoding 1/1 lotes (0 s)
16:58:30   encoding 1/1 lotes (0 s)
16:58:30   encoding 1/1 lotes (0 s)
16:58:30   encoding 1/1 lotes (0 s)
16:58:30   encoding 1/1 lotes (0 s)
16:58:30   encoding 1/1 lotes (0 s)
16:58:30   encoding 1/1 lotes (0 s)
16:58:30   encoding 1/1 lotes (0 s)
16:58:30   encoding 1/1 lotes (0 s)
16:58:31   encoding 1/1 lotes (0 s)
16:58:31   encoding 1/1 lotes (0 s)
16:58:31   encoding 1/1 lotes (0 s)
16:58:31   encoding 1/1 lotes (0 s)
16:58:31   encoding 1/1 lotes (0 s)
16:58:31   encoding 1/1 lotes (0 s)
16:58:31   encoding 1/1 lotes (0 s)
16:58:31   encoding 1/1 lotes (0 s)
16:58:31   encoding 1/1 lotes (0 s)
16:58:31   encoding 1/1 lotes (0 s)
16:58:31   encoding 1/1 lotes (0 s)
16:58:31   encoding 1/1 lotes (0 s)
16:58:31   encoding 1/1 lotes (0 s)
16:58:31   encoding 1/1 lotes (0 s)
16:58:31 25/50 ítems (0.13 s/ítem)
16:58:31   encoding 1/1 lotes (0 s)
16:58:31   encoding 1/1 lotes (0 s)
16:58:31   encoding 1/1 lotes (0 s)
16:58:31   encoding 1/1 lotes (0 s)
16:58:31   encoding 1/1 lotes (0 s)
16:58:31   encoding 1/1 lotes (0 s)
16:58:31   encoding 1/1 lotes (0 s)
16:58:31   encoding 1/1 lotes (0 s)
16:58:31   encoding 1/1 lotes (0 s)
16:58:31   encoding 1/1 lotes (0 s)
16:58:31   encoding 1/1 lotes (0 s)
16:58:31   encoding 1/1 lotes (0 s)
16:58:32   encoding 1/1 lotes (0 s)
16:58:32   encoding 1/1 lotes (0 s)
16:58:32   encoding 1/1 lotes (0 s)
16:58:32   encoding 1/1 lotes (0 s)
16:58:32   encoding 1/1 lotes (0 s)
16:58:32   encoding 1/1 lotes (0 s)
16:58:32   encoding 1/1 lotes (0 s)
16:58:32   encoding 1/1 lotes (0 s)
16:58:32   encoding 1/1 lotes (0 s)
16:58:32   encoding 1/1 lotes (0 s)
16:58:32   encoding 1/1 lotes (0 s)
16:58:32   encoding 1/1 lotes (0 s)
16:58:32   encoding 1/1 lotes (0 s)
16:58:32 50/50 ítems (0.08 s/ítem)
16:58:32 recuperación de 50 ítems (0 con error) en 4 s -> data/recuperacion/sample_50_sin_area_sin_reranker.jsonl
== 2/3 métricas contra el legal_basis y comparación con la corrida completa
RESULTADO sample_50              n=40 cuerpo@10 0.925  articulo@10 0.6053  hit_doc@10 0.85  s/ítem 0.4006
RESULTADO sample_50_sin_area_sin_reranker n=40 cuerpo@10 0.8917  articulo@10 0.6053  hit_doc@10 0.85  s/ítem 0.0865
BASE fase 5 bm25   cuerpo@10 0.85  articulo@10 0.4035  (cuerpo@50 0.95)
BASE fase 5 denso  cuerpo@10 0.9125  articulo@10 0.5614  (cuerpo@50 0.9625)
BASE fase 5 rrf    cuerpo@10 0.8875  articulo@10 0.5263  (cuerpo@50 1.0)
detalle en data/recuperacion/ablaciones_sin_area_sin_reranker.json
== 3/3 resumen
total 4.8M
-rw-r--r-- 1 s.montoya112 ing_sistemas  39K Sep 30 21:29 ablaciones.json
-rw-r--r-- 1 s.montoya112 ing_sistemas  16K Oct  1 16:58 ablaciones_sin_area_sin_reranker.json
-rw-r--r-- 1 s.montoya112 ing_sistemas  647 Sep 30 21:25 sample_50.config.json
-rw-r--r-- 1 s.montoya112 ing_sistemas 802K Sep 30 21:25 sample_50.jsonl
-rw-r--r-- 1 s.montoya112 ing_sistemas  648 Sep 30 21:27 sample_50_sin_alias.config.json
-rw-r--r-- 1 s.montoya112 ing_sistemas 804K Sep 30 21:27 sample_50_sin_alias.jsonl
-rw-r--r-- 1 s.montoya112 ing_sistemas  648 Sep 30 21:28 sample_50_sin_area.config.json
-rw-r--r-- 1 s.montoya112 ing_sistemas 809K Sep 30 21:28 sample_50_sin_area.jsonl
-rw-r--r-- 1 s.montoya112 ing_sistemas  590 Oct  1 16:58 sample_50_sin_area_sin_reranker.config.json
-rw-r--r-- 1 s.montoya112 ing_sistemas 766K Oct  1 16:58 sample_50_sin_area_sin_reranker.jsonl
-rw-r--r-- 1 s.montoya112 ing_sistemas  648 Sep 30 21:26 sample_50_sin_directos.config.json
-rw-r--r-- 1 s.montoya112 ing_sistemas 805K Sep 30 21:26 sample_50_sin_directos.jsonl
-rw-r--r-- 1 s.montoya112 ing_sistemas  589 Sep 30 21:25 sample_50_sin_reranker.config.json
-rw-r--r-- 1 s.montoya112 ing_sistemas 768K Sep 30 21:25 sample_50_sin_reranker.jsonl
  RESULTADO sample_50              n=40 cuerpo@10 0.925  articulo@10 0.6053  hit_doc@10 0.85  s/ítem 0.4006
  RESULTADO sample_50_sin_area_sin_reranker n=40 cuerpo@10 0.8917  articulo@10 0.6053  hit_doc@10 0.85  s/ítem 0.0865
  BASE fase 5 bm25   cuerpo@10 0.85  articulo@10 0.4035  (cuerpo@50 0.95)
  BASE fase 5 denso  cuerpo@10 0.9125  articulo@10 0.5614  (cuerpo@50 0.9625)
  BASE fase 5 rrf    cuerpo@10 0.8875  articulo@10 0.5263  (cuerpo@50 1.0)
== fin: [recuperar_sin_area_sin_reranker] Terminó OK · 2026-10-01 16:58:40
