Traceback (most recent call last):
  File "<frozen runpy>", line 198, in _run_module_as_main
  File "<frozen runpy>", line 88, in _run_code
  File "/hpcfs/home/ing_sistemas/s.montoya112/hackatron/Oliv-IA2/Oliv-IA/src/recuperacion/pipeline.py", line 148, in <module>
    main()
  File "/hpcfs/home/ing_sistemas/s.montoya112/hackatron/Oliv-IA2/Oliv-IA/src/recuperacion/pipeline.py", line 123, in main
    rec = Recuperador(args.indice, cfg)
          ^^^^^^^^^^^^^^^^^^^^^^^^^^^^^
  File "/hpcfs/home/ing_sistemas/s.montoya112/hackatron/Oliv-IA2/Oliv-IA/src/recuperacion/pipeline.py", line 36, in __init__
    self.cat = cargar(indice)
               ^^^^^^^^^^^^^^
  File "/hpcfs/home/ing_sistemas/s.montoya112/hackatron/Oliv-IA2/Oliv-IA/src/recuperacion/catalogo.py", line 82, in cargar
    tabla = pq.read_table(cfg["chunks"], columns=COLUMNAS)
            ^^^^^^^^^^^^^^^^^^^^^^^^^^^^^^^^^^^^^^^^^^^^^^
  File "/hpcfs/home/ing_sistemas/s.montoya112/hackatron/Oliv-IA2/Oliv-IA/.venv-gpu/lib/python3.12/site-packages/pyarrow/parquet/core.py", line 1896, in read_table
    dataset = ParquetDataset(
              ^^^^^^^^^^^^^^^
  File "/hpcfs/home/ing_sistemas/s.montoya112/hackatron/Oliv-IA2/Oliv-IA/.venv-gpu/lib/python3.12/site-packages/pyarrow/parquet/core.py", line 1476, in __init__
    self._dataset = ds.dataset(path_or_paths, filesystem=filesystem,
                    ^^^^^^^^^^^^^^^^^^^^^^^^^^^^^^^^^^^^^^^^^^^^^^^^
  File "/hpcfs/home/ing_sistemas/s.montoya112/hackatron/Oliv-IA2/Oliv-IA/.venv-gpu/lib/python3.12/site-packages/pyarrow/dataset.py", line 790, in dataset
    return _filesystem_dataset(source, **kwargs)
           ^^^^^^^^^^^^^^^^^^^^^^^^^^^^^^^^^^^^^
  File "/hpcfs/home/ing_sistemas/s.montoya112/hackatron/Oliv-IA2/Oliv-IA/.venv-gpu/lib/python3.12/site-packages/pyarrow/dataset.py", line 472, in _filesystem_dataset
    fs, paths_or_selector = _ensure_single_source(source, filesystem)
                            ^^^^^^^^^^^^^^^^^^^^^^^^^^^^^^^^^^^^^^^^^
  File "/hpcfs/home/ing_sistemas/s.montoya112/hackatron/Oliv-IA2/Oliv-IA/.venv-gpu/lib/python3.12/site-packages/pyarrow/dataset.py", line 437, in _ensure_single_source
    raise FileNotFoundError(path)
FileNotFoundError: data/processed/chunks.parquet
ERROR: 'uvpy -m src.recuperacion.pipeline --preguntas data/sample_50.jsonl --salida data/recuperacion/sample_50.jsonl' terminó con código 1
