Job recuperar 754425 en nodei-gpu-2 · 2026-10-02 09:28:57
usando .venv-gpu (torch para CUDA 11.8)
== 0/4 verificando índices, preguntas y GPU
Quadro RTX 6000, 23040 MiB
== 1/4 recuperación completa (alias + híbrido + área + directos + cerradas + reranker)
09:29:33 Loading faiss with AVX512 support.
09:29:33 Could not load library with AVX512 support due to:
ModuleNotFoundError("No module named 'faiss.swigfaiss_avx512'")
09:29:33 Loading faiss with AVX2 support.
09:29:33 Could not load library with AVX2 support due to:
ModuleNotFoundError("No module named 'faiss.swigfaiss_avx2'")
09:29:33 Loading faiss.
09:29:34 Successfully loaded faiss.
09:30:48 reranker BAAI/bge-reranker-v2-m3@953dc6f6 en cuda
09:30:51   encoding 1/1 lotes (3 s)
09:30:52   encoding 1/1 lotes (0 s)
09:30:52   encoding 1/1 lotes (0 s)
09:30:52   encoding 1/1 lotes (0 s)
09:30:53   encoding 1/1 lotes (0 s)
09:30:53   encoding 1/1 lotes (0 s)
09:30:54   encoding 1/1 lotes (0 s)
09:30:54   encoding 1/1 lotes (0 s)
09:30:54   encoding 1/1 lotes (0 s)
09:30:55   encoding 1/1 lotes (0 s)
09:30:55   encoding 1/1 lotes (0 s)
09:30:56   encoding 1/1 lotes (0 s)
09:30:56   encoding 1/1 lotes (0 s)
09:30:56   encoding 1/1 lotes (0 s)
09:30:57   encoding 1/1 lotes (0 s)
09:30:57   encoding 1/1 lotes (0 s)
09:30:58   encoding 1/1 lotes (0 s)
09:30:58   encoding 1/1 lotes (0 s)
09:30:58   encoding 1/1 lotes (0 s)
09:30:59   encoding 1/1 lotes (0 s)
09:30:59   encoding 1/1 lotes (0 s)
09:30:59   encoding 1/1 lotes (0 s)
09:31:00   encoding 1/1 lotes (0 s)
09:31:00   encoding 1/1 lotes (0 s)
09:31:00   encoding 1/1 lotes (0 s)
09:31:01 25/50 ítems (0.52 s/ítem)
09:31:01   encoding 1/1 lotes (0 s)
09:31:01   encoding 1/1 lotes (0 s)
09:31:01   encoding 1/1 lotes (0 s)
09:31:02   encoding 1/1 lotes (0 s)
09:31:02   encoding 1/1 lotes (0 s)
09:31:03   encoding 1/1 lotes (0 s)
09:31:03   encoding 1/1 lotes (0 s)
09:31:03   encoding 1/1 lotes (0 s)
09:31:04   encoding 1/1 lotes (0 s)
09:31:04   encoding 1/1 lotes (0 s)
09:31:04   encoding 1/1 lotes (0 s)
09:31:05   encoding 1/1 lotes (0 s)
09:31:05   encoding 1/1 lotes (0 s)
09:31:05   encoding 1/1 lotes (0 s)
09:31:06   encoding 1/1 lotes (0 s)
09:31:06   encoding 1/1 lotes (0 s)
09:31:06   encoding 1/1 lotes (0 s)
09:31:07   encoding 1/1 lotes (0 s)
09:31:07   encoding 1/1 lotes (0 s)
09:31:07   encoding 1/1 lotes (0 s)
09:31:08   encoding 1/1 lotes (0 s)
09:31:08   encoding 1/1 lotes (0 s)
09:31:08   encoding 1/1 lotes (0 s)
09:31:09   encoding 1/1 lotes (0 s)
09:31:09   encoding 1/1 lotes (0 s)
09:31:10 50/50 ítems (0.44 s/ítem)
09:31:10 recuperación de 50 ítems (0 con error) en 22 s -> data/recuperacion/sample_50.jsonl
== 2/4 ablaciones (cada paso de la fase 6 por separado)
09:31:15 Loading faiss with AVX512 support.
09:31:15 Could not load library with AVX512 support due to:
ModuleNotFoundError("No module named 'faiss.swigfaiss_avx512'")
09:31:15 Loading faiss with AVX2 support.
09:31:15 Could not load library with AVX2 support due to:
ModuleNotFoundError("No module named 'faiss.swigfaiss_avx2'")
09:31:15 Loading faiss.
09:31:15 Successfully loaded faiss.
09:31:48   encoding 1/1 lotes (1 s)
09:31:48   encoding 1/1 lotes (0 s)
09:31:49   encoding 1/1 lotes (0 s)
09:31:49   encoding 1/1 lotes (0 s)
09:31:49   encoding 1/1 lotes (0 s)
09:31:49   encoding 1/1 lotes (0 s)
09:31:49   encoding 1/1 lotes (0 s)
09:31:49   encoding 1/1 lotes (0 s)
09:31:49   encoding 1/1 lotes (0 s)
09:31:49   encoding 1/1 lotes (0 s)
09:31:49   encoding 1/1 lotes (0 s)
09:31:49   encoding 1/1 lotes (0 s)
09:31:49   encoding 1/1 lotes (0 s)
09:31:49   encoding 1/1 lotes (0 s)
09:31:49   encoding 1/1 lotes (0 s)
09:31:49   encoding 1/1 lotes (0 s)
09:31:49   encoding 1/1 lotes (0 s)
09:31:49   encoding 1/1 lotes (0 s)
09:31:49   encoding 1/1 lotes (0 s)
09:31:49   encoding 1/1 lotes (0 s)
09:31:49   encoding 1/1 lotes (0 s)
09:31:50   encoding 1/1 lotes (0 s)
09:31:50   encoding 1/1 lotes (0 s)
09:31:50   encoding 1/1 lotes (0 s)
09:31:50   encoding 1/1 lotes (0 s)
09:31:50 25/50 ítems (0.11 s/ítem)
09:31:50   encoding 1/1 lotes (0 s)
09:31:50   encoding 1/1 lotes (0 s)
09:31:50   encoding 1/1 lotes (0 s)
09:31:50   encoding 1/1 lotes (0 s)
09:31:50   encoding 1/1 lotes (0 s)
09:31:50   encoding 1/1 lotes (0 s)
09:31:50   encoding 1/1 lotes (0 s)
09:31:50   encoding 1/1 lotes (0 s)
09:31:50   encoding 1/1 lotes (0 s)
09:31:50   encoding 1/1 lotes (0 s)
09:31:50   encoding 1/1 lotes (0 s)
09:31:50   encoding 1/1 lotes (0 s)
09:31:50   encoding 1/1 lotes (0 s)
09:31:50   encoding 1/1 lotes (0 s)
09:31:50   encoding 1/1 lotes (0 s)
09:31:50   encoding 1/1 lotes (0 s)
09:31:50   encoding 1/1 lotes (0 s)
09:31:50   encoding 1/1 lotes (0 s)
09:31:50   encoding 1/1 lotes (0 s)
09:31:50   encoding 1/1 lotes (0 s)
09:31:50   encoding 1/1 lotes (0 s)
09:31:50   encoding 1/1 lotes (0 s)
09:31:50   encoding 1/1 lotes (0 s)
09:31:50   encoding 1/1 lotes (0 s)
09:31:50   encoding 1/1 lotes (0 s)
09:31:50 50/50 ítems (0.07 s/ítem)
09:31:50 recuperación de 50 ítems (0 con error) en 3 s -> data/recuperacion/sample_50_sin_reranker.jsonl
09:31:54 Loading faiss with AVX512 support.
09:31:54 Could not load library with AVX512 support due to:
ModuleNotFoundError("No module named 'faiss.swigfaiss_avx512'")
09:31:54 Loading faiss with AVX2 support.
09:31:54 Could not load library with AVX2 support due to:
ModuleNotFoundError("No module named 'faiss.swigfaiss_avx2'")
09:31:54 Loading faiss.
09:31:54 Successfully loaded faiss.
09:32:24 reranker BAAI/bge-reranker-v2-m3@953dc6f6 en cuda
09:32:25   encoding 1/1 lotes (1 s)
09:32:25   encoding 1/1 lotes (0 s)
09:32:26   encoding 1/1 lotes (0 s)
09:32:26   encoding 1/1 lotes (0 s)
09:32:27   encoding 1/1 lotes (0 s)
09:32:27   encoding 1/1 lotes (0 s)
09:32:27   encoding 1/1 lotes (0 s)
09:32:28   encoding 1/1 lotes (0 s)
09:32:28   encoding 1/1 lotes (0 s)
09:32:28   encoding 1/1 lotes (0 s)
09:32:29   encoding 1/1 lotes (0 s)
09:32:29   encoding 1/1 lotes (0 s)
09:32:30   encoding 1/1 lotes (0 s)
09:32:30   encoding 1/1 lotes (0 s)
09:32:30   encoding 1/1 lotes (0 s)
09:32:31   encoding 1/1 lotes (0 s)
09:32:31   encoding 1/1 lotes (0 s)
09:32:32   encoding 1/1 lotes (0 s)
09:32:32   encoding 1/1 lotes (0 s)
09:32:32   encoding 1/1 lotes (0 s)
09:32:33   encoding 1/1 lotes (0 s)
09:32:33   encoding 1/1 lotes (0 s)
09:32:33   encoding 1/1 lotes (0 s)
09:32:34   encoding 1/1 lotes (0 s)
09:32:34   encoding 1/1 lotes (0 s)
09:32:34 25/50 ítems (0.43 s/ítem)
09:32:34   encoding 1/1 lotes (0 s)
09:32:35   encoding 1/1 lotes (0 s)
09:32:35   encoding 1/1 lotes (0 s)
09:32:35   encoding 1/1 lotes (0 s)
09:32:36   encoding 1/1 lotes (0 s)
09:32:36   encoding 1/1 lotes (0 s)
09:32:36   encoding 1/1 lotes (0 s)
09:32:37   encoding 1/1 lotes (0 s)
09:32:37   encoding 1/1 lotes (0 s)
09:32:38   encoding 1/1 lotes (0 s)
09:32:38   encoding 1/1 lotes (0 s)
09:32:38   encoding 1/1 lotes (0 s)
09:32:39   encoding 1/1 lotes (0 s)
09:32:39   encoding 1/1 lotes (0 s)
09:32:39   encoding 1/1 lotes (0 s)
09:32:40   encoding 1/1 lotes (0 s)
09:32:40   encoding 1/1 lotes (0 s)
09:32:40   encoding 1/1 lotes (0 s)
09:32:41   encoding 1/1 lotes (0 s)
09:32:41   encoding 1/1 lotes (0 s)
09:32:41   encoding 1/1 lotes (0 s)
09:32:42   encoding 1/1 lotes (0 s)
09:32:42   encoding 1/1 lotes (0 s)
09:32:42   encoding 1/1 lotes (0 s)
09:32:43   encoding 1/1 lotes (0 s)
09:32:43 50/50 ítems (0.39 s/ítem)
09:32:43 recuperación de 50 ítems (0 con error) en 20 s -> data/recuperacion/sample_50_sin_directos.jsonl
09:32:47 Loading faiss with AVX512 support.
09:32:47 Could not load library with AVX512 support due to:
ModuleNotFoundError("No module named 'faiss.swigfaiss_avx512'")
09:32:47 Loading faiss with AVX2 support.
09:32:47 Could not load library with AVX2 support due to:
ModuleNotFoundError("No module named 'faiss.swigfaiss_avx2'")
09:32:47 Loading faiss.
09:32:47 Successfully loaded faiss.
09:33:17 reranker BAAI/bge-reranker-v2-m3@953dc6f6 en cuda
09:33:18   encoding 1/1 lotes (1 s)
09:33:19   encoding 1/1 lotes (0 s)
09:33:19   encoding 1/1 lotes (0 s)
09:33:20   encoding 1/1 lotes (0 s)
09:33:20   encoding 1/1 lotes (0 s)
09:33:20   encoding 1/1 lotes (0 s)
09:33:21   encoding 1/1 lotes (0 s)
09:33:21   encoding 1/1 lotes (0 s)
09:33:21   encoding 1/1 lotes (0 s)
09:33:22   encoding 1/1 lotes (0 s)
09:33:22   encoding 1/1 lotes (0 s)
09:33:23   encoding 1/1 lotes (0 s)
09:33:23   encoding 1/1 lotes (0 s)
09:33:23   encoding 1/1 lotes (0 s)
09:33:24   encoding 1/1 lotes (0 s)
09:33:24   encoding 1/1 lotes (0 s)
09:33:25   encoding 1/1 lotes (0 s)
09:33:25   encoding 1/1 lotes (0 s)
09:33:25   encoding 1/1 lotes (0 s)
09:33:26   encoding 1/1 lotes (0 s)
09:33:26   encoding 1/1 lotes (0 s)
09:33:26   encoding 1/1 lotes (0 s)
09:33:27   encoding 1/1 lotes (0 s)
09:33:27   encoding 1/1 lotes (0 s)
09:33:27   encoding 1/1 lotes (0 s)
09:33:28 25/50 ítems (0.43 s/ítem)
09:33:28   encoding 1/1 lotes (0 s)
09:33:28   encoding 1/1 lotes (0 s)
09:33:28   encoding 1/1 lotes (0 s)
09:33:29   encoding 1/1 lotes (0 s)
09:33:29   encoding 1/1 lotes (0 s)
09:33:29   encoding 1/1 lotes (0 s)
09:33:30   encoding 1/1 lotes (0 s)
09:33:30   encoding 1/1 lotes (0 s)
09:33:31   encoding 1/1 lotes (0 s)
09:33:31   encoding 1/1 lotes (0 s)
09:33:31   encoding 1/1 lotes (0 s)
09:33:32   encoding 1/1 lotes (0 s)
09:33:32   encoding 1/1 lotes (0 s)
09:33:32   encoding 1/1 lotes (0 s)
09:33:33   encoding 1/1 lotes (0 s)
09:33:33   encoding 1/1 lotes (0 s)
09:33:33   encoding 1/1 lotes (0 s)
09:33:34   encoding 1/1 lotes (0 s)
09:33:34   encoding 1/1 lotes (0 s)
09:33:34   encoding 1/1 lotes (0 s)
09:33:35   encoding 1/1 lotes (0 s)
09:33:35   encoding 1/1 lotes (0 s)
09:33:35   encoding 1/1 lotes (0 s)
09:33:36   encoding 1/1 lotes (0 s)
09:33:36   encoding 1/1 lotes (0 s)
09:33:37 50/50 ítems (0.39 s/ítem)
09:33:37 recuperación de 50 ítems (0 con error) en 20 s -> data/recuperacion/sample_50_sin_alias.jsonl
09:33:40 Loading faiss with AVX512 support.
09:33:40 Could not load library with AVX512 support due to:
ModuleNotFoundError("No module named 'faiss.swigfaiss_avx512'")
09:33:40 Loading faiss with AVX2 support.
09:33:40 Could not load library with AVX2 support due to:
ModuleNotFoundError("No module named 'faiss.swigfaiss_avx2'")
09:33:40 Loading faiss.
09:33:41 Successfully loaded faiss.
09:34:13 reranker BAAI/bge-reranker-v2-m3@953dc6f6 en cuda
09:34:14   encoding 1/1 lotes (2 s)
09:34:15   encoding 1/1 lotes (0 s)
09:34:15   encoding 1/1 lotes (0 s)
09:34:16   encoding 1/1 lotes (0 s)
09:34:16   encoding 1/1 lotes (0 s)
09:34:16   encoding 1/1 lotes (0 s)
09:34:17   encoding 1/1 lotes (0 s)
09:34:17   encoding 1/1 lotes (0 s)
09:34:18   encoding 1/1 lotes (0 s)
09:34:18   encoding 1/1 lotes (0 s)
09:34:18   encoding 1/1 lotes (0 s)
09:34:19   encoding 1/1 lotes (0 s)
09:34:19   encoding 1/1 lotes (0 s)
09:34:20   encoding 1/1 lotes (0 s)
09:34:20   encoding 1/1 lotes (0 s)
09:34:20   encoding 1/1 lotes (0 s)
09:34:21   encoding 1/1 lotes (0 s)
09:34:21   encoding 1/1 lotes (0 s)
09:34:21   encoding 1/1 lotes (0 s)
09:34:22   encoding 1/1 lotes (0 s)
09:34:22   encoding 1/1 lotes (0 s)
09:34:22   encoding 1/1 lotes (0 s)
09:34:23   encoding 1/1 lotes (0 s)
09:34:23   encoding 1/1 lotes (0 s)
09:34:23   encoding 1/1 lotes (0 s)
09:34:24 25/50 ítems (0.45 s/ítem)
09:34:24   encoding 1/1 lotes (0 s)
09:34:24   encoding 1/1 lotes (0 s)
09:34:24   encoding 1/1 lotes (0 s)
09:34:25   encoding 1/1 lotes (0 s)
09:34:25   encoding 1/1 lotes (0 s)
09:34:26   encoding 1/1 lotes (0 s)
09:34:26   encoding 1/1 lotes (0 s)
09:34:26   encoding 1/1 lotes (0 s)
09:34:27   encoding 1/1 lotes (0 s)
09:34:27   encoding 1/1 lotes (0 s)
09:34:27   encoding 1/1 lotes (0 s)
09:34:28   encoding 1/1 lotes (0 s)
09:34:28   encoding 1/1 lotes (0 s)
09:34:28   encoding 1/1 lotes (0 s)
09:34:29   encoding 1/1 lotes (0 s)
09:34:29   encoding 1/1 lotes (0 s)
09:34:29   encoding 1/1 lotes (0 s)
09:34:30   encoding 1/1 lotes (0 s)
09:34:30   encoding 1/1 lotes (0 s)
09:34:30   encoding 1/1 lotes (0 s)
09:34:31   encoding 1/1 lotes (0 s)
09:34:31   encoding 1/1 lotes (0 s)
09:34:31   encoding 1/1 lotes (0 s)
09:34:32   encoding 1/1 lotes (0 s)
09:34:32   encoding 1/1 lotes (0 s)
09:34:32 50/50 ítems (0.40 s/ítem)
09:34:33 recuperación de 50 ítems (0 con error) en 20 s -> data/recuperacion/sample_50_con_area.jsonl
09:34:37 Loading faiss with AVX512 support.
09:34:37 Could not load library with AVX512 support due to:
ModuleNotFoundError("No module named 'faiss.swigfaiss_avx512'")
09:34:37 Loading faiss with AVX2 support.
09:34:37 Could not load library with AVX2 support due to:
ModuleNotFoundError("No module named 'faiss.swigfaiss_avx2'")
09:34:37 Loading faiss.
09:34:37 Successfully loaded faiss.
09:35:12 reranker BAAI/bge-reranker-v2-m3@953dc6f6 en cuda
09:35:13   encoding 1/1 lotes (2 s)
09:35:14   encoding 1/1 lotes (0 s)
09:35:14   encoding 1/1 lotes (0 s)
09:35:15   encoding 1/1 lotes (0 s)
09:35:15   encoding 1/1 lotes (0 s)
09:35:15   encoding 1/1 lotes (0 s)
09:35:16   encoding 1/1 lotes (0 s)
09:35:16   encoding 1/1 lotes (0 s)
09:35:17   encoding 1/1 lotes (0 s)
09:35:17   encoding 1/1 lotes (0 s)
09:35:17   encoding 1/1 lotes (0 s)
09:35:18   encoding 1/1 lotes (0 s)
09:35:18   encoding 1/1 lotes (0 s)
09:35:19   encoding 1/1 lotes (0 s)
09:35:19   encoding 1/1 lotes (0 s)
09:35:19   encoding 1/1 lotes (0 s)
09:35:20   encoding 1/1 lotes (0 s)
09:35:20   encoding 1/1 lotes (0 s)
09:35:20   encoding 1/1 lotes (0 s)
09:35:21   encoding 1/1 lotes (0 s)
09:35:21   encoding 1/1 lotes (0 s)
09:35:22   encoding 1/1 lotes (0 s)
09:35:22   encoding 1/1 lotes (0 s)
09:35:22   encoding 1/1 lotes (0 s)
09:35:23   encoding 1/1 lotes (0 s)
09:35:23 25/50 ítems (0.45 s/ítem)
09:35:23   encoding 1/1 lotes (0 s)
09:35:23   encoding 1/1 lotes (0 s)
09:35:24   encoding 1/1 lotes (0 s)
09:35:24   encoding 1/1 lotes (0 s)
09:35:24   encoding 1/1 lotes (0 s)
09:35:25   encoding 1/1 lotes (0 s)
09:35:25   encoding 1/1 lotes (0 s)
09:35:25   encoding 1/1 lotes (0 s)
09:35:26   encoding 1/1 lotes (0 s)
09:35:26   encoding 1/1 lotes (0 s)
09:35:26   encoding 1/1 lotes (0 s)
09:35:27   encoding 1/1 lotes (0 s)
09:35:27   encoding 1/1 lotes (0 s)
09:35:28   encoding 1/1 lotes (0 s)
09:35:28   encoding 1/1 lotes (0 s)
09:35:28   encoding 1/1 lotes (0 s)
09:35:29   encoding 1/1 lotes (0 s)
09:35:29   encoding 1/1 lotes (0 s)
09:35:29   encoding 1/1 lotes (0 s)
09:35:30   encoding 1/1 lotes (0 s)
09:35:30   encoding 1/1 lotes (0 s)
09:35:30   encoding 1/1 lotes (0 s)
09:35:31   encoding 1/1 lotes (0 s)
09:35:31   encoding 1/1 lotes (0 s)
09:35:31   encoding 1/1 lotes (0 s)
09:35:32 50/50 ítems (0.40 s/ítem)
09:35:32 recuperación de 50 ítems (0 con error) en 20 s -> data/recuperacion/sample_50_sin_diversidad.jsonl
09:35:36 Loading faiss with AVX512 support.
09:35:36 Could not load library with AVX512 support due to:
ModuleNotFoundError("No module named 'faiss.swigfaiss_avx512'")
09:35:36 Loading faiss with AVX2 support.
09:35:36 Could not load library with AVX2 support due to:
ModuleNotFoundError("No module named 'faiss.swigfaiss_avx2'")
09:35:36 Loading faiss.
09:35:37 Successfully loaded faiss.
09:36:11 reranker BAAI/bge-reranker-v2-m3@953dc6f6 en cuda
09:36:13   encoding 1/1 lotes (2 s)
09:36:13   encoding 1/1 lotes (0 s)
09:36:14   encoding 1/1 lotes (0 s)
09:36:14   encoding 1/1 lotes (0 s)
09:36:14   encoding 1/1 lotes (0 s)
09:36:15   encoding 1/1 lotes (0 s)
09:36:15   encoding 1/1 lotes (0 s)
09:36:16   encoding 1/1 lotes (0 s)
09:36:16   encoding 1/1 lotes (0 s)
09:36:16   encoding 1/1 lotes (0 s)
09:36:17   encoding 1/1 lotes (0 s)
09:36:17   encoding 1/1 lotes (0 s)
09:36:18   encoding 1/1 lotes (0 s)
09:36:18   encoding 1/1 lotes (0 s)
09:36:18   encoding 1/1 lotes (0 s)
09:36:19   encoding 1/1 lotes (0 s)
09:36:19   encoding 1/1 lotes (0 s)
09:36:19   encoding 1/1 lotes (0 s)
09:36:20   encoding 1/1 lotes (0 s)
09:36:20   encoding 1/1 lotes (0 s)
09:36:21   encoding 1/1 lotes (0 s)
09:36:21   encoding 1/1 lotes (0 s)
09:36:21   encoding 1/1 lotes (0 s)
09:36:22   encoding 1/1 lotes (0 s)
09:36:22   encoding 1/1 lotes (0 s)
09:36:22 25/50 ítems (0.45 s/ítem)
09:36:22   encoding 1/1 lotes (0 s)
09:36:23   encoding 1/1 lotes (0 s)
09:36:23   encoding 1/1 lotes (0 s)
09:36:23   encoding 1/1 lotes (0 s)
09:36:24   encoding 1/1 lotes (0 s)
09:36:24   encoding 1/1 lotes (0 s)
09:36:24   encoding 1/1 lotes (0 s)
09:36:25   encoding 1/1 lotes (0 s)
09:36:25   encoding 1/1 lotes (0 s)
09:36:25   encoding 1/1 lotes (0 s)
09:36:26   encoding 1/1 lotes (0 s)
09:36:26   encoding 1/1 lotes (0 s)
09:36:26   encoding 1/1 lotes (0 s)
09:36:27   encoding 1/1 lotes (0 s)
09:36:27   encoding 1/1 lotes (0 s)
09:36:28   encoding 1/1 lotes (0 s)
09:36:28   encoding 1/1 lotes (0 s)
09:36:28   encoding 1/1 lotes (0 s)
09:36:29   encoding 1/1 lotes (0 s)
09:36:29   encoding 1/1 lotes (0 s)
09:36:29   encoding 1/1 lotes (0 s)
09:36:30   encoding 1/1 lotes (0 s)
09:36:30   encoding 1/1 lotes (0 s)
09:36:30   encoding 1/1 lotes (0 s)
09:36:31   encoding 1/1 lotes (0 s)
09:36:31 50/50 ítems (0.40 s/ítem)
09:36:31 recuperación de 50 ítems (0 con error) en 20 s -> data/recuperacion/sample_50_sin_garantia_opciones.jsonl
09:36:36 Loading faiss with AVX512 support.
09:36:36 Could not load library with AVX512 support due to:
ModuleNotFoundError("No module named 'faiss.swigfaiss_avx512'")
09:36:36 Loading faiss with AVX2 support.
09:36:36 Could not load library with AVX2 support due to:
ModuleNotFoundError("No module named 'faiss.swigfaiss_avx2'")
09:36:36 Loading faiss.
09:36:36 Successfully loaded faiss.
09:37:11 reranker BAAI/bge-reranker-v2-m3@953dc6f6 en cuda
09:37:13   encoding 1/1 lotes (2 s)
09:37:13   encoding 1/1 lotes (0 s)
09:37:13   encoding 1/1 lotes (0 s)
09:37:14   encoding 1/1 lotes (0 s)
09:37:14   encoding 1/1 lotes (0 s)
09:37:15   encoding 1/1 lotes (0 s)
09:37:15   encoding 1/1 lotes (0 s)
09:37:15   encoding 1/1 lotes (0 s)
09:37:16   encoding 1/1 lotes (0 s)
09:37:16   encoding 1/1 lotes (0 s)
09:37:17   encoding 1/1 lotes (0 s)
09:37:17   encoding 1/1 lotes (0 s)
09:37:17   encoding 1/1 lotes (0 s)
09:37:18   encoding 1/1 lotes (0 s)
09:37:18   encoding 1/1 lotes (0 s)
09:37:18   encoding 1/1 lotes (0 s)
09:37:19   encoding 1/1 lotes (0 s)
09:37:19   encoding 1/1 lotes (0 s)
09:37:20   encoding 1/1 lotes (0 s)
09:37:20   encoding 1/1 lotes (0 s)
09:37:20   encoding 1/1 lotes (0 s)
09:37:21   encoding 1/1 lotes (0 s)
09:37:21   encoding 1/1 lotes (0 s)
09:37:21   encoding 1/1 lotes (0 s)
09:37:22   encoding 1/1 lotes (0 s)
09:37:22 25/50 ítems (0.45 s/ítem)
09:37:22   encoding 1/1 lotes (0 s)
09:37:22   encoding 1/1 lotes (0 s)
09:37:23   encoding 1/1 lotes (0 s)
09:37:23   encoding 1/1 lotes (0 s)
09:37:24   encoding 1/1 lotes (0 s)
09:37:24   encoding 1/1 lotes (0 s)
09:37:24   encoding 1/1 lotes (0 s)
09:37:25   encoding 1/1 lotes (0 s)
09:37:25   encoding 1/1 lotes (0 s)
09:37:25   encoding 1/1 lotes (0 s)
09:37:26   encoding 1/1 lotes (0 s)
09:37:26   encoding 1/1 lotes (0 s)
09:37:26   encoding 1/1 lotes (0 s)
09:37:27   encoding 1/1 lotes (0 s)
09:37:27   encoding 1/1 lotes (0 s)
09:37:27   encoding 1/1 lotes (0 s)
09:37:28   encoding 1/1 lotes (0 s)
09:37:28   encoding 1/1 lotes (0 s)
09:37:28   encoding 1/1 lotes (0 s)
09:37:29   encoding 1/1 lotes (0 s)
09:37:29   encoding 1/1 lotes (0 s)
09:37:29   encoding 1/1 lotes (0 s)
09:37:30   encoding 1/1 lotes (0 s)
09:37:30   encoding 1/1 lotes (0 s)
09:37:31   encoding 1/1 lotes (0 s)
09:37:31 50/50 ítems (0.40 s/ítem)
09:37:31 recuperación de 50 ítems (0 con error) en 20 s -> data/recuperacion/sample_50_con_copias.jsonl
09:37:36 Loading faiss with AVX512 support.
09:37:36 Could not load library with AVX512 support due to:
ModuleNotFoundError("No module named 'faiss.swigfaiss_avx512'")
09:37:36 Loading faiss with AVX2 support.
09:37:36 Could not load library with AVX2 support due to:
ModuleNotFoundError("No module named 'faiss.swigfaiss_avx2'")
09:37:36 Loading faiss.
09:37:36 Successfully loaded faiss.
09:38:10 reranker BAAI/bge-reranker-v2-m3@953dc6f6 en cuda
09:38:12   encoding 1/1 lotes (2 s)
09:38:12   encoding 1/1 lotes (0 s)
09:38:13   encoding 1/1 lotes (0 s)
09:38:13   encoding 1/1 lotes (0 s)
09:38:13   encoding 1/1 lotes (0 s)
09:38:14   encoding 1/1 lotes (0 s)
09:38:14   encoding 1/1 lotes (0 s)
09:38:15   encoding 1/1 lotes (0 s)
09:38:15   encoding 1/1 lotes (0 s)
09:38:15   encoding 1/1 lotes (0 s)
09:38:16   encoding 1/1 lotes (0 s)
09:38:16   encoding 1/1 lotes (0 s)
09:38:17   encoding 1/1 lotes (0 s)
09:38:17   encoding 1/1 lotes (0 s)
09:38:17   encoding 1/1 lotes (0 s)
09:38:18   encoding 1/1 lotes (0 s)
09:38:18   encoding 1/1 lotes (0 s)
09:38:18   encoding 1/1 lotes (0 s)
09:38:19   encoding 1/1 lotes (0 s)
09:38:19   encoding 1/1 lotes (0 s)
09:38:20   encoding 1/1 lotes (0 s)
09:38:20   encoding 1/1 lotes (0 s)
09:38:20   encoding 1/1 lotes (0 s)
09:38:21   encoding 1/1 lotes (0 s)
09:38:21   encoding 1/1 lotes (0 s)
09:38:21 25/50 ítems (0.45 s/ítem)
09:38:21   encoding 1/1 lotes (0 s)
09:38:22   encoding 1/1 lotes (0 s)
09:38:22   encoding 1/1 lotes (0 s)
09:38:22   encoding 1/1 lotes (0 s)
09:38:23   encoding 1/1 lotes (0 s)
09:38:23   encoding 1/1 lotes (0 s)
09:38:23   encoding 1/1 lotes (0 s)
09:38:24   encoding 1/1 lotes (0 s)
09:38:24   encoding 1/1 lotes (0 s)
09:38:24   encoding 1/1 lotes (0 s)
09:38:25   encoding 1/1 lotes (0 s)
09:38:25   encoding 1/1 lotes (0 s)
09:38:26   encoding 1/1 lotes (0 s)
09:38:26   encoding 1/1 lotes (0 s)
09:38:26   encoding 1/1 lotes (0 s)
09:38:27   encoding 1/1 lotes (0 s)
09:38:27   encoding 1/1 lotes (0 s)
09:38:27   encoding 1/1 lotes (0 s)
09:38:28   encoding 1/1 lotes (0 s)
09:38:28   encoding 1/1 lotes (0 s)
09:38:28   encoding 1/1 lotes (0 s)
09:38:29   encoding 1/1 lotes (0 s)
09:38:29   encoding 1/1 lotes (0 s)
09:38:29   encoding 1/1 lotes (0 s)
09:38:30   encoding 1/1 lotes (0 s)
09:38:30 50/50 ítems (0.40 s/ítem)
09:38:30 recuperación de 50 ítems (0 con error) en 20 s -> data/recuperacion/sample_50_sin_tope_sentencias.jsonl
== 3/4 métricas contra el legal_basis (solo para evaluar) y línea base de la fase 5
RESULTADO sample_50              n=40 cuerpo@10 0.9625  articulo@10 0.5982  hit_doc@10 0.9  normas@10 8.05  opciones@8 0.9167  copias@10 0.025  sentencias@8 3.55  s/ítem 0.4531
RESULTADO sample_50_sin_reranker n=40 cuerpo@10 0.95  articulo@10 0.5351  hit_doc@10 0.875  normas@10 8.175  opciones@8 0.9167  copias@10 0.025  sentencias@8 3.175  s/ítem 0.0723
RESULTADO sample_50_sin_directos n=40 cuerpo@10 0.9625  articulo@10 0.5982  hit_doc@10 0.9  normas@10 8.125  opciones@8 0.9167  copias@10 0.0  sentencias@8 3.55  s/ítem 0.3977
RESULTADO sample_50_sin_alias    n=40 cuerpo@10 0.9625  articulo@10 0.5982  hit_doc@10 0.9  normas@10 8.075  opciones@8 0.9167  copias@10 0.025  sentencias@8 3.525  s/ítem 0.3976
RESULTADO sample_50_con_area     n=40 cuerpo@10 0.95  articulo@10 0.6053  hit_doc@10 0.9  normas@10 8.1  opciones@8 0.9583  copias@10 0.025  sentencias@8 3.25  s/ítem 0.4064
RESULTADO sample_50_sin_diversidad n=40 cuerpo@10 0.9375  articulo@10 0.5982  hit_doc@10 0.9  normas@10 7.1  opciones@8 0.9167  copias@10 0.025  sentencias@8 3.95  s/ítem 0.4098
RESULTADO sample_50_sin_garantia_opciones n=40 cuerpo@10 0.9625  articulo@10 0.6158  hit_doc@10 0.925  normas@10 8.05  opciones@8 0.3125  copias@10 0.025  sentencias@8 3.45  s/ítem 0.4063
RESULTADO sample_50_con_copias   n=40 cuerpo@10 0.9625  articulo@10 0.5982  hit_doc@10 0.9  normas@10 7.75  opciones@8 0.9167  copias@10 0.425  sentencias@8 3.5  s/ítem 0.4089
RESULTADO sample_50_sin_tope_sentencias n=40 cuerpo@10 0.9375  articulo@10 0.5982  hit_doc@10 0.85  normas@10 8.225  opciones@8 0.9167  copias@10 0.025  sentencias@8 3.8  s/ítem 0.4071
BASE fase 5 bm25   cuerpo@10 0.85  articulo@10 0.4035  (cuerpo@50 0.95)
BASE fase 5 denso  cuerpo@10 0.9125  articulo@10 0.5614  (cuerpo@50 0.9625)
BASE fase 5 rrf    cuerpo@10 0.8875  articulo@10 0.5263  (cuerpo@50 1.0)
detalle en data/recuperacion/ablaciones.json
== 4/4 resumen
total 8.5M
-rw-r--r-- 1 s.montoya112 ing_sistemas 115K Oct  2 09:38 ablaciones.json
-rw-r--r-- 1 s.montoya112 ing_sistemas  16K Oct  1 16:58 ablaciones_sin_area_sin_reranker.json
-rw-r--r-- 1 s.montoya112 ing_sistemas  753 Oct  2 09:34 sample_50_con_area.config.json
-rw-r--r-- 1 s.montoya112 ing_sistemas 765K Oct  2 09:34 sample_50_con_area.jsonl
-rw-r--r-- 1 s.montoya112 ing_sistemas  755 Oct  2 09:37 sample_50_con_copias.config.json
-rw-r--r-- 1 s.montoya112 ing_sistemas 768K Oct  2 09:37 sample_50_con_copias.jsonl
-rw-r--r-- 1 s.montoya112 ing_sistemas  754 Oct  2 09:31 sample_50.config.json
-rw-r--r-- 1 s.montoya112 ing_sistemas 766K Oct  2 09:31 sample_50.jsonl
-rw-r--r-- 1 s.montoya112 ing_sistemas  755 Oct  2 09:33 sample_50_sin_alias.config.json
-rw-r--r-- 1 s.montoya112 ing_sistemas 767K Oct  2 09:33 sample_50_sin_alias.jsonl
-rw-r--r-- 1 s.montoya112 ing_sistemas  648 Oct  1 17:32 sample_50_sin_area.config.json
-rw-r--r-- 1 s.montoya112 ing_sistemas 809K Oct  1 17:32 sample_50_sin_area.jsonl
-rw-r--r-- 1 s.montoya112 ing_sistemas  590 Oct  1 16:58 sample_50_sin_area_sin_reranker.config.json
-rw-r--r-- 1 s.montoya112 ing_sistemas 766K Oct  1 16:58 sample_50_sin_area_sin_reranker.jsonl
-rw-r--r-- 1 s.montoya112 ing_sistemas  755 Oct  2 09:32 sample_50_sin_directos.config.json
-rw-r--r-- 1 s.montoya112 ing_sistemas 769K Oct  2 09:32 sample_50_sin_directos.jsonl
-rw-r--r-- 1 s.montoya112 ing_sistemas  754 Oct  2 09:35 sample_50_sin_diversidad.config.json
-rw-r--r-- 1 s.montoya112 ing_sistemas 778K Oct  2 09:35 sample_50_sin_diversidad.jsonl
-rw-r--r-- 1 s.montoya112 ing_sistemas  755 Oct  2 09:36 sample_50_sin_garantia_opciones.config.json
-rw-r--r-- 1 s.montoya112 ing_sistemas 767K Oct  2 09:36 sample_50_sin_garantia_opciones.jsonl
-rw-r--r-- 1 s.montoya112 ing_sistemas  696 Oct  2 09:31 sample_50_sin_reranker.config.json
-rw-r--r-- 1 s.montoya112 ing_sistemas 732K Oct  2 09:31 sample_50_sin_reranker.jsonl
-rw-r--r-- 1 s.montoya112 ing_sistemas  754 Oct  2 09:38 sample_50_sin_tope_sentencias.config.json
-rw-r--r-- 1 s.montoya112 ing_sistemas 780K Oct  2 09:38 sample_50_sin_tope_sentencias.jsonl
  RESULTADO sample_50              n=40 cuerpo@10 0.9625  articulo@10 0.5982  hit_doc@10 0.9  normas@10 8.05  opciones@8 0.9167  copias@10 0.025  sentencias@8 3.55  s/ítem 0.4531
  RESULTADO sample_50_sin_reranker n=40 cuerpo@10 0.95  articulo@10 0.5351  hit_doc@10 0.875  normas@10 8.175  opciones@8 0.9167  copias@10 0.025  sentencias@8 3.175  s/ítem 0.0723
  RESULTADO sample_50_sin_directos n=40 cuerpo@10 0.9625  articulo@10 0.5982  hit_doc@10 0.9  normas@10 8.125  opciones@8 0.9167  copias@10 0.0  sentencias@8 3.55  s/ítem 0.3977
  RESULTADO sample_50_sin_alias    n=40 cuerpo@10 0.9625  articulo@10 0.5982  hit_doc@10 0.9  normas@10 8.075  opciones@8 0.9167  copias@10 0.025  sentencias@8 3.525  s/ítem 0.3976
  RESULTADO sample_50_con_area     n=40 cuerpo@10 0.95  articulo@10 0.6053  hit_doc@10 0.9  normas@10 8.1  opciones@8 0.9583  copias@10 0.025  sentencias@8 3.25  s/ítem 0.4064
  RESULTADO sample_50_sin_diversidad n=40 cuerpo@10 0.9375  articulo@10 0.5982  hit_doc@10 0.9  normas@10 7.1  opciones@8 0.9167  copias@10 0.025  sentencias@8 3.95  s/ítem 0.4098
  RESULTADO sample_50_sin_garantia_opciones n=40 cuerpo@10 0.9625  articulo@10 0.6158  hit_doc@10 0.925  normas@10 8.05  opciones@8 0.3125  copias@10 0.025  sentencias@8 3.45  s/ítem 0.4063
  RESULTADO sample_50_con_copias   n=40 cuerpo@10 0.9625  articulo@10 0.5982  hit_doc@10 0.9  normas@10 7.75  opciones@8 0.9167  copias@10 0.425  sentencias@8 3.5  s/ítem 0.4089
  RESULTADO sample_50_sin_tope_sentencias n=40 cuerpo@10 0.9375  articulo@10 0.5982  hit_doc@10 0.85  normas@10 8.225  opciones@8 0.9167  copias@10 0.025  sentencias@8 3.8  s/ítem 0.4071
  BASE fase 5 bm25   cuerpo@10 0.85  articulo@10 0.4035  (cuerpo@50 0.95)
  BASE fase 5 denso  cuerpo@10 0.9125  articulo@10 0.5614  (cuerpo@50 0.9625)
  BASE fase 5 rrf    cuerpo@10 0.8875  articulo@10 0.5263  (cuerpo@50 1.0)
== fin: [recuperar] Terminó OK · 2026-10-02 09:38:48
