Job recuperar 755899 en nodei-gpu-2 · 2026-10-02 15:24:25
usando .venv-gpu (torch para CUDA 11.8)
== 0/4 verificando índices, preguntas y GPU
Quadro RTX 6000, 23040 MiB
== 1/4 recuperación completa (alias + híbrido + área + directos + cerradas + reranker)
15:24:36 Loading faiss with AVX512 support.
15:24:36 Could not load library with AVX512 support due to:
ModuleNotFoundError("No module named 'faiss.swigfaiss_avx512'")
15:24:36 Loading faiss with AVX2 support.
15:24:36 Could not load library with AVX2 support due to:
ModuleNotFoundError("No module named 'faiss.swigfaiss_avx2'")
15:24:36 Loading faiss.
15:24:36 Successfully loaded faiss.
15:25:10 reranker BAAI/bge-reranker-v2-m3@953dc6f6 en cuda
15:25:12   encoding 1/1 lotes (2 s)
15:25:12   encoding 1/1 lotes (0 s)
15:25:13   encoding 1/1 lotes (0 s)
15:25:13   encoding 1/1 lotes (0 s)
15:25:14   encoding 1/1 lotes (0 s)
15:25:14   encoding 1/1 lotes (0 s)
15:25:14   encoding 1/1 lotes (0 s)
15:25:15   encoding 1/1 lotes (0 s)
15:25:15   encoding 1/1 lotes (0 s)
15:25:16   encoding 1/1 lotes (0 s)
15:25:16   encoding 1/1 lotes (0 s)
15:25:17   encoding 1/1 lotes (0 s)
15:25:17   encoding 1/1 lotes (0 s)
15:25:18   encoding 1/1 lotes (0 s)
15:25:18   encoding 1/1 lotes (0 s)
15:25:19   encoding 1/1 lotes (0 s)
15:25:19   encoding 1/1 lotes (0 s)
15:25:19   encoding 1/1 lotes (0 s)
15:25:20   encoding 1/1 lotes (0 s)
15:25:20   encoding 1/1 lotes (0 s)
15:25:21   encoding 1/1 lotes (0 s)
15:25:21   encoding 1/1 lotes (0 s)
15:25:21   encoding 1/1 lotes (0 s)
15:25:22   encoding 1/1 lotes (0 s)
15:25:22   encoding 1/1 lotes (0 s)
15:25:22 25/50 ítems (0.49 s/ítem)
15:25:22   encoding 1/1 lotes (0 s)
15:25:23   encoding 1/1 lotes (0 s)
15:25:23   encoding 1/1 lotes (0 s)
15:25:24   encoding 1/1 lotes (0 s)
15:25:24   encoding 1/1 lotes (0 s)
15:25:24   encoding 1/1 lotes (0 s)
15:25:25   encoding 1/1 lotes (0 s)
15:25:25   encoding 1/1 lotes (0 s)
15:25:25   encoding 1/1 lotes (0 s)
15:25:26   encoding 1/1 lotes (0 s)
15:25:26   encoding 1/1 lotes (0 s)
15:25:27   encoding 1/1 lotes (0 s)
15:25:27   encoding 1/1 lotes (0 s)
15:25:27   encoding 1/1 lotes (0 s)
15:25:28   encoding 1/1 lotes (0 s)
15:25:28   encoding 1/1 lotes (0 s)
15:25:28   encoding 1/1 lotes (0 s)
15:25:29   encoding 1/1 lotes (0 s)
15:25:29   encoding 1/1 lotes (0 s)
15:25:30   encoding 1/1 lotes (0 s)
15:25:30   encoding 1/1 lotes (0 s)
15:25:30   encoding 1/1 lotes (0 s)
15:25:31   encoding 1/1 lotes (0 s)
15:25:31   encoding 1/1 lotes (0 s)
15:25:31   encoding 1/1 lotes (0 s)
15:25:32 50/50 ítems (0.44 s/ítem)
15:25:32 recuperación de 50 ítems (0 con error) en 22 s -> data/recuperacion/sample_50.jsonl
== 2/4 ablaciones (cada paso de la fase 6 por separado)
15:25:37 Loading faiss with AVX512 support.
15:25:37 Could not load library with AVX512 support due to:
ModuleNotFoundError("No module named 'faiss.swigfaiss_avx512'")
15:25:37 Loading faiss with AVX2 support.
15:25:37 Could not load library with AVX2 support due to:
ModuleNotFoundError("No module named 'faiss.swigfaiss_avx2'")
15:25:37 Loading faiss.
15:25:38 Successfully loaded faiss.
15:26:13   encoding 1/1 lotes (2 s)
15:26:13   encoding 1/1 lotes (0 s)
15:26:13   encoding 1/1 lotes (0 s)
15:26:13   encoding 1/1 lotes (0 s)
15:26:13   encoding 1/1 lotes (0 s)
15:26:13   encoding 1/1 lotes (0 s)
15:26:13   encoding 1/1 lotes (0 s)
15:26:13   encoding 1/1 lotes (0 s)
15:26:14   encoding 1/1 lotes (0 s)
15:26:14   encoding 1/1 lotes (0 s)
15:26:14   encoding 1/1 lotes (0 s)
15:26:14   encoding 1/1 lotes (0 s)
15:26:14   encoding 1/1 lotes (0 s)
15:26:14   encoding 1/1 lotes (0 s)
15:26:14   encoding 1/1 lotes (0 s)
15:26:15   encoding 1/1 lotes (0 s)
15:26:15   encoding 1/1 lotes (0 s)
15:26:15   encoding 1/1 lotes (0 s)
15:26:15   encoding 1/1 lotes (0 s)
15:26:15   encoding 1/1 lotes (0 s)
15:26:15   encoding 1/1 lotes (0 s)
15:26:15   encoding 1/1 lotes (0 s)
15:26:15   encoding 1/1 lotes (0 s)
15:26:15   encoding 1/1 lotes (0 s)
15:26:15   encoding 1/1 lotes (0 s)
15:26:15 25/50 ítems (0.18 s/ítem)
15:26:15   encoding 1/1 lotes (0 s)
15:26:15   encoding 1/1 lotes (0 s)
15:26:15   encoding 1/1 lotes (0 s)
15:26:15   encoding 1/1 lotes (0 s)
15:26:15   encoding 1/1 lotes (0 s)
15:26:15   encoding 1/1 lotes (0 s)
15:26:15   encoding 1/1 lotes (0 s)
15:26:15   encoding 1/1 lotes (0 s)
15:26:15   encoding 1/1 lotes (0 s)
15:26:16   encoding 1/1 lotes (0 s)
15:26:16   encoding 1/1 lotes (0 s)
15:26:16   encoding 1/1 lotes (0 s)
15:26:16   encoding 1/1 lotes (0 s)
15:26:16   encoding 1/1 lotes (0 s)
15:26:16   encoding 1/1 lotes (0 s)
15:26:16   encoding 1/1 lotes (0 s)
15:26:16   encoding 1/1 lotes (0 s)
15:26:16   encoding 1/1 lotes (0 s)
15:26:16   encoding 1/1 lotes (0 s)
15:26:16   encoding 1/1 lotes (0 s)
15:26:16   encoding 1/1 lotes (0 s)
15:26:16   encoding 1/1 lotes (0 s)
15:26:16   encoding 1/1 lotes (0 s)
15:26:16   encoding 1/1 lotes (0 s)
15:26:16   encoding 1/1 lotes (0 s)
15:26:16 50/50 ítems (0.11 s/ítem)
15:26:16 recuperación de 50 ítems (0 con error) en 6 s -> data/recuperacion/sample_50_sin_reranker.jsonl
15:26:22 Loading faiss with AVX512 support.
15:26:22 Could not load library with AVX512 support due to:
ModuleNotFoundError("No module named 'faiss.swigfaiss_avx512'")
15:26:22 Loading faiss with AVX2 support.
15:26:22 Could not load library with AVX2 support due to:
ModuleNotFoundError("No module named 'faiss.swigfaiss_avx2'")
15:26:22 Loading faiss.
15:26:22 Successfully loaded faiss.
15:26:56 reranker BAAI/bge-reranker-v2-m3@953dc6f6 en cuda
15:26:58   encoding 1/1 lotes (2 s)
15:26:59   encoding 1/1 lotes (0 s)
15:26:59   encoding 1/1 lotes (0 s)
15:26:59   encoding 1/1 lotes (0 s)
15:27:00   encoding 1/1 lotes (0 s)
15:27:00   encoding 1/1 lotes (0 s)
15:27:01   encoding 1/1 lotes (0 s)
15:27:01   encoding 1/1 lotes (0 s)
15:27:02   encoding 1/1 lotes (0 s)
15:27:02   encoding 1/1 lotes (0 s)
15:27:03   encoding 1/1 lotes (0 s)
15:27:03   encoding 1/1 lotes (0 s)
15:27:04   encoding 1/1 lotes (0 s)
15:27:04   encoding 1/1 lotes (0 s)
15:27:05   encoding 1/1 lotes (0 s)
15:27:05   encoding 1/1 lotes (0 s)
15:27:05   encoding 1/1 lotes (0 s)
15:27:06   encoding 1/1 lotes (0 s)
15:27:06   encoding 1/1 lotes (0 s)
15:27:07   encoding 1/1 lotes (0 s)
15:27:07   encoding 1/1 lotes (0 s)
15:27:07   encoding 1/1 lotes (0 s)
15:27:08   encoding 1/1 lotes (0 s)
15:27:08   encoding 1/1 lotes (0 s)
15:27:08   encoding 1/1 lotes (0 s)
15:27:09 25/50 ítems (0.50 s/ítem)
15:27:09   encoding 1/1 lotes (0 s)
15:27:09   encoding 1/1 lotes (0 s)
15:27:10   encoding 1/1 lotes (0 s)
15:27:10   encoding 1/1 lotes (0 s)
15:27:10   encoding 1/1 lotes (0 s)
15:27:11   encoding 1/1 lotes (0 s)
15:27:11   encoding 1/1 lotes (0 s)
15:27:11   encoding 1/1 lotes (0 s)
15:27:12   encoding 1/1 lotes (0 s)
15:27:12   encoding 1/1 lotes (0 s)
15:27:12   encoding 1/1 lotes (0 s)
15:27:13   encoding 1/1 lotes (0 s)
15:27:13   encoding 1/1 lotes (0 s)
15:27:14   encoding 1/1 lotes (0 s)
15:27:14   encoding 1/1 lotes (0 s)
15:27:14   encoding 1/1 lotes (0 s)
15:27:15   encoding 1/1 lotes (0 s)
15:27:15   encoding 1/1 lotes (0 s)
15:27:16   encoding 1/1 lotes (0 s)
15:27:16   encoding 1/1 lotes (0 s)
15:27:16   encoding 1/1 lotes (0 s)
15:27:17   encoding 1/1 lotes (0 s)
15:27:17   encoding 1/1 lotes (0 s)
15:27:17   encoding 1/1 lotes (0 s)
15:27:18   encoding 1/1 lotes (0 s)
15:27:18 50/50 ítems (0.44 s/ítem)
15:27:18 recuperación de 50 ítems (0 con error) en 22 s -> data/recuperacion/sample_50_sin_directos.jsonl
15:27:24 Loading faiss with AVX512 support.
15:27:24 Could not load library with AVX512 support due to:
ModuleNotFoundError("No module named 'faiss.swigfaiss_avx512'")
15:27:24 Loading faiss with AVX2 support.
15:27:24 Could not load library with AVX2 support due to:
ModuleNotFoundError("No module named 'faiss.swigfaiss_avx2'")
15:27:24 Loading faiss.
15:27:24 Successfully loaded faiss.
15:27:59 reranker BAAI/bge-reranker-v2-m3@953dc6f6 en cuda
15:28:01   encoding 1/1 lotes (2 s)
15:28:01   encoding 1/1 lotes (0 s)
15:28:02   encoding 1/1 lotes (0 s)
15:28:02   encoding 1/1 lotes (0 s)
15:28:03   encoding 1/1 lotes (0 s)
15:28:03   encoding 1/1 lotes (0 s)
15:28:04   encoding 1/1 lotes (0 s)
15:28:04   encoding 1/1 lotes (0 s)
15:28:05   encoding 1/1 lotes (0 s)
15:28:05   encoding 1/1 lotes (0 s)
15:28:05   encoding 1/1 lotes (0 s)
15:28:06   encoding 1/1 lotes (0 s)
15:28:06   encoding 1/1 lotes (0 s)
15:28:07   encoding 1/1 lotes (0 s)
15:28:07   encoding 1/1 lotes (0 s)
15:28:08   encoding 1/1 lotes (0 s)
15:28:08   encoding 1/1 lotes (0 s)
15:28:09   encoding 1/1 lotes (0 s)
15:28:09   encoding 1/1 lotes (0 s)
15:28:09   encoding 1/1 lotes (0 s)
15:28:10   encoding 1/1 lotes (0 s)
15:28:10   encoding 1/1 lotes (0 s)
15:28:10   encoding 1/1 lotes (0 s)
15:28:11   encoding 1/1 lotes (0 s)
15:28:11   encoding 1/1 lotes (0 s)
15:28:12 25/50 ítems (0.50 s/ítem)
15:28:12   encoding 1/1 lotes (0 s)
15:28:12   encoding 1/1 lotes (0 s)
15:28:12   encoding 1/1 lotes (0 s)
15:28:13   encoding 1/1 lotes (0 s)
15:28:13   encoding 1/1 lotes (0 s)
15:28:13   encoding 1/1 lotes (0 s)
15:28:14   encoding 1/1 lotes (0 s)
15:28:14   encoding 1/1 lotes (0 s)
15:28:15   encoding 1/1 lotes (0 s)
15:28:15   encoding 1/1 lotes (0 s)
15:28:15   encoding 1/1 lotes (0 s)
15:28:16   encoding 1/1 lotes (0 s)
15:28:16   encoding 1/1 lotes (0 s)
15:28:16   encoding 1/1 lotes (0 s)
15:28:17   encoding 1/1 lotes (0 s)
15:28:17   encoding 1/1 lotes (0 s)
15:28:18   encoding 1/1 lotes (0 s)
15:28:18   encoding 1/1 lotes (0 s)
15:28:18   encoding 1/1 lotes (0 s)
15:28:19   encoding 1/1 lotes (0 s)
15:28:19   encoding 1/1 lotes (0 s)
15:28:19   encoding 1/1 lotes (0 s)
15:28:20   encoding 1/1 lotes (0 s)
15:28:20   encoding 1/1 lotes (0 s)
15:28:21   encoding 1/1 lotes (0 s)
15:28:21 50/50 ítems (0.44 s/ítem)
15:28:21 recuperación de 50 ítems (0 con error) en 22 s -> data/recuperacion/sample_50_sin_alias.jsonl
15:28:27 Loading faiss with AVX512 support.
15:28:27 Could not load library with AVX512 support due to:
ModuleNotFoundError("No module named 'faiss.swigfaiss_avx512'")
15:28:27 Loading faiss with AVX2 support.
15:28:27 Could not load library with AVX2 support due to:
ModuleNotFoundError("No module named 'faiss.swigfaiss_avx2'")
15:28:27 Loading faiss.
15:28:27 Successfully loaded faiss.
15:29:02 reranker BAAI/bge-reranker-v2-m3@953dc6f6 en cuda
15:29:03   encoding 1/1 lotes (2 s)
15:29:04   encoding 1/1 lotes (0 s)
15:29:04   encoding 1/1 lotes (0 s)
15:29:05   encoding 1/1 lotes (0 s)
15:29:05   encoding 1/1 lotes (0 s)
15:29:06   encoding 1/1 lotes (0 s)
15:29:06   encoding 1/1 lotes (0 s)
15:29:07   encoding 1/1 lotes (0 s)
15:29:07   encoding 1/1 lotes (0 s)
15:29:07   encoding 1/1 lotes (0 s)
15:29:08   encoding 1/1 lotes (0 s)
15:29:08   encoding 1/1 lotes (0 s)
15:29:09   encoding 1/1 lotes (0 s)
15:29:09   encoding 1/1 lotes (0 s)
15:29:09   encoding 1/1 lotes (0 s)
15:29:10   encoding 1/1 lotes (0 s)
15:29:10   encoding 1/1 lotes (0 s)
15:29:11   encoding 1/1 lotes (0 s)
15:29:11   encoding 1/1 lotes (0 s)
15:29:11   encoding 1/1 lotes (0 s)
15:29:12   encoding 1/1 lotes (0 s)
15:29:12   encoding 1/1 lotes (0 s)
15:29:12   encoding 1/1 lotes (0 s)
15:29:13   encoding 1/1 lotes (0 s)
15:29:13   encoding 1/1 lotes (0 s)
15:29:13 25/50 ítems (0.47 s/ítem)
15:29:13   encoding 1/1 lotes (0 s)
15:29:14   encoding 1/1 lotes (0 s)
15:29:14   encoding 1/1 lotes (0 s)
15:29:14   encoding 1/1 lotes (0 s)
15:29:15   encoding 1/1 lotes (0 s)
15:29:15   encoding 1/1 lotes (0 s)
15:29:15   encoding 1/1 lotes (0 s)
15:29:16   encoding 1/1 lotes (0 s)
15:29:16   encoding 1/1 lotes (0 s)
15:29:16   encoding 1/1 lotes (0 s)
15:29:17   encoding 1/1 lotes (0 s)
15:29:17   encoding 1/1 lotes (0 s)
15:29:17   encoding 1/1 lotes (0 s)
15:29:18   encoding 1/1 lotes (0 s)
15:29:18   encoding 1/1 lotes (0 s)
15:29:18   encoding 1/1 lotes (0 s)
15:29:19   encoding 1/1 lotes (0 s)
15:29:19   encoding 1/1 lotes (0 s)
15:29:19   encoding 1/1 lotes (0 s)
15:29:20   encoding 1/1 lotes (0 s)
15:29:20   encoding 1/1 lotes (0 s)
15:29:21   encoding 1/1 lotes (0 s)
15:29:21   encoding 1/1 lotes (0 s)
15:29:21   encoding 1/1 lotes (0 s)
15:29:22   encoding 1/1 lotes (0 s)
15:29:22 50/50 ítems (0.41 s/ítem)
15:29:22 recuperación de 50 ítems (0 con error) en 21 s -> data/recuperacion/sample_50_con_area.jsonl
15:29:28 Loading faiss with AVX512 support.
15:29:28 Could not load library with AVX512 support due to:
ModuleNotFoundError("No module named 'faiss.swigfaiss_avx512'")
15:29:28 Loading faiss with AVX2 support.
15:29:28 Could not load library with AVX2 support due to:
ModuleNotFoundError("No module named 'faiss.swigfaiss_avx2'")
15:29:28 Loading faiss.
15:29:28 Successfully loaded faiss.
15:30:03 reranker BAAI/bge-reranker-v2-m3@953dc6f6 en cuda
15:30:04   encoding 1/1 lotes (2 s)
15:30:05   encoding 1/1 lotes (0 s)
15:30:05   encoding 1/1 lotes (0 s)
15:30:06   encoding 1/1 lotes (0 s)
15:30:06   encoding 1/1 lotes (0 s)
15:30:07   encoding 1/1 lotes (0 s)
15:30:07   encoding 1/1 lotes (0 s)
15:30:08   encoding 1/1 lotes (0 s)
15:30:08   encoding 1/1 lotes (0 s)
15:30:09   encoding 1/1 lotes (0 s)
15:30:09   encoding 1/1 lotes (0 s)
15:30:10   encoding 1/1 lotes (0 s)
15:30:10   encoding 1/1 lotes (0 s)
15:30:11   encoding 1/1 lotes (0 s)
15:30:11   encoding 1/1 lotes (0 s)
15:30:11   encoding 1/1 lotes (0 s)
15:30:12   encoding 1/1 lotes (0 s)
15:30:12   encoding 1/1 lotes (0 s)
15:30:13   encoding 1/1 lotes (0 s)
15:30:13   encoding 1/1 lotes (0 s)
15:30:13   encoding 1/1 lotes (0 s)
15:30:14   encoding 1/1 lotes (0 s)
15:30:14   encoding 1/1 lotes (0 s)
15:30:14   encoding 1/1 lotes (0 s)
15:30:15   encoding 1/1 lotes (0 s)
15:30:15 25/50 ítems (0.50 s/ítem)
15:30:15   encoding 1/1 lotes (0 s)
15:30:16   encoding 1/1 lotes (0 s)
15:30:16   encoding 1/1 lotes (0 s)
15:30:16   encoding 1/1 lotes (0 s)
15:30:17   encoding 1/1 lotes (0 s)
15:30:17   encoding 1/1 lotes (0 s)
15:30:17   encoding 1/1 lotes (0 s)
15:30:18   encoding 1/1 lotes (0 s)
15:30:18   encoding 1/1 lotes (0 s)
15:30:19   encoding 1/1 lotes (0 s)
15:30:19   encoding 1/1 lotes (0 s)
15:30:19   encoding 1/1 lotes (0 s)
15:30:20   encoding 1/1 lotes (0 s)
15:30:20   encoding 1/1 lotes (0 s)
15:30:20   encoding 1/1 lotes (0 s)
15:30:21   encoding 1/1 lotes (0 s)
15:30:21   encoding 1/1 lotes (0 s)
15:30:22   encoding 1/1 lotes (0 s)
15:30:22   encoding 1/1 lotes (0 s)
15:30:22   encoding 1/1 lotes (0 s)
15:30:23   encoding 1/1 lotes (0 s)
15:30:23   encoding 1/1 lotes (0 s)
15:30:24   encoding 1/1 lotes (0 s)
15:30:24   encoding 1/1 lotes (0 s)
15:30:24   encoding 1/1 lotes (0 s)
15:30:25 50/50 ítems (0.44 s/ítem)
15:30:25 recuperación de 50 ítems (0 con error) en 22 s -> data/recuperacion/sample_50_sin_diversidad.jsonl
15:30:30 Loading faiss with AVX512 support.
15:30:30 Could not load library with AVX512 support due to:
ModuleNotFoundError("No module named 'faiss.swigfaiss_avx512'")
15:30:30 Loading faiss with AVX2 support.
15:30:30 Could not load library with AVX2 support due to:
ModuleNotFoundError("No module named 'faiss.swigfaiss_avx2'")
15:30:30 Loading faiss.
15:30:31 Successfully loaded faiss.
15:31:05 reranker BAAI/bge-reranker-v2-m3@953dc6f6 en cuda
15:31:07   encoding 1/1 lotes (2 s)
15:31:07   encoding 1/1 lotes (0 s)
15:31:08   encoding 1/1 lotes (0 s)
15:31:08   encoding 1/1 lotes (0 s)
15:31:09   encoding 1/1 lotes (0 s)
15:31:09   encoding 1/1 lotes (0 s)
15:31:10   encoding 1/1 lotes (0 s)
15:31:10   encoding 1/1 lotes (0 s)
15:31:11   encoding 1/1 lotes (0 s)
15:31:11   encoding 1/1 lotes (0 s)
15:31:11   encoding 1/1 lotes (0 s)
15:31:12   encoding 1/1 lotes (0 s)
15:31:12   encoding 1/1 lotes (0 s)
15:31:13   encoding 1/1 lotes (0 s)
15:31:13   encoding 1/1 lotes (0 s)
15:31:14   encoding 1/1 lotes (0 s)
15:31:14   encoding 1/1 lotes (0 s)
15:31:15   encoding 1/1 lotes (0 s)
15:31:15   encoding 1/1 lotes (0 s)
15:31:15   encoding 1/1 lotes (0 s)
15:31:16   encoding 1/1 lotes (0 s)
15:31:16   encoding 1/1 lotes (0 s)
15:31:16   encoding 1/1 lotes (0 s)
15:31:17   encoding 1/1 lotes (0 s)
15:31:17   encoding 1/1 lotes (0 s)
15:31:18 25/50 ítems (0.50 s/ítem)
15:31:18   encoding 1/1 lotes (0 s)
15:31:18   encoding 1/1 lotes (0 s)
15:31:18   encoding 1/1 lotes (0 s)
15:31:19   encoding 1/1 lotes (0 s)
15:31:19   encoding 1/1 lotes (0 s)
15:31:19   encoding 1/1 lotes (0 s)
15:31:20   encoding 1/1 lotes (0 s)
15:31:20   encoding 1/1 lotes (0 s)
15:31:21   encoding 1/1 lotes (0 s)
15:31:21   encoding 1/1 lotes (0 s)
15:31:21   encoding 1/1 lotes (0 s)
15:31:22   encoding 1/1 lotes (0 s)
15:31:22   encoding 1/1 lotes (0 s)
15:31:22   encoding 1/1 lotes (0 s)
15:31:23   encoding 1/1 lotes (0 s)
15:31:23   encoding 1/1 lotes (0 s)
15:31:24   encoding 1/1 lotes (0 s)
15:31:24   encoding 1/1 lotes (0 s)
15:31:24   encoding 1/1 lotes (0 s)
15:31:25   encoding 1/1 lotes (0 s)
15:31:25   encoding 1/1 lotes (0 s)
15:31:26   encoding 1/1 lotes (0 s)
15:31:26   encoding 1/1 lotes (0 s)
15:31:26   encoding 1/1 lotes (0 s)
15:31:27   encoding 1/1 lotes (0 s)
15:31:27 50/50 ítems (0.44 s/ítem)
15:31:27 recuperación de 50 ítems (0 con error) en 22 s -> data/recuperacion/sample_50_sin_garantia_opciones.jsonl
15:31:33 Loading faiss with AVX512 support.
15:31:33 Could not load library with AVX512 support due to:
ModuleNotFoundError("No module named 'faiss.swigfaiss_avx512'")
15:31:33 Loading faiss with AVX2 support.
15:31:33 Could not load library with AVX2 support due to:
ModuleNotFoundError("No module named 'faiss.swigfaiss_avx2'")
15:31:33 Loading faiss.
15:31:33 Successfully loaded faiss.
15:32:08 reranker BAAI/bge-reranker-v2-m3@953dc6f6 en cuda
15:32:10   encoding 1/1 lotes (2 s)
15:32:10   encoding 1/1 lotes (0 s)
15:32:11   encoding 1/1 lotes (0 s)
15:32:11   encoding 1/1 lotes (0 s)
15:32:12   encoding 1/1 lotes (0 s)
15:32:12   encoding 1/1 lotes (0 s)
15:32:12   encoding 1/1 lotes (0 s)
15:32:13   encoding 1/1 lotes (0 s)
15:32:13   encoding 1/1 lotes (0 s)
15:32:14   encoding 1/1 lotes (0 s)
15:32:14   encoding 1/1 lotes (0 s)
15:32:15   encoding 1/1 lotes (0 s)
15:32:15   encoding 1/1 lotes (0 s)
15:32:16   encoding 1/1 lotes (0 s)
15:32:16   encoding 1/1 lotes (0 s)
15:32:17   encoding 1/1 lotes (0 s)
15:32:17   encoding 1/1 lotes (0 s)
15:32:17   encoding 1/1 lotes (0 s)
15:32:18   encoding 1/1 lotes (0 s)
15:32:18   encoding 1/1 lotes (0 s)
15:32:19   encoding 1/1 lotes (0 s)
15:32:19   encoding 1/1 lotes (0 s)
15:32:19   encoding 1/1 lotes (0 s)
15:32:20   encoding 1/1 lotes (0 s)
15:32:20   encoding 1/1 lotes (0 s)
15:32:20 25/50 ítems (0.50 s/ítem)
15:32:20   encoding 1/1 lotes (0 s)
15:32:21   encoding 1/1 lotes (0 s)
15:32:21   encoding 1/1 lotes (0 s)
15:32:22   encoding 1/1 lotes (0 s)
15:32:22   encoding 1/1 lotes (0 s)
15:32:22   encoding 1/1 lotes (0 s)
15:32:23   encoding 1/1 lotes (0 s)
15:32:23   encoding 1/1 lotes (0 s)
15:32:23   encoding 1/1 lotes (0 s)
15:32:24   encoding 1/1 lotes (0 s)
15:32:24   encoding 1/1 lotes (0 s)
15:32:25   encoding 1/1 lotes (0 s)
15:32:25   encoding 1/1 lotes (0 s)
15:32:25   encoding 1/1 lotes (0 s)
15:32:26   encoding 1/1 lotes (0 s)
15:32:26   encoding 1/1 lotes (0 s)
15:32:26   encoding 1/1 lotes (0 s)
15:32:27   encoding 1/1 lotes (0 s)
15:32:27   encoding 1/1 lotes (0 s)
15:32:28   encoding 1/1 lotes (0 s)
15:32:28   encoding 1/1 lotes (0 s)
15:32:28   encoding 1/1 lotes (0 s)
15:32:29   encoding 1/1 lotes (0 s)
15:32:29   encoding 1/1 lotes (0 s)
15:32:29   encoding 1/1 lotes (0 s)
15:32:30 50/50 ítems (0.44 s/ítem)
15:32:30 recuperación de 50 ítems (0 con error) en 22 s -> data/recuperacion/sample_50_con_copias.jsonl
15:32:35 Loading faiss with AVX512 support.
15:32:35 Could not load library with AVX512 support due to:
ModuleNotFoundError("No module named 'faiss.swigfaiss_avx512'")
15:32:35 Loading faiss with AVX2 support.
15:32:35 Could not load library with AVX2 support due to:
ModuleNotFoundError("No module named 'faiss.swigfaiss_avx2'")
15:32:35 Loading faiss.
15:32:35 Successfully loaded faiss.
15:33:05 reranker BAAI/bge-reranker-v2-m3@953dc6f6 en cuda
15:33:06   encoding 1/1 lotes (1 s)
15:33:07   encoding 1/1 lotes (0 s)
15:33:07   encoding 1/1 lotes (0 s)
15:33:07   encoding 1/1 lotes (0 s)
15:33:08   encoding 1/1 lotes (0 s)
15:33:08   encoding 1/1 lotes (0 s)
15:33:09   encoding 1/1 lotes (0 s)
15:33:09   encoding 1/1 lotes (0 s)
15:33:10   encoding 1/1 lotes (0 s)
15:33:10   encoding 1/1 lotes (0 s)
15:33:11   encoding 1/1 lotes (0 s)
15:33:11   encoding 1/1 lotes (0 s)
15:33:12   encoding 1/1 lotes (0 s)
15:33:12   encoding 1/1 lotes (0 s)
15:33:13   encoding 1/1 lotes (0 s)
15:33:13   encoding 1/1 lotes (0 s)
15:33:13   encoding 1/1 lotes (0 s)
15:33:14   encoding 1/1 lotes (0 s)
15:33:14   encoding 1/1 lotes (0 s)
15:33:14   encoding 1/1 lotes (0 s)
15:33:15   encoding 1/1 lotes (0 s)
15:33:15   encoding 1/1 lotes (0 s)
15:33:16   encoding 1/1 lotes (0 s)
15:33:16   encoding 1/1 lotes (0 s)
15:33:16   encoding 1/1 lotes (0 s)
15:33:17 25/50 ítems (0.48 s/ítem)
15:33:17   encoding 1/1 lotes (0 s)
15:33:17   encoding 1/1 lotes (0 s)
15:33:18   encoding 1/1 lotes (0 s)
15:33:18   encoding 1/1 lotes (0 s)
15:33:18   encoding 1/1 lotes (0 s)
15:33:19   encoding 1/1 lotes (0 s)
15:33:19   encoding 1/1 lotes (0 s)
15:33:19   encoding 1/1 lotes (0 s)
15:33:20   encoding 1/1 lotes (0 s)
15:33:20   encoding 1/1 lotes (0 s)
15:33:20   encoding 1/1 lotes (0 s)
15:33:21   encoding 1/1 lotes (0 s)
15:33:21   encoding 1/1 lotes (0 s)
15:33:22   encoding 1/1 lotes (0 s)
15:33:22   encoding 1/1 lotes (0 s)
15:33:22   encoding 1/1 lotes (0 s)
15:33:23   encoding 1/1 lotes (0 s)
15:33:23   encoding 1/1 lotes (0 s)
15:33:24   encoding 1/1 lotes (0 s)
15:33:24   encoding 1/1 lotes (0 s)
15:33:24   encoding 1/1 lotes (0 s)
15:33:25   encoding 1/1 lotes (0 s)
15:33:25   encoding 1/1 lotes (0 s)
15:33:25   encoding 1/1 lotes (0 s)
15:33:26   encoding 1/1 lotes (0 s)
15:33:26 50/50 ítems (0.43 s/ítem)
15:33:26 recuperación de 50 ítems (0 con error) en 21 s -> data/recuperacion/sample_50_sin_tope_sentencias.jsonl
== 3/4 métricas contra el legal_basis (solo para evaluar) y línea base de la fase 5
RESULTADO sample_50              n=21 cuerpo@10 0.6429  articulo@10 0.2857  hit_doc@10 0.3333  normas@10 8.7143  opciones@8 0.8889  copias@10 0.0  sentencias@8 0.4762  s/ítem 0.489
RESULTADO sample_50_sin_reranker n=21 cuerpo@10 0.7857  articulo@10 0.2738  hit_doc@10 0.2381  normas@10 8.8095  opciones@8 0.8889  copias@10 0.0  sentencias@8 0.2381  s/ítem 0.1726
RESULTADO sample_50_sin_directos n=21 cuerpo@10 0.6429  articulo@10 0.2857  hit_doc@10 0.2857  normas@10 8.7143  opciones@8 0.8889  copias@10 0.0  sentencias@8 0.4762  s/ítem 0.4969
RESULTADO sample_50_sin_alias    n=21 cuerpo@10 0.6429  articulo@10 0.2857  hit_doc@10 0.2857  normas@10 8.7143  opciones@8 0.8889  copias@10 0.0  sentencias@8 0.4762  s/ítem 0.4969
RESULTADO sample_50_con_area     n=21 cuerpo@10 0.8333  articulo@10 0.2857  hit_doc@10 0.381  normas@10 8.5238  opciones@8 1.0  copias@10 0.0  sentencias@8 0.3333  s/ítem 0.4737
RESULTADO sample_50_sin_diversidad n=21 cuerpo@10 0.6905  articulo@10 0.3571  hit_doc@10 0.3333  normas@10 8.2857  opciones@8 0.8889  copias@10 0.0  sentencias@8 0.4762  s/ítem 0.4988
RESULTADO sample_50_sin_garantia_opciones n=21 cuerpo@10 0.6429  articulo@10 0.2857  hit_doc@10 0.3333  normas@10 8.6667  opciones@8 0.3056  copias@10 0.0  sentencias@8 0.5714  s/ítem 0.5015
RESULTADO sample_50_con_copias   n=21 cuerpo@10 0.6429  articulo@10 0.2857  hit_doc@10 0.3333  normas@10 8.7143  opciones@8 0.8889  copias@10 0.0  sentencias@8 0.4762  s/ítem 0.4918
RESULTADO sample_50_sin_tope_sentencias n=21 cuerpo@10 0.6429  articulo@10 0.2857  hit_doc@10 0.3333  normas@10 8.7143  opciones@8 0.8889  copias@10 0.0  sentencias@8 0.4762  s/ítem 0.4728
BASE fase 5 bm25   cuerpo@10 0.6905  articulo@10 0.25  (cuerpo@50 0.9762)
BASE fase 5 denso  cuerpo@10 0.5952  articulo@10 0.3571  (cuerpo@50 0.7857)
BASE fase 5 rrf    cuerpo@10 0.7381  articulo@10 0.3452  (cuerpo@50 0.881)
detalle en data/recuperacion/ablaciones.json
== 4/4 resumen
total 11M
-rw-r--r-- 1 s.montoya112 ing_sistemas  63K Oct  2 15:33 ablaciones.json
-rw-r--r-- 1 s.montoya112 ing_sistemas  16K Oct  1 18:09 ablaciones_sin_area_sin_reranker.json
-rw-r--r-- 1 s.montoya112 ing_sistemas  754 Oct  2 15:29 sample_50_con_area.config.json
-rw-r--r-- 1 s.montoya112 ing_sistemas 814K Oct  2 15:29 sample_50_con_area.jsonl
-rw-r--r-- 1 s.montoya112 ing_sistemas  756 Oct  2 15:32 sample_50_con_copias.config.json
-rw-r--r-- 1 s.montoya112 ing_sistemas 822K Oct  2 15:32 sample_50_con_copias.jsonl
-rw-r--r-- 1 s.montoya112 ing_sistemas  755 Oct  2 15:25 sample_50.config.json
-rw-r--r-- 1 s.montoya112 ing_sistemas 822K Oct  2 15:25 sample_50.jsonl
-rw-r--r-- 1 s.montoya112 ing_sistemas  673 Oct  2 14:46 sample_50_max2.config.json
-rw-r--r-- 1 s.montoya112 ing_sistemas 813K Oct  2 14:46 sample_50_max2.jsonl
-rw-r--r-- 1 s.montoya112 ing_sistemas  673 Oct  2 14:46 sample_50_max3.config.json
-rw-r--r-- 1 s.montoya112 ing_sistemas 812K Oct  2 14:46 sample_50_max3.jsonl
-rw-r--r-- 1 s.montoya112 ing_sistemas  756 Oct  2 15:28 sample_50_sin_alias.config.json
-rw-r--r-- 1 s.montoya112 ing_sistemas 820K Oct  2 15:28 sample_50_sin_alias.jsonl
-rw-r--r-- 1 s.montoya112 ing_sistemas  648 Oct  1 18:09 sample_50_sin_area.config.json
-rw-r--r-- 1 s.montoya112 ing_sistemas 809K Oct  1 18:09 sample_50_sin_area.jsonl
-rw-r--r-- 1 s.montoya112 ing_sistemas  590 Oct  1 18:09 sample_50_sin_area_sin_reranker.config.json
-rw-r--r-- 1 s.montoya112 ing_sistemas 766K Oct  1 18:09 sample_50_sin_area_sin_reranker.jsonl
-rw-r--r-- 1 s.montoya112 ing_sistemas  756 Oct  2 15:27 sample_50_sin_directos.config.json
-rw-r--r-- 1 s.montoya112 ing_sistemas 823K Oct  2 15:27 sample_50_sin_directos.jsonl
-rw-r--r-- 1 s.montoya112 ing_sistemas  755 Oct  2 15:30 sample_50_sin_diversidad.config.json
-rw-r--r-- 1 s.montoya112 ing_sistemas 825K Oct  2 15:30 sample_50_sin_diversidad.jsonl
-rw-r--r-- 1 s.montoya112 ing_sistemas  756 Oct  2 15:31 sample_50_sin_garantia_opciones.config.json
-rw-r--r-- 1 s.montoya112 ing_sistemas 821K Oct  2 15:31 sample_50_sin_garantia_opciones.jsonl
-rw-r--r-- 1 s.montoya112 ing_sistemas  697 Oct  2 15:26 sample_50_sin_reranker.config.json
-rw-r--r-- 1 s.montoya112 ing_sistemas 794K Oct  2 15:26 sample_50_sin_reranker.jsonl
-rw-r--r-- 1 s.montoya112 ing_sistemas  755 Oct  2 15:33 sample_50_sin_tope_sentencias.config.json
-rw-r--r-- 1 s.montoya112 ing_sistemas 822K Oct  2 15:33 sample_50_sin_tope_sentencias.jsonl
  RESULTADO sample_50              n=21 cuerpo@10 0.6429  articulo@10 0.2857  hit_doc@10 0.3333  normas@10 8.7143  opciones@8 0.8889  copias@10 0.0  sentencias@8 0.4762  s/ítem 0.489
  RESULTADO sample_50_sin_reranker n=21 cuerpo@10 0.7857  articulo@10 0.2738  hit_doc@10 0.2381  normas@10 8.8095  opciones@8 0.8889  copias@10 0.0  sentencias@8 0.2381  s/ítem 0.1726
  RESULTADO sample_50_sin_directos n=21 cuerpo@10 0.6429  articulo@10 0.2857  hit_doc@10 0.2857  normas@10 8.7143  opciones@8 0.8889  copias@10 0.0  sentencias@8 0.4762  s/ítem 0.4969
  RESULTADO sample_50_sin_alias    n=21 cuerpo@10 0.6429  articulo@10 0.2857  hit_doc@10 0.2857  normas@10 8.7143  opciones@8 0.8889  copias@10 0.0  sentencias@8 0.4762  s/ítem 0.4969
  RESULTADO sample_50_con_area     n=21 cuerpo@10 0.8333  articulo@10 0.2857  hit_doc@10 0.381  normas@10 8.5238  opciones@8 1.0  copias@10 0.0  sentencias@8 0.3333  s/ítem 0.4737
  RESULTADO sample_50_sin_diversidad n=21 cuerpo@10 0.6905  articulo@10 0.3571  hit_doc@10 0.3333  normas@10 8.2857  opciones@8 0.8889  copias@10 0.0  sentencias@8 0.4762  s/ítem 0.4988
  RESULTADO sample_50_sin_garantia_opciones n=21 cuerpo@10 0.6429  articulo@10 0.2857  hit_doc@10 0.3333  normas@10 8.6667  opciones@8 0.3056  copias@10 0.0  sentencias@8 0.5714  s/ítem 0.5015
  RESULTADO sample_50_con_copias   n=21 cuerpo@10 0.6429  articulo@10 0.2857  hit_doc@10 0.3333  normas@10 8.7143  opciones@8 0.8889  copias@10 0.0  sentencias@8 0.4762  s/ítem 0.4918
  RESULTADO sample_50_sin_tope_sentencias n=21 cuerpo@10 0.6429  articulo@10 0.2857  hit_doc@10 0.3333  normas@10 8.7143  opciones@8 0.8889  copias@10 0.0  sentencias@8 0.4762  s/ítem 0.4728
  BASE fase 5 bm25   cuerpo@10 0.6905  articulo@10 0.25  (cuerpo@50 0.9762)
  BASE fase 5 denso  cuerpo@10 0.5952  articulo@10 0.3571  (cuerpo@50 0.7857)
  BASE fase 5 rrf    cuerpo@10 0.7381  articulo@10 0.3452  (cuerpo@50 0.881)
== fin: [recuperar] Terminó OK · 2026-10-02 15:33:40
