22:37:54 ERROR decreto_2153_1992-2: HTTP 404 en http://www.secretariasenado.gov.co/senado/basedoc/decreto/1992/decreto_2153_1992.html
22:40:06 ERROR norma: Agotados los reintentos para https://www.funcionpublica.gov.co/eva/gestornormativo/norma.php?i=41249: ConnectError: [SSL: CERTIFICATE_VERIFY_FAILED] certificate verify failed: unable to get local issuer certificate (_ssl.c:1010)
22:40:36 ERROR ley_599_2000-3: HTTP 404 en http://www.secretariasenado.gov.co/senado/basedoc/ley/2000/ley_0599_2000.html
22:50:01 ERROR ley_222_1995-2: HTTP 404 en http://www.secretariasenado.gov.co/senado/basedoc/ley/1995/ley_0222_1995.html
22:51:42 ERROR norma-2: Agotados los reintentos para https://www.funcionpublica.gov.co/eva/gestornormativo/norma.php?i=329: ConnectError: [SSL: CERTIFICATE_VERIFY_FAILED] certificate verify failed: unable to get local issuer certificate (_ssl.c:1010)
22:52:00 ERROR ley_248_1995_pd: HTTP 404 en https://www.defensoria.gov.co/public/Normograma%202013_html/Normas/Ley_248_1995.pd
22:55:28 ERROR sentencia_c-475_1997: Agotados los reintentos para http://www.corteconstitucional.gov.co/relatoria/1997/C-475-97.htm: RemoteProtocolError: Server disconnected without sending a response.
22:58:19 ERROR sentencia_su-257_1997: Agotados los reintentos para http://www.corteconstitucional.gov.co/relatoria/1997/SU257-97.htm: RemoteProtocolError: Server disconnected without sending a response.
23:01:07 ERROR sentencia_su-642_1998: Agotados los reintentos para http://www.corteconstitucional.gov.co/relatoria/1998/SU642-98.htm: RemoteProtocolError: Server disconnected without sending a response.
23:03:57 ERROR sentencia_su-337_1999: Agotados los reintentos para http://www.corteconstitucional.gov.co/relatoria/1999/SU337-99.htm: RemoteProtocolError: Server disconnected without sending a response.
23:06:46 ERROR sentencia_c-1110_2000: Agotados los reintentos para http://www.corteconstitucional.gov.co/relatoria/2000/C-1110-00.htm: RemoteProtocolError: Server disconnected without sending a response.
23:09:34 ERROR sentencia_c-1064_2001: Agotados los reintentos para http://www.corteconstitucional.gov.co/relatoria/2001/C-1064-01.htm: RemoteProtocolError: Server disconnected without sending a response.
23:12:24 ERROR sentencia_c-1098_2001: Agotados los reintentos para http://www.corteconstitucional.gov.co/relatoria/2001/C-1098-01.htm: RemoteProtocolError: Server disconnected without sending a response.
23:15:14 ERROR sentencia_c-1287_2001: Agotados los reintentos para http://www.corteconstitucional.gov.co/relatoria/2001/C-1287-01.htm: RemoteProtocolError: Server disconnected without sending a response.
23:18:02 ERROR sentencia_c-647_2001: Agotados los reintentos para http://www.corteconstitucional.gov.co/relatoria/2001/C-647-01.htm: RemoteProtocolError: Server disconnected without sending a response.
23:20:51 ERROR sentencia_c-711_2001: Agotados los reintentos para http://www.corteconstitucional.gov.co/relatoria/2001/C-711-01.htm: RemoteProtocolError: Server disconnected without sending a response.
23:23:40 ERROR sentencia_c-181_2002: Agotados los reintentos para http://www.corteconstitucional.gov.co/relatoria/2002/C-181-02.htm: RemoteProtocolError: Server disconnected without sending a response.
23:26:29 ERROR sentencia_c-247_2002: Agotados los reintentos para http://www.corteconstitucional.gov.co/relatoria/2002/C-247-02.htm: RemoteProtocolError: Server disconnected without sending a response.
23:29:19 ERROR sentencia_c-317_2002: Agotados los reintentos para http://www.corteconstitucional.gov.co/relatoria/2002/C-317-02.htm: RemoteProtocolError: Server disconnected without sending a response.
23:32:09 ERROR sentencia_c-374_2002: Agotados los reintentos para http://www.corteconstitucional.gov.co/relatoria/2002/C-374-02.htm: RemoteProtocolError: Server disconnected without sending a response.
23:34:59 ERROR sentencia_c-489_2002: Agotados los reintentos para http://www.corteconstitucional.gov.co/relatoria/2002/C-489-02.htm: RemoteProtocolError: Server disconnected without sending a response.
23:37:48 ERROR sentencia_c-802_2002: Agotados los reintentos para http://www.corteconstitucional.gov.co/relatoria/2002/C-802-02.htm: RemoteProtocolError: Server disconnected without sending a response.
23:40:37 ERROR sentencia_c-1034_2003: Agotados los reintentos para http://www.corteconstitucional.gov.co/relatoria/2003/C-1034-03.htm: RemoteProtocolError: Server disconnected without sending a response.
23:43:27 ERROR sentencia_c-127_2003: Agotados los reintentos para http://www.corteconstitucional.gov.co/relatoria/2003/C-127-03.htm: RemoteProtocolError: Server disconnected without sending a response.
23:46:17 ERROR sentencia_c-205_2003: Agotados los reintentos para http://www.corteconstitucional.gov.co/relatoria/2003/C-205-03.htm: RemoteProtocolError: Server disconnected without sending a response.
23:49:05 ERROR sentencia_c-254_2003: Agotados los reintentos para http://www.corteconstitucional.gov.co/relatoria/2003/C-254-03.htm: RemoteProtocolError: Server disconnected without sending a response.
23:51:54 ERROR sentencia_c-619_2003: Agotados los reintentos para http://www.corteconstitucional.gov.co/relatoria/2003/C-619-03.htm: RemoteProtocolError: Server disconnected without sending a response.
23:54:41 ERROR sentencia_c-799_2003: Agotados los reintentos para http://www.corteconstitucional.gov.co/relatoria/2003/C-799-03.htm: RemoteProtocolError: Server disconnected without sending a response.
23:57:30 ERROR sentencia_su-975_2003: Agotados los reintentos para http://www.corteconstitucional.gov.co/relatoria/2003/SU975-03.htm: RemoteProtocolError: Server disconnected without sending a response.
00:00:20 ERROR sentencia_c-14_2004: Agotados los reintentos para http://www.corteconstitucional.gov.co/relatoria/2004/C-014-04.htm: RemoteProtocolError: Server disconnected without sending a response.
00:03:10 ERROR sentencia_c-39_2004: Agotados los reintentos para http://www.corteconstitucional.gov.co/relatoria/2004/C-039-04.htm: RemoteProtocolError: Server disconnected without sending a response.
00:05:58 ERROR sentencia_c-131_2004: Agotados los reintentos para http://www.corteconstitucional.gov.co/relatoria/2004/C-131-04.htm: RemoteProtocolError: Server disconnected without sending a response.
00:08:48 ERROR sentencia_c-229_2004: Agotados los reintentos para http://www.corteconstitucional.gov.co/relatoria/2004/C-229-04.htm: RemoteProtocolError: Server disconnected without sending a response.
00:11:38 ERROR sentencia_c-507_2004-2: Agotados los reintentos para http://www.corteconstitucional.gov.co/relatoria/2004/C-507-04.htm: RemoteProtocolError: Server disconnected without sending a response.
00:14:26 ERROR sentencia_c-571_2004: Agotados los reintentos para http://www.corteconstitucional.gov.co/relatoria/2004/C-571-04.htm: RemoteProtocolError: Server disconnected without sending a response.
00:17:15 ERROR sentencia_c-179_2005: Agotados los reintentos para http://www.corteconstitucional.gov.co/relatoria/2005/C-179-05.htm: RemoteProtocolError: Server disconnected without sending a response.
00:20:04 ERROR sentencia_c-319_2006: Agotados los reintentos para http://www.corteconstitucional.gov.co/relatoria/2006/C-319-06.htm: RemoteProtocolError: Server disconnected without sending a response.
00:22:53 ERROR sentencia_c-154_2007: Agotados los reintentos para http://www.corteconstitucional.gov.co/relatoria/2007/C-154-07.htm: RemoteProtocolError: Server disconnected without sending a response.
00:25:41 ERROR sentencia_c-210_2007: Agotados los reintentos para http://www.corteconstitucional.gov.co/relatoria/2007/C-210-07.htm: RemoteProtocolError: Server disconnected without sending a response.
00:28:31 ERROR sentencia_su-891_2007: Agotados los reintentos para http://www.corteconstitucional.gov.co/relatoria/2007/SU891-07.htm: RemoteProtocolError: Server disconnected without sending a response.
00:31:20 ERROR sentencia_t-496_2008: Agotados los reintentos para http://www.corteconstitucional.gov.co/relatoria/2008/T-496-08.htm: RemoteProtocolError: Server disconnected without sending a response.
00:34:08 ERROR sentencia_c-70_2009: Agotados los reintentos para http://www.corteconstitucional.gov.co/relatoria/2009/C-070-09.htm: RemoteProtocolError: Server disconnected without sending a response.
00:36:58 ERROR sentencia_c-350_2009: Agotados los reintentos para http://www.corteconstitucional.gov.co/relatoria/2009/C-350-09.htm: RemoteProtocolError: Server disconnected without sending a response.
00:39:47 ERROR sentencia_c-417_2009: Agotados los reintentos para http://www.corteconstitucional.gov.co/relatoria/2009/C-417-09.htm: RemoteProtocolError: Server disconnected without sending a response.
00:42:36 ERROR sentencia_c-182_2010: Agotados los reintentos para http://www.corteconstitucional.gov.co/relatoria/2010/C-182-10.htm: RemoteProtocolError: Server disconnected without sending a response.
00:45:25 ERROR sentencia_c-936_2010: Agotados los reintentos para http://www.corteconstitucional.gov.co/relatoria/2010/C-936-10.htm: RemoteProtocolError: Server disconnected without sending a response.
00:48:14 ERROR sentencia_c-645_2011: Agotados los reintentos para http://www.corteconstitucional.gov.co/relatoria/2011/C-645-11.htm: RemoteProtocolError: Server disconnected without sending a response.
00:51:04 ERROR sentencia_c-52_2012: Agotados los reintentos para http://www.corteconstitucional.gov.co/relatoria/2012/C-052-12.htm: RemoteProtocolError: Server disconnected without sending a response.
00:53:54 ERROR sentencia_c-122_2012: Agotados los reintentos para http://www.corteconstitucional.gov.co/relatoria/2012/C-122-12.htm: RemoteProtocolError: Server disconnected without sending a response.
00:56:43 ERROR c_253a_12: Agotados los reintentos para http://www.corteconstitucional.gov.co/relatoria/2012/C-253A-12.htm: RemoteProtocolError: Server disconnected without sending a response.
00:59:32 ERROR sentencia_c-306_2012: Agotados los reintentos para http://www.corteconstitucional.gov.co/relatoria/2012/C-306-12.htm: RemoteProtocolError: Server disconnected without sending a response.
01:02:22 ERROR sentencia_c-315_2012: Agotados los reintentos para http://www.corteconstitucional.gov.co/relatoria/2012/C-315-12.htm: RemoteProtocolError: Server disconnected without sending a response.
01:05:12 ERROR sentencia_c-781_2012: Agotados los reintentos para http://www.corteconstitucional.gov.co/relatoria/2012/C-781-12.htm: RemoteProtocolError: Server disconnected without sending a response.
01:08:01 ERROR sentencia_c-889_2012: Agotados los reintentos para http://www.corteconstitucional.gov.co/relatoria/2012/C-889-12.htm: RemoteProtocolError: Server disconnected without sending a response.
01:10:49 ERROR sentencia_c-68_2013: Agotados los reintentos para http://www.corteconstitucional.gov.co/relatoria/2013/C-068-13.htm: RemoteProtocolError: Server disconnected without sending a response.
01:13:39 ERROR sentencia_a-248_2007: Agotados los reintentos para http://www.corteconstitucional.gov.co/relatoria/autos/2007/A248-07.htm: RemoteProtocolError: Server disconnected without sending a response.
01:16:30 ERROR sentencia_a-249_2007: Agotados los reintentos para http://www.corteconstitucional.gov.co/relatoria/autos/2007/A249-07.htm: RemoteProtocolError: Server disconnected without sending a response.
01:19:19 ERROR sentencia_a-250_2007: Agotados los reintentos para http://www.corteconstitucional.gov.co/relatoria/autos/2007/A250-07.htm: RemoteProtocolError: Server disconnected without sending a response.
01:22:09 ERROR sentencia_a-251_2007: Agotados los reintentos para http://www.corteconstitucional.gov.co/relatoria/autos/2007/A251-07.htm: RemoteProtocolError: Server disconnected without sending a response.
01:24:57 ERROR sentencia_a-92_2008: Agotados los reintentos para http://www.corteconstitucional.gov.co/relatoria/autos/2008/A092-08.htm: RemoteProtocolError: Server disconnected without sending a response.
01:27:47 ERROR sentencia_a-4_2009: Agotados los reintentos para http://www.corteconstitucional.gov.co/relatoria/autos/2009/A004-09.htm: RemoteProtocolError: Server disconnected without sending a response.
01:30:36 ERROR sentencia_a-5_2009: Agotados los reintentos para http://www.corteconstitucional.gov.co/relatoria/autos/2009/A005-09.htm: RemoteProtocolError: Server disconnected without sending a response.
01:33:26 ERROR sentencia_a-6_2009: Agotados los reintentos para http://www.corteconstitucional.gov.co/relatoria/autos/2009/A006-09.htm: RemoteProtocolError: Server disconnected without sending a response.
01:36:15 ERROR sentencia_a-8_2009: Agotados los reintentos para http://www.corteconstitucional.gov.co/relatoria/autos/2009/A008-09.htm: RemoteProtocolError: Server disconnected without sending a response.
01:39:03 ERROR sentencia_a-382_2010: Agotados los reintentos para http://www.corteconstitucional.gov.co/relatoria/autos/2010/A382-10.htm: RemoteProtocolError: Server disconnected without sending a response.
01:41:53 ERROR sentencia_a-383_2010: Agotados los reintentos para http://www.corteconstitucional.gov.co/relatoria/autos/2010/A383-10.htm: RemoteProtocolError: Server disconnected without sending a response.
01:44:42 ERROR sentencia_a-121_2011: Agotados los reintentos para http://www.corteconstitucional.gov.co/relatoria/autos/2011/A121-11.htm: RemoteProtocolError: Server disconnected without sending a response.
01:47:32 ERROR sentencia_a-219_2011: Agotados los reintentos para http://www.corteconstitucional.gov.co/relatoria/autos/2011/A219-11.htm: RemoteProtocolError: Server disconnected without sending a response.
01:50:21 ERROR sentencia_a-37_2012: Agotados los reintentos para http://www.corteconstitucional.gov.co/relatoria/autos/2012/A037-12.htm: RemoteProtocolError: Server disconnected without sending a response.
01:56:04 ERROR sentencia_c-1319_2000: Agotados los reintentos para http://www.corteconstitucional.gov.co/relatoria/2000/C-1319-00.htm: RemoteProtocolError: Server disconnected without sending a response.
01:58:52 ERROR sentencia_c-100_2005: Agotados los reintentos para http://www.corteconstitucional.gov.co/relatoria/2005/C-100-05.htm: RemoteProtocolError: Server disconnected without sending a response.
02:01:43 ERROR sentencia_c-823_2006: Agotados los reintentos para http://www.corteconstitucional.gov.co/relatoria/2006/C-823-06.htm: RemoteProtocolError: Server disconnected without sending a response.
02:04:41 ERROR norma-3: Agotados los reintentos para https://www.funcionpublica.gov.co/eva/gestornormativo/norma.php?i=5387: ConnectError: [SSL: CERTIFICATE_VERIFY_FAILED] certificate verify failed: unable to get local issuer certificate (_ssl.c:1010)
02:04:58 ERROR norma-4: Agotados los reintentos para https://www.funcionpublica.gov.co/eva/gestornormativo/norma.php?i=6388: ConnectError: [SSL: CERTIFICATE_VERIFY_FAILED] certificate verify failed: unable to get local issuer certificate (_ssl.c:1010)
02:08:34 ERROR sentencia_t-624_2005: Agotados los reintentos para http://corteconstitucional.gov.co/relatoria/2005/t-624-05.htm: RemoteProtocolError: Server disconnected without sending a response.
02:11:24 ERROR sentencia_t-372_2013: Agotados los reintentos para http://corteconstitucional.gov.co/relatoria/2013/T-372-13.htm: RemoteProtocolError: Server disconnected without sending a response.
02:14:14 ERROR sentencia_t-1096_2004: Agotados los reintentos para http://www.corteconstitucional.gov.co/relatoria/2004/t-1096-04.htm: RemoteProtocolError: Server disconnected without sending a response.
02:17:04 ERROR sentencia_c-798_2008: Agotados los reintentos para http://www.corteconstitucional.gov.co/relatoria/2008/C-798-08.htm: RemoteProtocolError: Server disconnected without sending a response.
02:19:54 ERROR sentencia_t-622_2010: Agotados los reintentos para http://www.corteconstitucional.gov.co/relatoria/2010/t-622-10.htm: RemoteProtocolError: Server disconnected without sending a response.
02:20:35 ERROR c_1043_2005: HTTP 404 en http://www.secretariasenado.gov.co/senado/basedoc/c-1043_2005.html
80 documento(s) con error: decreto_2153_1992-2, norma, ley_599_2000-3, ley_222_1995-2, norma-2, ley_248_1995_pd, sentencia_c-475_1997, sentencia_su-257_1997, sentencia_su-642_1998, sentencia_su-337_1999, sentencia_c-1110_2000, sentencia_c-1064_2001, sentencia_c-1098_2001, sentencia_c-1287_2001, sentencia_c-647_2001, sentencia_c-711_2001, sentencia_c-181_2002, sentencia_c-247_2002, sentencia_c-317_2002, sentencia_c-374_2002, sentencia_c-489_2002, sentencia_c-802_2002, sentencia_c-1034_2003, sentencia_c-127_2003, sentencia_c-205_2003, sentencia_c-254_2003, sentencia_c-619_2003, sentencia_c-799_2003, sentencia_su-975_2003, sentencia_c-14_2004, sentencia_c-39_2004, sentencia_c-131_2004, sentencia_c-229_2004, sentencia_c-507_2004-2, sentencia_c-571_2004, sentencia_c-179_2005, sentencia_c-319_2006, sentencia_c-154_2007, sentencia_c-210_2007, sentencia_su-891_2007, sentencia_t-496_2008, sentencia_c-70_2009, sentencia_c-350_2009, sentencia_c-417_2009, sentencia_c-182_2010, sentencia_c-936_2010, sentencia_c-645_2011, sentencia_c-52_2012, sentencia_c-122_2012, c_253a_12, sentencia_c-306_2012, sentencia_c-315_2012, sentencia_c-781_2012, sentencia_c-889_2012, sentencia_c-68_2013, sentencia_a-248_2007, sentencia_a-249_2007, sentencia_a-250_2007, sentencia_a-251_2007, sentencia_a-92_2008, sentencia_a-4_2009, sentencia_a-5_2009, sentencia_a-6_2009, sentencia_a-8_2009, sentencia_a-382_2010, sentencia_a-383_2010, sentencia_a-121_2011, sentencia_a-219_2011, sentencia_a-37_2012, sentencia_c-1319_2000, sentencia_c-100_2005, sentencia_c-823_2006, norma-3, norma-4, sentencia_t-624_2005, sentencia_t-372_2013, sentencia_t-1096_2004, sentencia_c-798_2008, sentencia_t-622_2010, c_1043_2005
02:36:49 ERROR decreto_2153_1992-3: HTTP 404 en http://www.secretariasenado.gov.co/senado/basedoc/decreto/1992/decreto_2153_1992.html
02:38:56 ERROR norma-5: Agotados los reintentos para https://www.funcionpublica.gov.co/eva/gestornormativo/norma.php?i=41249: ConnectError: [SSL: CERTIFICATE_VERIFY_FAILED] certificate verify failed: unable to get local issuer certificate (_ssl.c:1010)
02:39:27 ERROR ley_599_2000-5: HTTP 404 en http://www.secretariasenado.gov.co/senado/basedoc/ley/2000/ley_0599_2000.html
02:48:53 ERROR ley_222_1995-3: HTTP 404 en http://www.secretariasenado.gov.co/senado/basedoc/ley/1995/ley_0222_1995.html
02:50:34 ERROR norma-6: Agotados los reintentos para https://www.funcionpublica.gov.co/eva/gestornormativo/norma.php?i=329: ConnectError: [SSL: CERTIFICATE_VERIFY_FAILED] certificate verify failed: unable to get local issuer certificate (_ssl.c:1010)
02:50:53 ERROR ley_248_1995_pd-2: HTTP 404 en https://www.defensoria.gov.co/public/Normograma%202013_html/Normas/Ley_248_1995.pd
02:54:20 ERROR sentencia_c-475_1997-2: Agotados los reintentos para http://www.corteconstitucional.gov.co/relatoria/1997/C-475-97.htm: RemoteProtocolError: Server disconnected without sending a response.
02:57:09 ERROR sentencia_su-257_1997-2: Agotados los reintentos para http://www.corteconstitucional.gov.co/relatoria/1997/SU257-97.htm: RemoteProtocolError: Server disconnected without sending a response.
02:59:58 ERROR sentencia_su-642_1998-2: Agotados los reintentos para http://www.corteconstitucional.gov.co/relatoria/1998/SU642-98.htm: RemoteProtocolError: Server disconnected without sending a response.
03:02:47 ERROR sentencia_su-337_1999-2: Agotados los reintentos para http://www.corteconstitucional.gov.co/relatoria/1999/SU337-99.htm: RemoteProtocolError: Server disconnected without sending a response.
03:05:36 ERROR sentencia_c-1110_2000-2: Agotados los reintentos para http://www.corteconstitucional.gov.co/relatoria/2000/C-1110-00.htm: RemoteProtocolError: Server disconnected without sending a response.
03:08:24 ERROR sentencia_c-1064_2001-2: Agotados los reintentos para http://www.corteconstitucional.gov.co/relatoria/2001/C-1064-01.htm: RemoteProtocolError: Server disconnected without sending a response.
03:11:13 ERROR sentencia_c-1098_2001-2: Agotados los reintentos para http://www.corteconstitucional.gov.co/relatoria/2001/C-1098-01.htm: RemoteProtocolError: Server disconnected without sending a response.
03:14:03 ERROR sentencia_c-1287_2001-2: Agotados los reintentos para http://www.corteconstitucional.gov.co/relatoria/2001/C-1287-01.htm: RemoteProtocolError: Server disconnected without sending a response.
03:16:53 ERROR sentencia_c-647_2001-2: Agotados los reintentos para http://www.corteconstitucional.gov.co/relatoria/2001/C-647-01.htm: RemoteProtocolError: Server disconnected without sending a response.
03:19:42 ERROR sentencia_c-711_2001-2: Agotados los reintentos para http://www.corteconstitucional.gov.co/relatoria/2001/C-711-01.htm: RemoteProtocolError: Server disconnected without sending a response.
03:22:30 ERROR sentencia_c-181_2002-2: Agotados los reintentos para http://www.corteconstitucional.gov.co/relatoria/2002/C-181-02.htm: RemoteProtocolError: Server disconnected without sending a response.
03:25:18 ERROR sentencia_c-247_2002-2: Agotados los reintentos para http://www.corteconstitucional.gov.co/relatoria/2002/C-247-02.htm: RemoteProtocolError: Server disconnected without sending a response.
03:28:07 ERROR sentencia_c-317_2002-2: Agotados los reintentos para http://www.corteconstitucional.gov.co/relatoria/2002/C-317-02.htm: RemoteProtocolError: Server disconnected without sending a response.
03:30:57 ERROR sentencia_c-374_2002-2: Agotados los reintentos para http://www.corteconstitucional.gov.co/relatoria/2002/C-374-02.htm: RemoteProtocolError: Server disconnected without sending a response.
03:33:47 ERROR sentencia_c-489_2002-2: Agotados los reintentos para http://www.corteconstitucional.gov.co/relatoria/2002/C-489-02.htm: RemoteProtocolError: Server disconnected without sending a response.
03:36:36 ERROR sentencia_c-802_2002-2: Agotados los reintentos para http://www.corteconstitucional.gov.co/relatoria/2002/C-802-02.htm: RemoteProtocolError: Server disconnected without sending a response.
03:39:25 ERROR sentencia_c-1034_2003-2: Agotados los reintentos para http://www.corteconstitucional.gov.co/relatoria/2003/C-1034-03.htm: RemoteProtocolError: Server disconnected without sending a response.
03:42:14 ERROR sentencia_c-127_2003-2: Agotados los reintentos para http://www.corteconstitucional.gov.co/relatoria/2003/C-127-03.htm: RemoteProtocolError: Server disconnected without sending a response.
03:45:03 ERROR sentencia_c-205_2003-2: Agotados los reintentos para http://www.corteconstitucional.gov.co/relatoria/2003/C-205-03.htm: RemoteProtocolError: Server disconnected without sending a response.
03:47:52 ERROR sentencia_c-254_2003-2: Agotados los reintentos para http://www.corteconstitucional.gov.co/relatoria/2003/C-254-03.htm: RemoteProtocolError: Server disconnected without sending a response.
03:50:42 ERROR sentencia_c-619_2003-2: Agotados los reintentos para http://www.corteconstitucional.gov.co/relatoria/2003/C-619-03.htm: RemoteProtocolError: Server disconnected without sending a response.
03:53:31 ERROR sentencia_c-799_2003-2: Agotados los reintentos para http://www.corteconstitucional.gov.co/relatoria/2003/C-799-03.htm: RemoteProtocolError: Server disconnected without sending a response.
03:56:20 ERROR sentencia_su-975_2003-2: Agotados los reintentos para http://www.corteconstitucional.gov.co/relatoria/2003/SU975-03.htm: RemoteProtocolError: Server disconnected without sending a response.
03:59:10 ERROR sentencia_c-14_2004-2: Agotados los reintentos para http://www.corteconstitucional.gov.co/relatoria/2004/C-014-04.htm: RemoteProtocolError: Server disconnected without sending a response.
04:01:59 ERROR sentencia_c-39_2004-2: Agotados los reintentos para http://www.corteconstitucional.gov.co/relatoria/2004/C-039-04.htm: RemoteProtocolError: Server disconnected without sending a response.
04:04:48 ERROR sentencia_c-131_2004-2: Agotados los reintentos para http://www.corteconstitucional.gov.co/relatoria/2004/C-131-04.htm: RemoteProtocolError: Server disconnected without sending a response.
04:07:37 ERROR sentencia_c-229_2004-2: Agotados los reintentos para http://www.corteconstitucional.gov.co/relatoria/2004/C-229-04.htm: RemoteProtocolError: Server disconnected without sending a response.
04:10:27 ERROR sentencia_c-507_2004-3: Agotados los reintentos para http://www.corteconstitucional.gov.co/relatoria/2004/C-507-04.htm: RemoteProtocolError: Server disconnected without sending a response.
04:13:15 ERROR sentencia_c-571_2004-2: Agotados los reintentos para http://www.corteconstitucional.gov.co/relatoria/2004/C-571-04.htm: RemoteProtocolError: Server disconnected without sending a response.
04:16:04 ERROR sentencia_c-179_2005-2: Agotados los reintentos para http://www.corteconstitucional.gov.co/relatoria/2005/C-179-05.htm: RemoteProtocolError: Server disconnected without sending a response.
04:18:53 ERROR sentencia_c-319_2006-2: Agotados los reintentos para http://www.corteconstitucional.gov.co/relatoria/2006/C-319-06.htm: RemoteProtocolError: Server disconnected without sending a response.
04:21:42 ERROR sentencia_c-154_2007-2: Agotados los reintentos para http://www.corteconstitucional.gov.co/relatoria/2007/C-154-07.htm: RemoteProtocolError: Server disconnected without sending a response.
04:24:30 ERROR sentencia_c-210_2007-2: Agotados los reintentos para http://www.corteconstitucional.gov.co/relatoria/2007/C-210-07.htm: RemoteProtocolError: Server disconnected without sending a response.
04:27:20 ERROR sentencia_su-891_2007-2: Agotados los reintentos para http://www.corteconstitucional.gov.co/relatoria/2007/SU891-07.htm: RemoteProtocolError: Server disconnected without sending a response.
04:30:10 ERROR sentencia_t-496_2008-2: Agotados los reintentos para http://www.corteconstitucional.gov.co/relatoria/2008/T-496-08.htm: RemoteProtocolError: Server disconnected without sending a response.
04:32:59 ERROR sentencia_c-70_2009-2: Agotados los reintentos para http://www.corteconstitucional.gov.co/relatoria/2009/C-070-09.htm: RemoteProtocolError: Server disconnected without sending a response.
04:35:48 ERROR sentencia_c-350_2009-2: Agotados los reintentos para http://www.corteconstitucional.gov.co/relatoria/2009/C-350-09.htm: RemoteProtocolError: Server disconnected without sending a response.
04:38:37 ERROR sentencia_c-417_2009-2: Agotados los reintentos para http://www.corteconstitucional.gov.co/relatoria/2009/C-417-09.htm: RemoteProtocolError: Server disconnected without sending a response.
04:41:26 ERROR sentencia_c-182_2010-2: Agotados los reintentos para http://www.corteconstitucional.gov.co/relatoria/2010/C-182-10.htm: RemoteProtocolError: Server disconnected without sending a response.
04:44:14 ERROR sentencia_c-936_2010-2: Agotados los reintentos para http://www.corteconstitucional.gov.co/relatoria/2010/C-936-10.htm: RemoteProtocolError: Server disconnected without sending a response.
04:47:03 ERROR sentencia_c-645_2011-2: Agotados los reintentos para http://www.corteconstitucional.gov.co/relatoria/2011/C-645-11.htm: RemoteProtocolError: Server disconnected without sending a response.
04:49:52 ERROR sentencia_c-52_2012-2: Agotados los reintentos para http://www.corteconstitucional.gov.co/relatoria/2012/C-052-12.htm: RemoteProtocolError: Server disconnected without sending a response.
04:52:41 ERROR sentencia_c-122_2012-2: Agotados los reintentos para http://www.corteconstitucional.gov.co/relatoria/2012/C-122-12.htm: RemoteProtocolError: Server disconnected without sending a response.
04:55:30 ERROR c_253a_12-2: Agotados los reintentos para http://www.corteconstitucional.gov.co/relatoria/2012/C-253A-12.htm: RemoteProtocolError: Server disconnected without sending a response.
04:58:19 ERROR sentencia_c-306_2012-2: Agotados los reintentos para http://www.corteconstitucional.gov.co/relatoria/2012/C-306-12.htm: RemoteProtocolError: Server disconnected without sending a response.
05:01:09 ERROR sentencia_c-315_2012-2: Agotados los reintentos para http://www.corteconstitucional.gov.co/relatoria/2012/C-315-12.htm: RemoteProtocolError: Server disconnected without sending a response.
05:03:58 ERROR sentencia_c-781_2012-2: Agotados los reintentos para http://www.corteconstitucional.gov.co/relatoria/2012/C-781-12.htm: RemoteProtocolError: Server disconnected without sending a response.
05:06:47 ERROR sentencia_c-889_2012-2: Agotados los reintentos para http://www.corteconstitucional.gov.co/relatoria/2012/C-889-12.htm: RemoteProtocolError: Server disconnected without sending a response.
05:09:37 ERROR sentencia_c-68_2013-2: Agotados los reintentos para http://www.corteconstitucional.gov.co/relatoria/2013/C-068-13.htm: RemoteProtocolError: Server disconnected without sending a response.
05:12:26 ERROR sentencia_a-248_2007-2: Agotados los reintentos para http://www.corteconstitucional.gov.co/relatoria/autos/2007/A248-07.htm: RemoteProtocolError: Server disconnected without sending a response.
05:15:15 ERROR sentencia_a-249_2007-2: Agotados los reintentos para http://www.corteconstitucional.gov.co/relatoria/autos/2007/A249-07.htm: RemoteProtocolError: Server disconnected without sending a response.
05:18:04 ERROR sentencia_a-250_2007-2: Agotados los reintentos para http://www.corteconstitucional.gov.co/relatoria/autos/2007/A250-07.htm: RemoteProtocolError: Server disconnected without sending a response.
05:20:53 ERROR sentencia_a-251_2007-2: Agotados los reintentos para http://www.corteconstitucional.gov.co/relatoria/autos/2007/A251-07.htm: RemoteProtocolError: Server disconnected without sending a response.
05:23:42 ERROR sentencia_a-92_2008-2: Agotados los reintentos para http://www.corteconstitucional.gov.co/relatoria/autos/2008/A092-08.htm: RemoteProtocolError: Server disconnected without sending a response.
05:26:31 ERROR sentencia_a-4_2009-2: Agotados los reintentos para http://www.corteconstitucional.gov.co/relatoria/autos/2009/A004-09.htm: RemoteProtocolError: Server disconnected without sending a response.
05:29:21 ERROR sentencia_a-5_2009-2: Agotados los reintentos para http://www.corteconstitucional.gov.co/relatoria/autos/2009/A005-09.htm: RemoteProtocolError: Server disconnected without sending a response.
05:32:11 ERROR sentencia_a-6_2009-2: Agotados los reintentos para http://www.corteconstitucional.gov.co/relatoria/autos/2009/A006-09.htm: RemoteProtocolError: Server disconnected without sending a response.
05:34:59 ERROR sentencia_a-8_2009-2: Agotados los reintentos para http://www.corteconstitucional.gov.co/relatoria/autos/2009/A008-09.htm: RemoteProtocolError: Server disconnected without sending a response.
05:37:49 ERROR sentencia_a-382_2010-2: Agotados los reintentos para http://www.corteconstitucional.gov.co/relatoria/autos/2010/A382-10.htm: RemoteProtocolError: Server disconnected without sending a response.
05:40:37 ERROR sentencia_a-383_2010-2: Agotados los reintentos para http://www.corteconstitucional.gov.co/relatoria/autos/2010/A383-10.htm: RemoteProtocolError: Server disconnected without sending a response.
05:43:27 ERROR sentencia_a-121_2011-2: Agotados los reintentos para http://www.corteconstitucional.gov.co/relatoria/autos/2011/A121-11.htm: RemoteProtocolError: Server disconnected without sending a response.
05:46:15 ERROR sentencia_a-219_2011-2: Agotados los reintentos para http://www.corteconstitucional.gov.co/relatoria/autos/2011/A219-11.htm: RemoteProtocolError: Server disconnected without sending a response.
05:49:04 ERROR sentencia_a-37_2012-2: Agotados los reintentos para http://www.corteconstitucional.gov.co/relatoria/autos/2012/A037-12.htm: RemoteProtocolError: Server disconnected without sending a response.
05:54:47 ERROR sentencia_c-1319_2000-2: Agotados los reintentos para http://www.corteconstitucional.gov.co/relatoria/2000/C-1319-00.htm: RemoteProtocolError: Server disconnected without sending a response.
05:57:36 ERROR sentencia_c-100_2005-2: Agotados los reintentos para http://www.corteconstitucional.gov.co/relatoria/2005/C-100-05.htm: RemoteProtocolError: Server disconnected without sending a response.
06:00:26 ERROR sentencia_c-823_2006-2: Agotados los reintentos para http://www.corteconstitucional.gov.co/relatoria/2006/C-823-06.htm: RemoteProtocolError: Server disconnected without sending a response.
06:03:23 ERROR norma-7: Agotados los reintentos para https://www.funcionpublica.gov.co/eva/gestornormativo/norma.php?i=5387: ConnectError: [SSL: CERTIFICATE_VERIFY_FAILED] certificate verify failed: unable to get local issuer certificate (_ssl.c:1010)
06:03:40 ERROR norma-8: Agotados los reintentos para https://www.funcionpublica.gov.co/eva/gestornormativo/norma.php?i=6388: ConnectError: [SSL: CERTIFICATE_VERIFY_FAILED] certificate verify failed: unable to get local issuer certificate (_ssl.c:1010)
06:07:18 ERROR sentencia_t-624_2005-2: Agotados los reintentos para http://corteconstitucional.gov.co/relatoria/2005/t-624-05.htm: RemoteProtocolError: Server disconnected without sending a response.
06:10:07 ERROR sentencia_t-372_2013-2: Agotados los reintentos para http://corteconstitucional.gov.co/relatoria/2013/T-372-13.htm: RemoteProtocolError: Server disconnected without sending a response.
06:12:56 ERROR sentencia_t-1096_2004-2: Agotados los reintentos para http://www.corteconstitucional.gov.co/relatoria/2004/t-1096-04.htm: RemoteProtocolError: Server disconnected without sending a response.
06:15:46 ERROR sentencia_c-798_2008-2: Agotados los reintentos para http://www.corteconstitucional.gov.co/relatoria/2008/C-798-08.htm: RemoteProtocolError: Server disconnected without sending a response.
06:18:34 ERROR sentencia_t-622_2010-2: Agotados los reintentos para http://www.corteconstitucional.gov.co/relatoria/2010/t-622-10.htm: RemoteProtocolError: Server disconnected without sending a response.
06:19:15 ERROR c_1043_2005-2: HTTP 404 en http://www.secretariasenado.gov.co/senado/basedoc/c-1043_2005.html
80 documento(s) con error: decreto_2153_1992-3, norma-5, ley_599_2000-5, ley_222_1995-3, norma-6, ley_248_1995_pd-2, sentencia_c-475_1997-2, sentencia_su-257_1997-2, sentencia_su-642_1998-2, sentencia_su-337_1999-2, sentencia_c-1110_2000-2, sentencia_c-1064_2001-2, sentencia_c-1098_2001-2, sentencia_c-1287_2001-2, sentencia_c-647_2001-2, sentencia_c-711_2001-2, sentencia_c-181_2002-2, sentencia_c-247_2002-2, sentencia_c-317_2002-2, sentencia_c-374_2002-2, sentencia_c-489_2002-2, sentencia_c-802_2002-2, sentencia_c-1034_2003-2, sentencia_c-127_2003-2, sentencia_c-205_2003-2, sentencia_c-254_2003-2, sentencia_c-619_2003-2, sentencia_c-799_2003-2, sentencia_su-975_2003-2, sentencia_c-14_2004-2, sentencia_c-39_2004-2, sentencia_c-131_2004-2, sentencia_c-229_2004-2, sentencia_c-507_2004-3, sentencia_c-571_2004-2, sentencia_c-179_2005-2, sentencia_c-319_2006-2, sentencia_c-154_2007-2, sentencia_c-210_2007-2, sentencia_su-891_2007-2, sentencia_t-496_2008-2, sentencia_c-70_2009-2, sentencia_c-350_2009-2, sentencia_c-417_2009-2, sentencia_c-182_2010-2, sentencia_c-936_2010-2, sentencia_c-645_2011-2, sentencia_c-52_2012-2, sentencia_c-122_2012-2, c_253a_12-2, sentencia_c-306_2012-2, sentencia_c-315_2012-2, sentencia_c-781_2012-2, sentencia_c-889_2012-2, sentencia_c-68_2013-2, sentencia_a-248_2007-2, sentencia_a-249_2007-2, sentencia_a-250_2007-2, sentencia_a-251_2007-2, sentencia_a-92_2008-2, sentencia_a-4_2009-2, sentencia_a-5_2009-2, sentencia_a-6_2009-2, sentencia_a-8_2009-2, sentencia_a-382_2010-2, sentencia_a-383_2010-2, sentencia_a-121_2011-2, sentencia_a-219_2011-2, sentencia_a-37_2012-2, sentencia_c-1319_2000-2, sentencia_c-100_2005-2, sentencia_c-823_2006-2, norma-7, norma-8, sentencia_t-624_2005-2, sentencia_t-372_2013-2, sentencia_t-1096_2004-2, sentencia_c-798_2008-2, sentencia_t-622_2010-2, c_1043_2005-2
06:29:14 ERROR doc: HTTP 404 en http://www.secretariasenado.gov.co/senado/basedoc/[
06:36:01 ERROR 103: HTTP 404 en http://www.secretariasenado.gov.co/senado/basedoc/103
06:45:14 ERROR 76: HTTP 404 en http://www.secretariasenado.gov.co/senado/basedoc/76
06:46:58 ERROR c_489_2012: HTTP 404 en http://www.secretariasenado.gov.co/senado/basedoc/c-489_2012.html
4 documento(s) con error: doc, 103, 76, c_489_2012
06:56:35 ERROR doc-2: HTTP 404 en http://www.secretariasenado.gov.co/senado/basedoc/[
07:03:23 ERROR 103-2: HTTP 404 en http://www.secretariasenado.gov.co/senado/basedoc/103
07:12:36 ERROR 76-2: HTTP 404 en http://www.secretariasenado.gov.co/senado/basedoc/76
07:14:20 ERROR c_489_2012-2: HTTP 404 en http://www.secretariasenado.gov.co/senado/basedoc/c-489_2012.html
4 documento(s) con error: doc-2, 103-2, 76-2, c_489_2012-2
07:22:57 ERROR decreto_1273_2020: HTTP 404 en https://normograma.dian.gov.co/dian/compilacion/docs/decreto_1273_2020.htm
07:24:51 ERROR c_750_2008: HTTP 404 en http://www.secretariasenado.gov.co/senado/basedoc/c-750_2008.html
07:26:13 ERROR doc-3: HTTP 404 en https://normograma.dian.gov.co/dian/compilacion/docs/[
3 documento(s) con error: decreto_1273_2020, c_750_2008, doc-3
07:34:09 ERROR decreto_1273_2020-2: HTTP 404 en https://normograma.dian.gov.co/dian/compilacion/docs/decreto_1273_2020.htm
07:36:03 ERROR c_750_2008-2: HTTP 404 en http://www.secretariasenado.gov.co/senado/basedoc/c-750_2008.html
07:37:25 ERROR doc-4: HTTP 404 en https://normograma.dian.gov.co/dian/compilacion/docs/[
3 documento(s) con error: decreto_1273_2020-2, c_750_2008-2, doc-4
07:44:24 ERROR c_750_2008-3: HTTP 404 en https://normograma.dian.gov.co/dian/compilacion/docs/c-750_2008.htm
07:46:14 ERROR decision_comisioncandina_dec885: HTTP 404 en https://normograma.dian.gov.co/dian/compilacion/docs/decision_comisioncandina_dec885.htm
2 documento(s) con error: c_750_2008-3, decision_comisioncandina_dec885
07:54:20 ERROR c_750_2008-4: HTTP 404 en https://normograma.dian.gov.co/dian/compilacion/docs/c-750_2008.htm
07:56:10 ERROR decision_comisioncandina_dec885-2: HTTP 404 en https://normograma.dian.gov.co/dian/compilacion/docs/decision_comisioncandina_dec885.htm
2 documento(s) con error: c_750_2008-4, decision_comisioncandina_dec885-2
